<html>
<body>
<pre>
<h1>µVision Build Log</h1>
<h2>Tool Versions:</h2>
IDE-Version: ¦ÌVision V5.23.0.0
Copyright (C) 2017 ARM Ltd and ARM Germany GmbH. All rights reserved.
License Information: huashan Microsoft, Microsoft, LIC=1WSEV-P11YE-348ST-RJ56K-LK2DU-G2B4C
 
Tool Versions:
Toolchain:       MDK-ARM Professional  Version: 5.23
Toolchain Path:  C:\Keil_v5\ARM\ARMCC\Bin
C Compiler:      Armcc.exe V5.06 update 4 (build 422)
Assembler:       Armasm.exe V5.06 update 4 (build 422)
Linker/Locator:  ArmLink.exe V5.06 update 4 (build 422)
Library Manager: ArmAr.exe V5.06 update 4 (build 422)
Hex Converter:   FromElf.exe V5.06 update 4 (build 422)
CPU DLL:         SARMCM3.DLL V5.23
Dialog DLL:      DARMCM1.DLL V1.17.0.0
Target DLL:      Segger\JL2CM3.dll V2.99.23.0
Dialog DLL:      TARMCM1.DLL V1.12.0.0
 
<h2>Project:</h2>
E:\project\py1903\KEA128_DSP_BOOT\Keil_Pro\KEA128.uvprojx
Project File Date:  07/01/2019

<h2>Output:</h2>
*** Using Compiler 'V5.06 update 4 (build 422)', folder: 'C:\Keil_v5\ARM\ARMCC\Bin'
Rebuild target 'KEA128'
compiling bsp.c...
compiling interrupt.c...
compiling main.c...
compiling system.c...
compiling task.c...
..\Source\App\task.c(95): warning:  #177-D: variable "i"  was declared but never referenced
  		SCH_U16 i;
..\Source\App\task.c: 1 warning, 0 errors
compiling app_mute.c...
compiling mw_uart.c...
compiling app_arm.c...
..\Source\App\app_arm.c(517): warning:  #177-D: variable "i"  was declared but never referenced
  								u16 i;
..\Source\App\app_arm.c(378): warning:  #177-D: variable "i"  was declared but never referenced
  	SCH_U8 RxLength,i;
..\Source\App\app_arm.c: 2 warnings, 0 errors
compiling app_power.c...
compiling app_can.c...
compiling mw_gpio.c...
compiling app_audio.c...
compiling mw_can.c...
compiling app_mmi.c...
compiling mw_i2c.c...
compiling mw_adc.c...
compiling app_voltage.c...
compiling app_panel.c...
compiling app_main.c...
compiling app_radio.c...
compiling app_autotest.c...
compiling app_updata.c...
compiling mw_flash.c...
compiling mw_rtc.c...
compiling app_tdf8541.c...
compiling mw_time.c...
compiling Audio_Func.c...
compiling Audio_Proc.c...
compiling Hero_Audio_Drv.c...
compiling Tuner_Proc.c...
compiling Hero_Init.c...
compiling app_audio_tef663X.c...
compiling Radio_Func.c...
compiling Hero_Radio_Drv.c...
compiling app_radio_tef663X.c...
..\Source\App\app_radio_tef663X.c(86): warning:  #177-D: variable "IFC_Avaiable_time"  was declared but never referenced
  	SCH_U8 result, IFC_Register, IFC_Avaiable_time, IFC_Value,IFC_CN;
..\Source\App\app_radio_tef663X.c(86): warning:  #177-D: variable "IFC_CN"  was declared but never referenced
  	SCH_U8 result, IFC_Register, IFC_Avaiable_time, IFC_Value,IFC_CN;
..\Source\App\app_radio_tef663X.c(165): warning:  #513-D: a value of type "void (*)(void)" cannot be assigned to an entity of type "SCH_U8 (*)(void)"
  	App_Radio.pGetStereoIndicator=NXP663X_Get_Stereo_Indicator;
..\Source\App\app_radio_tef663X.c: 3 warnings, 0 errors
compiling app_ccfl.c...
compiling app_lowpower.c...
compiling arm_cm0.c...
compiling systick.c...
compiling wdog.c...
compiling rtc.c...
compiling uart.c...
compiling pit.c...
compiling mscan.c...
compiling adc.c...
compiling gpio.c...
compiling ftm.c...
compiling flash.c...
compiling sysinit.c...
compiling ics.c...
compiling sim.c...
compiling pmc.c...
compiling sch_queue.c...
compiling sch_common.c...
compiling sch_message.c...
compiling sch_printf.c...
compiling Tw8836.c...
compiling SPI.c...
..\Source\TW8836\SPI.c(622): warning:  #767-D: conversion from pointer to smaller integer
  	xaddr = (
ORD)ptr;
..\Source\TW8836\SPI.c: 1 warning, 0 errors
compiling Settings.c...
compiling OSD_Trace_Display.c...
compiling PanelData.c...
compiling OSDFont.c...
compiling UI_Function.c...
compiling OSDSPI.c...
assembling startup_SKEAZ1284.s...
compiling system_SKEAZ1284.c...
linking...
Program Size: Code=7264 RO-data=268 RW-data=252 ZI-data=3676  
FromELF: creating hex file...
After Build - User command #1: fromelf.exe --bin --output ./BIN/kea128.bin ./Output/*.axf
".\Output\KEA128.axf" - 0 Error(s), 7 Warning(s).

<h2>Software Packages used:</h2>

Package Vendor: ARM
                http://www.keil.com/pack/ARM.CMSIS.5.5.1.pack
                ARM::CMSIS:CORE:5.2.0
                CMSIS (Cortex Microcontroller Software Interface Standard)
   * Component: CORE Version: 5.2.0

Package Vendor: Keil
                http://www.keil.com/pack/Keil.Kinetis_KEAxx_DFP.1.3.0.pack
                Keil::Device:Startup:1.0.0
                NXP Kinetis KEAxx Series Device Support and Examples
   * Component: Startup Version: 1.0.0

<h2>Collection of Component include folders:</h2>
  .\RTE\_KEA128
  C:\Keil_v5\ARM\PACK\ARM\CMSIS\5.5.1\CMSIS\Core\Include
  C:\Keil_v5\ARM\PACK\Keil\Kinetis_KEAxx_DFP\1.3.0\Device\Include

<h2>Collection of Component Files used:</h2>

   * Component: ARM::CMSIS:CORE:5.2.0

   * Component: Keil::Device:Startup:1.0.0
      Source file:   Device\Source\ARM\startup_SKEAZ1284.s
      Source file:   Device\Source\system_SKEAZ1284.c
Build Time Elapsed:  00:02:48
</pre>
</body>
</html>
