Component: ARM Compiler 5.06 update 4 (build 422) Tool: armlink [4d35d2]

==============================================================================

Section Cross References

    main.o(i.SET_Uart_Choose_BT) refers to flash.o(i.FLASH_EraseSector) for FLASH_EraseSector
    main.o(i.Set_Uart_Choose_PC) refers to flash.o(i.FLASH_EraseSector) for FLASH_EraseSector
    main.o(i.Set_Uart_Choose_PC) refers to flash.o(i.FLASH_Program1LongWord) for FLASH_Program1LongWord
    main.o(i.Set_Uart_Choose_PC1) refers to flash.o(i.FLASH_EraseSector) for FLASH_EraseSector
    main.o(i.Set_Uart_Choose_PC1) refers to flash.o(i.FLASH_Program1LongWord) for FLASH_Program1LongWord
    main.o(i.SysHardware_Init) refers to bsp.o(i.Bsp_Clock_Init) for Bsp_Clock_Init
    main.o(i.SysHardware_Init) refers to bsp.o(i.Bsp_SysTick_Init) for Bsp_SysTick_Init
    main.o(i.SysHardware_Init) refers to bsp.o(i.Bsp_GPIO_Init) for Bsp_GPIO_Init
    main.o(i.SysHardware_Init) refers to bsp.o(i.Bsp_RTC_Init) for Bsp_RTC_Init
    main.o(i.SysHardware_Init) refers to bsp.o(i.Bsp_TIM_Init) for Bsp_TIM_Init
    main.o(i.SysHardware_Init) refers to bsp.o(i.Bsp_UART_Init) for Bsp_UART_Init
    main.o(i.SysHardware_Init) refers to bsp.o(i.Bsp_CAN_Init) for Bsp_CAN_Init
    main.o(i.SysHardware_Init) refers to bsp.o(i.Bsp_ADC_Init) for Bsp_ADC_Init
    main.o(i.SysHardware_Init) refers to bsp.o(i.Bsp_I2C_Init) for Bsp_I2C_Init
    main.o(i.SysHardware_Init) refers to bsp.o(i.Bsp_FLASH_Init) for Bsp_FLASH_Init
    main.o(i.SysSoftware_Init) refers to system.o(i.SysDataInit) for SysDataInit
    main.o(i.SysSoftware_Init) refers to app_ccfl.o(i.CcflInit) for CcflInit
    main.o(i.SysSoftware_Init) refers to app_panel.o(i.PanelInit) for PanelInit
    main.o(i.SysSoftware_Init) refers to mw_rtc.o(i.RTCInit) for RTCInit
    main.o(i.main) refers to app_updata.o(i.Is_IapMode) for Is_IapMode
    main.o(i.main) refers to app_updata.o(i.BootloaderJumpToApp) for BootloaderJumpToApp
    main.o(i.main) refers to app_updata.o(i.Is_ResetMode) for Is_ResetMode
    main.o(i.main) refers to system_skeaz1284.o(i.SystemInit_A) for SystemInit_A
    main.o(i.main) refers to bsp.o(i.Bsp_Clock_Init) for Bsp_Clock_Init
    main.o(i.main) refers to bsp.o(i.Bsp_SysTick_Init) for Bsp_SysTick_Init
    main.o(i.main) refers to bsp.o(i.Bsp_WDOG_Init) for Bsp_WDOG_Init
    main.o(i.main) refers to gpio.o(i.GPIO_PinInit) for GPIO_PinInit
    main.o(i.main) refers to mw_gpio.o(i.SYS_Power_Ctl) for SYS_Power_Ctl
    main.o(i.main) refers to gpio.o(i.GPIO_PinSet) for GPIO_PinSet
    main.o(i.main) refers to sch_common.o(i.SysWaitMs) for SysWaitMs
    main.o(i.main) refers to bsp.o(i.Bsp_FLASH_Init) for Bsp_FLASH_Init
    main.o(i.main) refers to app_updata.o(i.In_ResetMode) for In_ResetMode
    main.o(i.main) refers to main.o(i.Is_Uart_Choose_PC) for Is_Uart_Choose_PC
    main.o(i.main) refers to main.o(i.Is_Uart_Choose_PC1) for Is_Uart_Choose_PC1
    main.o(i.main) refers to app_updata.o(i.Updata_Init) for Updata_Init
    main.o(i.main) refers to bsp.o(i.Bsp_UART_Init) for Bsp_UART_Init
    main.o(i.main) refers to bsp.o(i.Bsp_Relocation_Int) for Bsp_Relocation_Int
    main.o(i.main) refers to bsp.o(i.FeedDog) for FeedDog
    main.o(i.main) refers to app_updata.o(i.MCU_Updata_pro) for MCU_Updata_pro
    main.o(i.main) refers to task.o(i.SCH_Task_Execute) for SCH_Task_Execute
    main.o(i.main) refers to app_arm.o(i.ArmDataRxPro) for ArmDataRxPro
    main.o(i.main) refers to app_arm.o(.data) for Uart_ARM
    bsp.o(i.Bsp_ADC_Init) refers to mw_adc.o(i.SysAdcInit) for SysAdcInit
    bsp.o(i.Bsp_CAN_Init) refers to mw_can.o(i.SysCanInit) for SysCanInit
    bsp.o(i.Bsp_Clock_Init) refers to sysinit.o(i.sysinit) for sysinit
    bsp.o(i.Bsp_FLASH_Init) refers to mw_flash.o(i.SysFlashInit) for SysFlashInit
    bsp.o(i.Bsp_GPIO_Init) refers to gpio.o(i.GPIO_DeInit) for GPIO_DeInit
    bsp.o(i.Bsp_GPIO_Init) refers to mw_gpio.o(i.GPIOInit) for GPIOInit
    bsp.o(i.Bsp_I2C_Init) refers to mw_i2c.o(i.I2C0Init) for I2C0Init
    bsp.o(i.Bsp_I2C_Init) refers to mw_i2c.o(i.I2C1Init) for I2C1Init
    bsp.o(i.Bsp_PIT_Init) refers to pit.o(i.PIT_Init) for PIT_Init
    bsp.o(i.Bsp_RTC_Init) refers to mw_rtc.o(i.SysRtcInit) for SysRtcInit
    bsp.o(i.Bsp_Relocation_Int) refers to arm_cm0.o(i.write_vtor) for write_vtor
    bsp.o(i.Bsp_SysTick_Close) refers to systick.o(i.systick_disable) for systick_disable
    bsp.o(i.Bsp_TIM_Init) refers to mw_time.o(i.FTM0_PWM_Init) for FTM0_PWM_Init
    bsp.o(i.Bsp_UART_Init) refers to mw_uart.o(i.SysUartInit) for SysUartInit
    bsp.o(i.Bsp_WDOG_Close) refers to wdog.o(i.WDOG_Disable) for WDOG_Disable
    bsp.o(i.Bsp_WDOG_Init) refers to wdog.o(i.WDOG_Init) for WDOG_Init
    bsp.o(i.Bsp_WDOG_Init) refers to wdog.o(i.WDOG_Enable) for WDOG_Enable
    bsp.o(i.FeedDog) refers to wdog.o(i.WDOG_Feed) for WDOG_Feed
    interrupt.o(i.RTC_IRQHandler) refers to mw_rtc.o(i.GetCurrentTime) for GetCurrentTime
[...]
    ../clib/libinit.s                        0x00000000   Number         0  libinit.o ABSOLUTE
    ../clib/libinit.s                        0x00000000   Number         0  libinit2.o ABSOLUTE
    ../clib/memcpset.c                       0x00000000   Number         0  rt_memcpy.o ABSOLUTE
    ../clib/memcpset.c                       0x00000000   Number         0  rt_memclr.o ABSOLUTE
    ../clib/memcpset.c                       0x00000000   Number         0  rt_memcpy.o ABSOLUTE
    ../clib/misc.s                           0x00000000   Number         0  printf_stubs.o ABSOLUTE
    ../clib/printf.c                         0x00000000   Number         0  _printf_intcommon.o ABSOLUTE
    ../clib/printf.c                         0x00000000   Number         0  __printf.o ABSOLUTE
    ../clib/printf.c                         0x00000000   Number         0  _printf_pad.o ABSOLUTE
    ../clib/printf.c                         0x00000000   Number         0  _printf_hex_ll.o ABSOLUTE
    ../clib/printf.c                         0x00000000   Number         0  __printf_flags_ss_wp.o ABSOLUTE
    ../clib/printf.c                         0x00000000   Number         0  __printf_ss_wp.o ABSOLUTE
    ../clib/printf.c                         0x00000000   Number         0  __printf_flags_wp.o ABSOLUTE
    ../clib/printf.c                         0x00000000   Number         0  __printf_wp.o ABSOLUTE
    ../clib/printf.c                         0x00000000   Number         0  __printf_flags_ss.o ABSOLUTE
    ../clib/printf.c                         0x00000000   Number         0  __printf_flags.o ABSOLUTE
    ../clib/printf.c                         0x00000000   Number         0  _printf_hex_int_ll_ptr.o ABSOLUTE
    ../clib/printf.c                         0x00000000   Number         0  _printf_hex_ll_ptr.o ABSOLUTE
    ../clib/printf.c                         0x00000000   Number         0  _printf_hex_int_ptr.o ABSOLUTE
    ../clib/printf.c                         0x00000000   Number         0  _printf_hex_ptr.o ABSOLUTE
    ../clib/printf.c                         0x00000000   Number         0  _printf_hex_int_ll.o ABSOLUTE
    ../clib/printf.c                         0x00000000   Number         0  _printf_hex_int.o ABSOLUTE
    ../clib/printf.c                         0x00000000   Number         0  _printf_char_file_locked.o ABSOLUTE
    ../clib/printf.c                         0x00000000   Number         0  _printf_char_file.o ABSOLUTE
    ../clib/printf.c                         0x00000000   Number         0  __printf_nopercent.o ABSOLUTE
    ../clib/printf.c                         0x00000000   Number         0  _printf_char_common.o ABSOLUTE
    ../clib/printf.c                         0x00000000   Number         0  __printf_ss.o ABSOLUTE
    ../clib/printf.c                         0x00000000   Number         0  __2printf.o ABSOLUTE
    ../clib/printf.c                         0x00000000   Number         0  noretval__2printf.o ABSOLUTE
    ../clib/printf_percent.s                 0x00000000   Number         0  _printf_percent_end.o ABSOLUTE
    ../clib/printf_percent.s                 0x00000000   Number         0  _printf_x.o ABSOLUTE
    ../clib/printf_percent.s                 0x00000000   Number         0  _printf_percent.o ABSOLUTE
    ../clib/signal.c                         0x00000000   Number         0  defsig_abrt_inner.o ABSOLUTE
    ../clib/signal.c                         0x00000000   Number         0  defsig_fpe_outer.o ABSOLUTE
    ../clib/signal.c                         0x00000000   Number         0  defsig_fpe_formal.o ABSOLUTE
    ../clib/signal.c                         0x00000000   Number         0  defsig_rtred_formal.o ABSOLUTE
    ../clib/signal.c                         0x00000000   Number         0  defsig_rtmem_formal.o ABSOLUTE
    ../clib/signal.c                         0x00000000   Number         0  defsig_stak_inner.o ABSOLUTE
    ../clib/signal.c                         0x00000000   Number         0  defsig_pvfn_inner.o ABSOLUTE
    ../clib/signal.c                         0x00000000   Number         0  defsig_cppl_inner.o ABSOLUTE
    ../clib/signal.c                         0x00000000   Number         0  __raise.o ABSOLUTE
    ../clib/signal.c                         0x00000000   Number         0  defsig_rtred_outer.o ABSOLUTE
    ../clib/signal.c                         0x00000000   Number         0  defsig_other.o ABSOLUTE
    ../clib/signal.c                         0x00000000   Number         0  defsig_rtred_inner.o ABSOLUTE
    ../clib/signal.c                         0x00000000   Number         0  defsig_general.o ABSOLUTE
    ../clib/signal.c                         0x00000000   Number         0  defsig_fpe_inner.o ABSOLUTE
    ../clib/signal.c                         0x00000000   Number         0  defsig_rtmem_inner.o ABSOLUTE
    ../clib/signal.c                         0x00000000   Number         0  defsig_rtmem_outer.o ABSOLUTE
    ../clib/signal.c                         0x00000000   Number         0  defsig_exit.o ABSOLUTE
    ../clib/signal.c                         0x00000000   Number         0  defsig_segv_inner.o ABSOLUTE
    ../clib/signal.s                         0x00000000   Number         0  defsig.o ABSOLUTE
    ../clib/stdio.c                          0x00000000   Number         0  fwritefast_locked.o ABSOLUTE
    ../clib/stdio.c                          0x00000000   Number         0  initio_locked.o ABSOLUTE
    ../clib/stdio.c                          0x00000000   Number         0  ferror_locked.o ABSOLUTE
    ../clib/stdio.c                          0x00000000   Number         0  fputc_locked.o ABSOLUTE
    ../clib/stdio.c                          0x00000000   Number         0  initio.o ABSOLUTE
    ../clib/stdio.c                          0x00000000   Number         0  fputc.o ABSOLUTE
    ../clib/stdio.c                          0x00000000   Number         0  ferror.o ABSOLUTE
    ../clib/stdio.c                          0x00000000   Number         0  fflush.o ABSOLUTE
    ../clib/stdio.c                          0x00000000   Number         0  fwritefast.o ABSOLUTE
    ../clib/stdio.c                          0x00000000   Number         0  stdio.o ABSOLUTE
    ../clib/stdio.c                          0x00000000   Number         0  fseek.o ABSOLUTE
    ../clib/stdio.c                          0x00000000   Number         0  fclose.o ABSOLUTE
    ../clib/stdio.c                          0x00000000   Number         0  fopen_locked.o ABSOLUTE
    ../clib/stdio.c                          0x00000000   Number         0  stdio_streams.o ABSOLUTE
    ../clib/stdio.c                          0x00000000   Number         0  ftell.o ABSOLUTE
    ../clib/stdio.c                          0x00000000   Number         0  setvbuf_locked.o ABSOLUTE
    ../clib/stdio.c                          0x00000000   Number         0  fopen.o ABSOLUTE
    ../clib/stdio.c                          0x00000000   Number         0  streamlock.o ABSOLUTE
    ../clib/stdio.c                          0x00000000   Number         0  setvbuf.o ABSOLUTE
    ../clib/stdio.c                          0x00000000   Number         0  flsbuf.o ABSOLUTE
    ../clib/stdio.c                          0x00000000   Number         0  fputs.o ABSOLUTE
    ../clib/stdio.c                          0x00000000   Number         0  fputs_locked.o ABSOLUTE
    ../clib/stdio.c                          0x00000000   Number         0  fflush_locked.o ABSOLUTE
    ../clib/stdlib.c                         0x00000000   Number         0  exit.o ABSOLUTE
    ../clib/string.c                         0x00000000   Number         0  strlen.o ABSOLUTE
    ../clib/unhosted.c                       0x00000000   Number         0  uread4.o ABSOLUTE
    ../clib/wchar.c                          0x00000000   Number         0  flsbuf_fwide.o ABSOLUTE
    ../fplib/cfplib/cmpret.c                 0x00000000   Number         0  cmpret.o ABSOLUTE
    ../fplib/cfplib/daddsub.c                0x00000000   Number         0  daddsub.o ABSOLUTE
    ../fplib/cfplib/dcmpin.c                 0x00000000   Number         0  dcmpin.o ABSOLUTE
    ../fplib/cfplib/ddiv.c                   0x00000000   Number         0  ddiv.o ABSOLUTE
    ../fplib/cfplib/dmul.c                   0x00000000   Number         0  dmul.o ABSOLUTE
    ../fplib/cfplib/dsqrt.c                  0x00000000   Number         0  dsqrt.o ABSOLUTE
    ../fplib/cfplib/ffix.c                   0x00000000   Number         0  dfixui.o ABSOLUTE
    ../fplib/cfplib/ffix.c                   0x00000000   Number         0  dfixi.o ABSOLUTE
    ../fplib/cfplib/fflt.c                   0x00000000   Number         0  dflti.o ABSOLUTE
    ../fplib/cfplib/fpinit.c                 0x00000000   Number         0  fpinit.o ABSOLUTE
    ../fplib/cfplib/nan2.c                   0x00000000   Number         0  dnan2.o ABSOLUTE
    ../fplib/cfplib/retnan.c                 0x00000000   Number         0  retnan.o ABSOLUTE
    ../fplib/cfplib/scalbn.c                 0x00000000   Number         0  dscalbn.o ABSOLUTE
    ../fplib/deqf6m.s                        0x00000000   Number         0  deqf.o ABSOLUTE
    ../fplib/dleqf6m.s                       0x00000000   Number         0  dlef.o ABSOLUTE
    ../fplib/drleqf6m.s                      0x00000000   Number         0  drlef.o ABSOLUTE
    ../fplib/usenofp.s                       0x00000000   Number         0  usenofp.o ABSOLUTE
    ../mathlib/cos.c                         0x00000000   Number         0  cos.o ABSOLUTE
    ../mathlib/cos.c                         0x00000000   Number         0  cos_x.o ABSOLUTE
    ../mathlib/cos_i.c                       0x00000000   Number         0  cos_i.o ABSOLUTE
    ../mathlib/dunder.c                      0x00000000   Number         0  dunder.o ABSOLUTE
    ../mathlib/fpclassify.c                  0x00000000   Number         0  fpclassify.o ABSOLUTE
    ../mathlib/poly.c                        0x00000000   Number         0  poly.o ABSOLUTE
    ../mathlib/pow.c                         0x00000000   Number         0  pow.o ABSOLUTE
    ../mathlib/pow.c                         0x00000000   Number         0  pow_x.o ABSOLUTE
    ../mathlib/qnan.c                        0x00000000   Number         0  qnan.o ABSOLUTE
    ../mathlib/rred.c                        0x00000000   Number         0  rred.o ABSOLUTE
    ../mathlib/sin_i.c                       0x00000000   Number         0  sin_i.o ABSOLUTE
    ../mathlib/sin_i.c                       0x00000000   Number         0  sin_i_x.o ABSOLUTE
    ../mathlib/sqrt.c                        0x00000000   Number         0  sqrt.o ABSOLUTE
    ../mathlib/sqrt.c                        0x00000000   Number         0  sqrt_x.o ABSOLUTE
    ..\Source\App\app_arm.c                  0x00000000   Number         0  app_arm.o ABSOLUTE
    ..\Source\App\app_audio.c                0x00000000   Number         0  app_audio.o ABSOLUTE
    ..\Source\App\app_audio_tef663X.c        0x00000000   Number         0  app_audio_tef663x.o ABSOLUTE
    ..\Source\App\app_autotest.c             0x00000000   Number         0  app_autotest.o ABSOLUTE
    ..\Source\App\app_can.c                  0x00000000   Number         0  app_can.o ABSOLUTE
    ..\Source\App\app_ccfl.c                 0x00000000   Number         0  app_ccfl.o ABSOLUTE
    ..\Source\App\app_lowpower.c             0x00000000   Number         0  app_lowpower.o ABSOLUTE
    ..\Source\App\app_main.c                 0x00000000   Number         0  app_main.o ABSOLUTE
    ..\Source\App\app_mmi.c                  0x00000000   Number         0  app_mmi.o ABSOLUTE
    ..\Source\App\app_mute.c                 0x00000000   Number         0  app_mute.o ABSOLUTE
    ..\Source\App\app_panel.c                0x00000000   Number         0  app_panel.o ABSOLUTE
    ..\Source\App\app_power.c                0x00000000   Number         0  app_power.o ABSOLUTE
    ..\Source\App\app_radio.c                0x00000000   Number         0  app_radio.o ABSOLUTE
    ..\Source\App\app_radio_tef663X.c        0x00000000   Number         0  app_radio_tef663x.o ABSOLUTE
    ..\Source\App\app_tdf8541.c              0x00000000   Number         0  app_tdf8541.o ABSOLUTE
    ..\Source\App\app_updata.c               0x00000000   Number         0  app_updata.o ABSOLUTE
    ..\Source\App\app_voltage.c              0x00000000   Number         0  app_voltage.o ABSOLUTE
    ..\Source\App\bsp.c                      0x00000000   Number         0  bsp.o ABSOLUTE
    ..\Source\App\interrupt.c                0x00000000   Number         0  interrupt.o ABSOLUTE
    ..\Source\App\main.c                     0x00000000   Number         0  main.o ABSOLUTE
    ..\Source\App\mw_adc.c                   0x00000000   Number         0  mw_adc.o ABSOLUTE
    ..\Source\App\mw_can.c                   0x00000000   Number         0  mw_can.o ABSOLUTE
    ..\Source\App\mw_flash.c                 0x00000000   Number         0  mw_flash.o ABSOLUTE
    ..\Source\App\mw_gpio.c                  0x00000000   Number         0  mw_gpio.o ABSOLUTE
    ..\Source\App\mw_i2c.c                   0x00000000   Number         0  mw_i2c.o ABSOLUTE
    ..\Source\App\mw_rtc.c                   0x00000000   Number         0  mw_rtc.o ABSOLUTE
    ..\Source\App\mw_time.c                  0x00000000   Number         0  mw_time.o ABSOLUTE
    ..\Source\App\mw_uart.c                  0x00000000   Number         0  mw_uart.o ABSOLUTE
    ..\Source\App\system.c                   0x00000000   Number         0  system.o ABSOLUTE
    ..\Source\App\task.c                     0x00000000   Number         0  task.o ABSOLUTE
    ..\Source\Sch\sch_common.c               0x00000000   Number         0  sch_common.o ABSOLUTE
    ..\Source\Sch\sch_message.c              0x00000000   Number         0  sch_message.o ABSOLUTE
    ..\Source\Sch\sch_printf.c               0x00000000   Number         0  sch_printf.o ABSOLUTE
    ..\Source\Sch\sch_queue.c                0x00000000   Number         0  sch_queue.o ABSOLUTE
    ..\Source\TEF663X\Audio_Func.c           0x00000000   Number         0  audio_func.o ABSOLUTE
    ..\Source\TEF663X\Audio_Proc.c           0x00000000   Number         0  audio_proc.o ABSOLUTE
    ..\Source\TEF663X\Hero_Audio_Drv.c       0x00000000   Number         0  hero_audio_drv.o ABSOLUTE
    ..\Source\TEF663X\Hero_Init.c            0x00000000   Number         0  hero_init.o ABSOLUTE
    ..\Source\TEF663X\Hero_Radio_Drv.c       0x00000000   Number         0  hero_radio_drv.o ABSOLUTE
    ..\Source\TEF663X\Radio_Func.c           0x00000000   Number         0  radio_func.o ABSOLUTE
    ..\Source\TEF663X\Tuner_Proc.c           0x00000000   Number         0  tuner_proc.o ABSOLUTE
    ..\Source\TW8836\OSD\OSDFont.c           0x00000000   Number         0  osdfont.o ABSOLUTE
    ..\Source\TW8836\OSD\OSDSPI.c            0x00000000   Number         0  osdspi.o ABSOLUTE
    ..\Source\TW8836\OSD\UI_Function.c       0x00000000   Number         0  ui_function.o ABSOLUTE
    ..\Source\TW8836\PanelData\PanelData.c   0x00000000   Number         0  paneldata.o ABSOLUTE
    ..\Source\TW8836\SPI.c                   0x00000000   Number         0  spi.o ABSOLUTE
    ..\Source\TW8836\Settings.c              0x00000000   Number         0  settings.o ABSOLUTE
    ..\Source\TW8836\Trace\OSD_Trace_Display.c 0x00000000   Number         0  osd_trace_display.o ABSOLUTE
    ..\Source\TW8836\Tw8836.c                0x00000000   Number         0  tw8836.o ABSOLUTE
    ..\Source\cpu\arm_cm0.c                  0x00000000   Number         0  arm_cm0.o ABSOLUTE
    ..\Source\cpu\sysinit.c                  0x00000000   Number         0  sysinit.o ABSOLUTE
    ..\Source\cpu\systick.c                  0x00000000   Number         0  systick.o ABSOLUTE
    ..\Source\drivers\PMC\pmc.c              0x00000000   Number         0  pmc.o ABSOLUTE
    ..\Source\drivers\adc\adc.c              0x00000000   Number         0  adc.o ABSOLUTE
    ..\Source\drivers\can\mscan.c            0x00000000   Number         0  mscan.o ABSOLUTE
    ..\Source\drivers\ftm\ftm.c              0x00000000   Number         0  ftm.o ABSOLUTE
    ..\Source\drivers\gpio\gpio.c            0x00000000   Number         0  gpio.o ABSOLUTE
    ..\Source\drivers\ics\ics.c              0x00000000   Number         0  ics.o ABSOLUTE
    ..\Source\drivers\nvm\flash.c            0x00000000   Number         0  flash.o ABSOLUTE
    ..\Source\drivers\pit\pit.c              0x00000000   Number         0  pit.o ABSOLUTE
    ..\Source\drivers\rtc\rtc.c              0x00000000   Number         0  rtc.o ABSOLUTE
    ..\Source\drivers\sim\sim.c              0x00000000   Number         0  sim.o ABSOLUTE
    ..\Source\drivers\uart\uart.c            0x00000000   Number         0  uart.o ABSOLUTE
    ..\Source\drivers\wdog\wdog.c            0x00000000   Number         0  wdog.o ABSOLUTE
    ..\\Source\\App\\app_arm.c               0x00000000   Number         0  app_arm.o ABSOLUTE
    ..\\Source\\App\\app_audio.c             0x00000000   Number         0  app_audio.o ABSOLUTE
    ..\\Source\\App\\app_audio_tef663X.c     0x00000000   Number         0  app_audio_tef663x.o ABSOLUTE
    ..\\Source\\App\\app_autotest.c          0x00000000   Number         0  app_autotest.o ABSOLUTE
    ..\\Source\\App\\app_can.c               0x00000000   Number         0  app_can.o ABSOLUTE
    ..\\Source\\App\\app_ccfl.c              0x00000000   Number         0  app_ccfl.o ABSOLUTE
    ..\\Source\\App\\app_lowpower.c          0x00000000   Number         0  app_lowpower.o ABSOLUTE
    ..\\Source\\App\\app_main.c              0x00000000   Number         0  app_main.o ABSOLUTE
    ..\\Source\\App\\app_mmi.c               0x00000000   Number         0  app_mmi.o ABSOLUTE
    ..\\Source\\App\\app_mute.c              0x00000000   Number         0  app_mute.o ABSOLUTE
    ..\\Source\\App\\app_panel.c             0x00000000   Number         0  app_panel.o ABSOLUTE
    ..\\Source\\App\\app_power.c             0x00000000   Number         0  app_power.o ABSOLUTE
    ..\\Source\\App\\app_radio.c             0x00000000   Number         0  app_radio.o ABSOLUTE
    ..\\Source\\App\\app_radio_tef663X.c     0x00000000   Number         0  app_radio_tef663x.o ABSOLUTE
    ..\\Source\\App\\app_tdf8541.c           0x00000000   Number         0  app_tdf8541.o ABSOLUTE
    ..\\Source\\App\\app_updata.c            0x00000000   Number         0  app_updata.o ABSOLUTE
    ..\\Source\\App\\app_voltage.c           0x00000000   Number         0  app_voltage.o ABSOLUTE
    ..\\Source\\App\\bsp.c                   0x00000000   Number         0  bsp.o ABSOLUTE
    ..\\Source\\App\\interrupt.c             0x00000000   Number         0  interrupt.o ABSOLUTE
    ..\\Source\\App\\main.c                  0x00000000   Number         0  main.o ABSOLUTE
    ..\\Source\\App\\mw_adc.c                0x00000000   Number         0  mw_adc.o ABSOLUTE
    ..\\Source\\App\\mw_can.c                0x00000000   Number         0  mw_can.o ABSOLUTE
    ..\\Source\\App\\mw_flash.c              0x00000000   Number         0  mw_flash.o ABSOLUTE
    ..\\Source\\App\\mw_gpio.c               0x00000000   Number         0  mw_gpio.o ABSOLUTE
    ..\\Source\\App\\mw_i2c.c                0x00000000   Number         0  mw_i2c.o ABSOLUTE
    ..\\Source\\App\\mw_rtc.c                0x00000000   Number         0  mw_rtc.o ABSOLUTE
    ..\\Source\\App\\mw_time.c               0x00000000   Number         0  mw_time.o ABSOLUTE
    ..\\Source\\App\\mw_uart.c               0x00000000   Number         0  mw_uart.o ABSOLUTE
    ..\\Source\\App\\system.c                0x00000000   Number         0  system.o ABSOLUTE
    ..\\Source\\App\\task.c                  0x00000000   Number         0  task.o ABSOLUTE
    ..\\Source\\Sch\\sch_common.c            0x00000000   Number         0  sch_common.o ABSOLUTE
    ..\\Source\\Sch\\sch_message.c           0x00000000   Number         0  sch_message.o ABSOLUTE
    ..\\Source\\Sch\\sch_printf.c            0x00000000   Number         0  sch_printf.o ABSOLUTE
    ..\\Source\\Sch\\sch_queue.c             0x00000000   Number         0  sch_queue.o ABSOLUTE
    ..\\Source\\TEF663X\\Audio_Func.c        0x00000000   Number         0  audio_func.o ABSOLUTE
    ..\\Source\\TEF663X\\Audio_Proc.c        0x00000000   Number         0  audio_proc.o ABSOLUTE
    ..\\Source\\TEF663X\\Hero_Audio_Drv.c    0x00000000   Number         0  hero_audio_drv.o ABSOLUTE
    ..\\Source\\TEF663X\\Hero_Init.c         0x00000000   Number         0  hero_init.o ABSOLUTE
    ..\\Source\\TEF663X\\Hero_Radio_Drv.c    0x00000000   Number         0  hero_radio_drv.o ABSOLUTE
    ..\\Source\\TEF663X\\Radio_Func.c        0x00000000   Number         0  radio_func.o ABSOLUTE
    ..\\Source\\TEF663X\\Tuner_Proc.c        0x00000000   Number         0  tuner_proc.o ABSOLUTE
    ..\\Source\\TW8836\\OSD\\OSDFont.c       0x00000000   Number         0  osdfont.o ABSOLUTE
    ..\\Source\\TW8836\\OSD\\OSDSPI.c        0x00000000   Number         0  osdspi.o ABSOLUTE
    ..\\Source\\TW8836\\OSD\\UI_Function.c   0x00000000   Number         0  ui_function.o ABSOLUTE
    ..\\Source\\TW8836\\PanelData\\PanelData.c 0x00000000   Number         0  paneldata.o ABSOLUTE
    ..\\Source\\TW8836\\SPI.c                0x00000000   Number         0  spi.o ABSOLUTE
    ..\\Source\\TW8836\\Settings.c           0x00000000   Number         0  settings.o ABSOLUTE
    ..\\Source\\TW8836\\Trace\\OSD_Trace_Display.c 0x00000000   Number         0  osd_trace_display.o ABSOLUTE
    ..\\Source\\TW8836\\Tw8836.c             0x00000000   Number         0  tw8836.o ABSOLUTE
    ..\\Source\\cpu\\arm_cm0.c               0x00000000   Number         0  arm_cm0.o ABSOLUTE
    ..\\Source\\cpu\\sysinit.c               0x00000000   Number         0  sysinit.o ABSOLUTE
    ..\\Source\\cpu\\systick.c               0x00000000   Number         0  systick.o ABSOLUTE
    ..\\Source\\drivers\\PMC\\pmc.c          0x00000000   Number         0  pmc.o ABSOLUTE
    ..\\Source\\drivers\\adc\\adc.c          0x00000000   Number         0  adc.o ABSOLUTE
    ..\\Source\\drivers\\can\\mscan.c        0x00000000   Number         0  mscan.o ABSOLUTE
    ..\\Source\\drivers\\ftm\\ftm.c          0x00000000   Number         0  ftm.o ABSOLUTE
    ..\\Source\\drivers\\gpio\\gpio.c        0x00000000   Number         0  gpio.o ABSOLUTE
    ..\\Source\\drivers\\ics\\ics.c          0x00000000   Number         0  ics.o ABSOLUTE
    ..\\Source\\drivers\\nvm\\flash.c        0x00000000   Number         0  flash.o ABSOLUTE
    ..\\Source\\drivers\\pit\\pit.c          0x00000000   Number         0  pit.o ABSOLUTE
    ..\\Source\\drivers\\rtc\\rtc.c          0x00000000   Number         0  rtc.o ABSOLUTE
    ..\\Source\\drivers\\sim\\sim.c          0x00000000   Number         0  sim.o ABSOLUTE
    ..\\Source\\drivers\\uart\\uart.c        0x00000000   Number         0  uart.o ABSOLUTE
    ..\\Source\\drivers\\wdog\\wdog.c        0x00000000   Number         0  wdog.o ABSOLUTE
    RTE\Device\SKEAZ128xxx4\startup_SKEAZ1284.s 0x00000000   Number         0  startup_skeaz1284.o ABSOLUTE
    RTE\Device\SKEAZ128xxx4\system_SKEAZ1284.c 0x00000000   Number         0  system_skeaz1284.o ABSOLUTE
    RTE\\Device\\SKEAZ128xxx4\\system_SKEAZ1284.c 0x00000000   Number         0  system_skeaz1284.o ABSOLUTE
    dc.s                                     0x00000000   Number         0  dc.o ABSOLUTE
    !!!main                                  0x000000c0   Section        8  __main.o(!!!main)
    !!!scatter                               0x000000c8   Section       60  __scatter.o(!!!scatter)
    !!handler_copy                           0x00000104   Section       26  __scatter_copy.o(!!handler_copy)
    !!handler_zi                             0x00000120   Section       28  __scatter_zi.o(!!handler_zi)
    .ARM.Collect$$libinit$$00000000          0x0000013c   Section        2  libinit.o(.ARM.Collect$$libinit$$00000000)
    .ARM.Collect$$libinit$$00000002          0x0000013e   Section        0  libinit2.o(.ARM.Collect$$libinit$$00000002)
    .ARM.Collect$$libinit$$00000004          0x0000013e   Section        0  libinit2.o(.ARM.Collect$$libinit$$00000004)
    .ARM.Collect$$libinit$$0000000A          0x0000013e   Section        0  libinit2.o(.ARM.Collect$$libinit$$0000000A)
    .ARM.Collect$$libinit$$0000000C          0x0000013e   Section        0  libinit2.o(.ARM.Collect$$libinit$$0000000C)
    .ARM.Collect$$libinit$$0000000E          0x0000013e   Section        0  libinit2.o(.ARM.Collect$$libinit$$0000000E)
    .ARM.Collect$$libinit$$00000011          0x0000013e   Section        0  libinit2.o(.ARM.Collect$$libinit$$00000011)
    .ARM.Collect$$libinit$$00000013          0x0000013e   Section        0  libinit2.o(.ARM.Collect$$libinit$$00000013)
    .ARM.Collect$$libinit$$00000015          0x0000013e   Section        0  libinit2.o(.ARM.Collect$$libinit$$00000015)
    .ARM.Collect$$libinit$$00000017          0x0000013e   Section        0  libinit2.o(.ARM.Collect$$libinit$$00000017)
    .ARM.Collect$$libinit$$00000019          0x0000013e   Section        0  libinit2.o(.ARM.Collect$$libinit$$00000019)
    .ARM.Collect$$libinit$$0000001B          0x0000013e   Section        0  libinit2.o(.ARM.Collect$$libinit$$0000001B)
    .ARM.Collect$$libinit$$0000001D          0x0000013e   Section        0  libinit2.o(.ARM.Collect$$libinit$$0000001D)
    .ARM.Collect$$libinit$$0000001F          0x0000013e   Section        0  libinit2.o(.ARM.Collect$$libinit$$0000001F)
    .ARM.Collect$$libinit$$00000021          0x0000013e   Section        0  libinit2.o(.ARM.Collect$$libinit$$00000021)
    .ARM.Collect$$libinit$$00000023          0x0000013e   Section        0  libinit2.o(.ARM.Collect$$libinit$$00000023)
    .ARM.Collect$$libinit$$00000025          0x0000013e   Section        0  libinit2.o(.ARM.Collect$$libinit$$00000025)
    .ARM.Collect$$libinit$$0000002C          0x0000013e   Section        0  libinit2.o(.ARM.Collect$$libinit$$0000002C)
    .ARM.Collect$$libinit$$0000002E          0x0000013e   Section        0  libinit2.o(.ARM.Collect$$libinit$$0000002E)
    .ARM.Collect$$libinit$$00000030          0x0000013e   Section        0  libinit2.o(.ARM.Collect$$libinit$$00000030)
    .ARM.Collect$$libinit$$00000032          0x0000013e   Section        0  libinit2.o(.ARM.Collect$$libinit$$00000032)
    .ARM.Collect$$libinit$$00000033          0x0000013e   Section        2  libinit2.o(.ARM.Collect$$libinit$$00000033)
    .ARM.Collect$$libshutdown$$00000000      0x00000140   Section        2  libshutdown.o(.ARM.Collect$$libshutdown$$00000000)
    .ARM.Collect$$libshutdown$$00000002      0x00000142   Section        0  libshutdown2.o(.ARM.Collect$$libshutdown$$00000002)
    .ARM.Collect$$libshutdown$$00000004      0x00000142   Section        0  libshutdown2.o(.ARM.Collect$$libshutdown$$00000004)
    .ARM.Collect$$libshutdown$$00000007      0x00000142   Section        0  libshutdown2.o(.ARM.Collect$$libshutdown$$00000007)
    .ARM.Collect$$libshutdown$$0000000A      0x00000142   Section        0  libshutdown2.o(.ARM.Collect$$libshutdown$$0000000A)
    .ARM.Collect$$libshutdown$$0000000C      0x00000142   Section        0  libshutdown2.o(.ARM.Collect$$libshutdown$$0000000C)
    .ARM.Collect$$libshutdown$$0000000F      0x00000142   Section        0  libshutdown2.o(.ARM.Collect$$libshutdown$$0000000F)
    .ARM.Collect$$libshutdown$$00000010      0x00000142   Section        2  libshutdown2.o(.ARM.Collect$$libshutdown$$00000010)
    .ARM.Collect$$rtentry$$00000000          0x00000144   Section        0  __rtentry.o(.ARM.Collect$$rtentry$$00000000)
    .ARM.Collect$$rtentry$$00000002          0x00000144   Section        0  __rtentry2.o(.ARM.Collect$$rtentry$$00000002)
    .ARM.Collect$$rtentry$$00000004          0x00000144   Section        6  __rtentry4.o(.ARM.Collect$$rtentry$$00000004)
    .ARM.Collect$$rtentry$$00000009          0x0000014a   Section        0  __rtentry2.o(.ARM.Collect$$rtentry$$00000009)
    .ARM.Collect$$rtentry$$0000000A          0x0000014a   Section        4  __rtentry2.o(.ARM.Collect$$rtentry$$0000000A)
    .ARM.Collect$$rtentry$$0000000C          0x0000014e   Section        0  __rtentry2.o(.ARM.Collect$$rtentry$$0000000C)
    .ARM.Collect$$rtentry$$0000000D          0x0000014e   Section        8  __rtentry2.o(.ARM.Collect$$rtentry$$0000000D)
    .ARM.Collect$$rtexit$$00000000           0x00000156   Section        2  rtexit.o(.ARM.Collect$$rtexit$$00000000)
    .ARM.Collect$$rtexit$$00000002           0x00000158   Section        0  rtexit2.o(.ARM.Collect$$rtexit$$00000002)
    .ARM.Collect$$rtexit$$00000003           0x00000158   Section        4  rtexit2.o(.ARM.Collect$$rtexit$$00000003)
    .ARM.Collect$$rtexit$$00000004           0x0000015c   Section        6  rtexit2.o(.ARM.Collect$$rtexit$$00000004)
    .text                                    0x00000164   Section       64  startup_skeaz1284.o(.text)
    .text                                    0x000001a4   Section        0  rt_memclr.o(.text)
    .text                                    0x000001e4   Section      346  aeabi_sdiv.o(.text)
    .text                                    0x0000033e   Section        0  heapauxi.o(.text)
    .text                                    0x00000344   Section        8  libspace.o(.text)
    .text                                    0x0000034c   Section       62  sys_stackheap_outer.o(.text)
    .text                                    0x0000038a   Section        0  exit.o(.text)
    .text                                    0x0000039a   Section        2  use_no_semi.o(.text)
    .text                                    0x0000039c   Section        0  indicate_semi.o(.text)
    .text                                    0x0000039c   Section        0  sys_exit.o(.text)
    i.ADC_IRQHandler                         0x000003a8   Section        0  interrupt.o(i.ADC_IRQHandler)
    i.BootloaderJumpToApp                    0x000003aa   Section        0  app_updata.o(i.BootloaderJumpToApp)
    i.Bsp_Clock_Init                         0x000003ba   Section        0  bsp.o(i.Bsp_Clock_Init)
    i.Bsp_FLASH_Init                         0x000003c2   Section        0  bsp.o(i.Bsp_FLASH_Init)
    i.Bsp_Relocation_Int                     0x000003ca   Section        0  bsp.o(i.Bsp_Relocation_Int)
    i.Bsp_UART_Init                          0x000003d4   Section        0  bsp.o(i.Bsp_UART_Init)
    i.FeedDog                                0x000003f4   Section        0  bsp.o(i.FeedDog)
    i.Queue_Cnt                              0x000003fc   Section        0  sch_queue.o(i.Queue_Cnt)
    .ARM.__at_0x400                          0x00000400   Section       16  startup_skeaz1284.o(.ARM.__at_0x400)
    i.ArmDataAnalyse                         0x00000410   Section        0  app_arm.o(i.ArmDataAnalyse)
    i.ArmDataRxPro                           0x0000050c   Section        0  app_arm.o(i.ArmDataRxPro)
    i.Arm_ACK                                0x0000072c   Section        0  app_arm.o(i.Arm_ACK)
    i.AtDataAnalyse                          0x000007a0   Section        0  app_arm.o(i.AtDataAnalyse)
    i.Bsp_SysTick_Init                       0x00000880   Section        0  bsp.o(i.Bsp_SysTick_Init)
    i.Bsp_WDOG_Init                          0x000008b8   Section        0  bsp.o(i.Bsp_WDOG_Init)
    i.FEI_to_FBE_OSC                         0x000008ec   Section        0  ics.o(i.FEI_to_FBE_OSC)
    i.FEI_to_FEE                             0x00000940   Section        0  ics.o(i.FEI_to_FEE)
    i.FEI_to_FEE_OSC                         0x0000097c   Section        0  ics.o(i.FEI_to_FEE_OSC)
    i.FLASH_EraseSector                      0x000009b8   Section        0  flash.o(i.FLASH_EraseSector)
    i.FLASH_Init                             0x00000a20   Section        0  flash.o(i.FLASH_Init)
    i.FLASH_LaunchCMD                        0x00000a8c   Section        0  flash.o(i.FLASH_LaunchCMD)
    i.FLASH_Program1LongWord                 0x00000ab4   Section        0  flash.o(i.FLASH_Program1LongWord)
    i.FLASH_Program2LongWords                0x00000b34   Section        0  flash.o(i.FLASH_Program2LongWords)
    i.Flash_Program_U8                       0x00000bc8   Section        0  mw_flash.o(i.Flash_Program_U8)
    i.GPIO_PinClear                          0x00000c60   Section        0  gpio.o(i.GPIO_PinClear)
    i.GPIO_PinInit                           0x00000c90   Section        0  gpio.o(i.GPIO_PinInit)
    i.GPIO_PinSet                            0x00000e28   Section        0  gpio.o(i.GPIO_PinSet)
    i.GetCheckData_Xor                       0x00000e58   Section        0  sch_common.o(i.GetCheckData_Xor)
    i.GetClockDay                            0x00000e70   Section        0  mw_rtc.o(i.GetClockDay)
    i.GetCurrentTime                         0x00000ee8   Section        0  mw_rtc.o(i.GetCurrentTime)
    i.GetMaxDay                              0x00000f64   Section        0  mw_rtc.o(i.GetMaxDay)
    i.GetMessage                             0x00000f94   Section        0  sch_message.o(i.GetMessage)
    i.IAP_Pro                                0x00000fa8   Section        0  app_updata.o(i.IAP_Pro)
    i.ICS_Init                               0x00000fdc   Section        0  ics.o(i.ICS_Init)
    i.ICS_SetClkDivider                      0x00001024   Section        0  ics.o(i.ICS_SetClkDivider)
    i.ICS_Trim                               0x0000107c   Section        0  ics.o(i.ICS_Trim)
    i.IRQ_IRQHandler                         0x0000109c   Section        0  interrupt.o(i.IRQ_IRQHandler)
    i.In_IapMode                             0x000010ac   Section        0  app_updata.o(i.In_IapMode)
    i.In_ResetMode                           0x000010c8   Section        0  app_updata.o(i.In_ResetMode)
    i.Is_IapMode                             0x000010e4   Section        0  app_updata.o(i.Is_IapMode)
    i.Is_ResetMode                           0x00001104   Section        0  app_updata.o(i.Is_ResetMode)
    i.Is_Uart_Choose_PC                      0x0000111c   Section        0  main.o(i.Is_Uart_Choose_PC)
    i.Is_Uart_Choose_PC1                     0x00001134   Section        0  main.o(i.Is_Uart_Choose_PC1)
    i.KBI0_IRQHandler                        0x0000114c   Section        0  interrupt.o(i.KBI0_IRQHandler)
    i.M2A_TxService                          0x00001164   Section        0  app_arm.o(i.M2A_TxService)
    i.MCU_Updata_pro                         0x0000127c   Section        0  app_updata.o(i.MCU_Updata_pro)
    i.NVIC_SetPriority                       0x00001370   Section        0  mw_uart.o(i.NVIC_SetPriority)
    NVIC_SetPriority                         0x00001371   Thumb Code    60  mw_uart.o(i.NVIC_SetPriority)
    i.OSC_Init                               0x000013b4   Section        0  ics.o(i.OSC_Init)
    i.Out_IapMode                            0x000013f4   Section        0  app_updata.o(i.Out_IapMode)
    i.PostMessage                            0x00001400   Section        0  sch_message.o(i.PostMessage)
    i.Queue_In                               0x0000141c   Section        0  sch_queue.o(i.Queue_In)
    i.Queue_Init                             0x00001470   Section        0  sch_queue.o(i.Queue_Init)
    i.Queue_Out                              0x0000148c   Section        0  sch_queue.o(i.Queue_Out)
    i.RTC_IRQHandler                         0x000014dc   Section        0  interrupt.o(i.RTC_IRQHandler)
    i.SCH_Task_Execute                       0x000014f4   Section        0  task.o(i.SCH_Task_Execute)
    i.SIM_Init                               0x00001540   Section        0  sim.o(i.SIM_Init)
    i.SYS_Power_Ctl                          0x000015b8   Section        0  mw_gpio.o(i.SYS_Power_Ctl)
    i.SysFlashInit                           0x000015e4   Section        0  mw_flash.o(i.SysFlashInit)
    i.SysTick_Handler                        0x000015f4   Section        0  interrupt.o(i.SysTick_Handler)
    i.SysUartInit                            0x00001650   Section        0  mw_uart.o(i.SysUartInit)
    i.SysWait1Us                             0x00001704   Section        0  sch_common.o(i.SysWait1Us)
    i.SysWaitMs                              0x00001720   Section        0  sch_common.o(i.SysWaitMs)
    i.SysWaitUs                              0x00001736   Section        0  sch_common.o(i.SysWaitUs)
    i.SystemInit                             0x00001746   Section        0  system_skeaz1284.o(i.SystemInit)
    i.SystemInit_A                           0x00001748   Section        0  system_skeaz1284.o(i.SystemInit_A)
    i.TASK_Arm_Pro                           0x0000179c   Section        0  app_arm.o(i.TASK_Arm_Pro)
    i.Task_100ms_Pro                         0x000017a4   Section        0  task.o(i.Task_100ms_Pro)
    i.Task_8ms_Pro                           0x000017b8   Section        0  task.o(i.Task_8ms_Pro)
    i.UART0_IRQHandler                       0x000017d4   Section        0  interrupt.o(i.UART0_IRQHandler)
    i.UART1_IRQHandler                       0x000017de   Section        0  interrupt.o(i.UART1_IRQHandler)
    i.UART2_IRQHandler                       0x000017e8   Section        0  interrupt.o(i.UART2_IRQHandler)
    i.UART_CheckFlag                         0x000017f2   Section        0  uart.o(i.UART_CheckFlag)
    i.UART_DisableInterrupt                  0x00001802   Section        0  uart.o(i.UART_DisableInterrupt)
    i.UART_EnableInterrupt                   0x00001858   Section        0  uart.o(i.UART_EnableInterrupt)
    i.UART_GetChar                           0x000018aa   Section        0  uart.o(i.UART_GetChar)
    i.UART_GetFlags                          0x000018b4   Section        0  uart.o(i.UART_GetFlags)
    i.UART_Init                              0x000018c0   Section        0  uart.o(i.UART_Init)
    i.UART_IntSerive                         0x0000192c   Section        0  mw_uart.o(i.UART_IntSerive)
    i.UART_PutChar                           0x00001970   Section        0  uart.o(i.UART_PutChar)
    i.UartBufCnt                             0x0000197c   Section        0  mw_uart.o(i.UartBufCnt)
    i.UartBufInit                            0x00001998   Section        0  mw_uart.o(i.UartBufInit)
    i.UartGetFromBuf                         0x000019b4   Section        0  mw_uart.o(i.UartGetFromBuf)
    i.UartPutToBuf                           0x000019d4   Section        0  mw_uart.o(i.UartPutToBuf)
    i.UartRxCnt                              0x000019f4   Section        0  mw_uart.o(i.UartRxCnt)
    i.UartRxData                             0x000019fe   Section        0  mw_uart.o(i.UartRxData)
    i.UartSendData8                          0x00001a0c   Section        0  mw_uart.o(i.UartSendData8)
    i.UartTxCnt                              0x00001a20   Section        0  mw_uart.o(i.UartTxCnt)
    i.UartTxData                             0x00001a2a   Section        0  mw_uart.o(i.UartTxData)
    i.UartTxIntDis                           0x00001a64   Section        0  mw_uart.o(i.UartTxIntDis)
    i.UartTxIntEn                            0x00001a78   Section        0  mw_uart.o(i.UartTxIntEn)
    i.Uart_Rx_DataPro                        0x00001a8c   Section        0  mw_uart.o(i.Uart_Rx_DataPro)
    i.Uart_Tx_DataPro                        0x00001a9a   Section        0  mw_uart.o(i.Uart_Tx_DataPro)
    i.Updata_Init                            0x00001ad0   Section        0  app_updata.o(i.Updata_Init)
    i.WDOG_Enable                            0x00001ae4   Section        0  wdog.o(i.WDOG_Enable)
    i.WDOG_Feed                              0x00001b04   Section        0  wdog.o(i.WDOG_Feed)
    i.WDOG_Init                              0x00001b20   Section        0  wdog.o(i.WDOG_Init)
    i.__ARM_common_switch8                   0x00001b98   Section        0  app_arm.o(i.__ARM_common_switch8)
    i.main                                   0x00001bb4   Section        0  main.o(i.main)
    i.sch_compare                            0x00001c44   Section        0  app_arm.o(i.sch_compare)
    i.sch_memcpy                             0x00001c66   Section        0  sch_common.o(i.sch_memcpy)
    i.sch_memset                             0x00001c7c   Section        0  sch_common.o(i.sch_memset)
    i.sysinit                                0x00001c90   Section        0  sysinit.o(i.sysinit)
    i.u8_TO_u32                              0x00001cfc   Section        0  mw_flash.o(i.u8_TO_u32)
    i.write_vtor                             0x00001d14   Section        0  arm_cm0.o(i.write_vtor)
    .constdata                               0x00001d20   Section       32  mw_uart.o(.constdata)
    .constdata                               0x00001d40   Section       12  mw_rtc.o(.constdata)
    .data                                    0x1ffff000   Section       16  mw_uart.o(.data)
    .data                                    0x1ffff010   Section       16  mw_uart.o(.data)
    .data                                    0x1ffff020   Section       16  mw_uart.o(.data)
    .data                                    0x1ffff030   Section       16  mw_uart.o(.data)
    .data                                    0x1ffff040   Section       16  mw_uart.o(.data)
    .data                                    0x1ffff050   Section       16  mw_uart.o(.data)
    .data                                    0x1ffff060   Section       12  mw_uart.o(.data)
    .data                                    0x1ffff06c   Section        4  app_arm.o(.data)
    .data                                    0x1ffff070   Section        8  mw_rtc.o(.data)
    gTm100msCount                            0x1ffff070   Data           1  mw_rtc.o(.data)
    .data                                    0x1ffff078   Section        4  sysinit.o(.data)
    .data                                    0x1ffff07c   Section      128  sch_message.o(.data)
    .bss                                     0x1ffff0fc   Section       24  system.o(.bss)
    .bss                                     0x1ffff114   Section      512  mw_uart.o(.bss)
    .bss                                     0x1ffff314   Section      512  mw_uart.o(.bss)
    .bss                                     0x1ffff514   Section      512  mw_uart.o(.bss)
    .bss                                     0x1ffff714   Section      512  mw_uart.o(.bss)
    .bss                                     0x1ffff914   Section      128  mw_uart.o(.bss)
    .bss                                     0x1ffff994   Section      256  mw_uart.o(.bss)
    .bss                                     0x1ffffa94   Section      392  app_arm.o(.bss)
    .bss                                     0x1ffffc1c   Section      156  app_updata.o(.bss)
    .bss                                     0x1ffffcb8   Section      320  sch_message.o(.bss)
    .bss                                     0x1ffffdf8   Section       96  libspace.o(.bss)
    HEAP                                     0x1ffffe58   Section        0  startup_skeaz1284.o(HEAP)
    STACK                                    0x1ffffe58   Section      256  startup_skeaz1284.o(STACK)
    Heap_Mem                                 0x1ffffe58   Data           0  startup_skeaz1284.o(HEAP)
    Stack_Mem                                0x1ffffe58   Data         256  startup_skeaz1284.o(STACK)
    __initial_sp                             0x1fffff58   Data           0  startup_skeaz1284.o(STACK)

    Global Symbols

    Symbol Name                              Value     Ov Type        Size  Object(Section)

    BuildAttributes$$THM_ISAv3M$S$PE$A:L22$X:L11$S22$IEEE1$IW$USESV6$~STKCKD$USESV7$~SHL$OTIME$ROPI$IEEEX$EBA8$UX$STANDARDLIB$REQ8$PRES8$EABIv2 0x00000000   Number         0  anon$$obj.o ABSOLUTE
    __ARM_use_no_argv                        0x00000000   Number         0  main.o ABSOLUTE
    __Vectors                                0x00000000   Data           4  startup_skeaz1284.o(RESET)
    _printf_flags                            0x00000000   Number         0  printf_stubs.o ABSOLUTE
    _printf_return_value                     0x00000000   Number         0  printf_stubs.o ABSOLUTE
    _printf_sizespec                         0x00000000   Number         0  printf_stubs.o ABSOLUTE
    _printf_widthprec                        0x00000000   Number         0  printf_stubs.o ABSOLUTE
    __ARM_exceptions_init                     - Undefined Weak Reference
    __alloca_initialize                       - Undefined Weak Reference
    __arm_preinit_                            - Undefined Weak Reference
    __cpp_initialize__aeabi_                  - Undefined Weak Reference
    __cxa_finalize                            - Undefined Weak Reference
    __rt_locale                               - Undefined Weak Reference
    __sigvec_lookup                           - Undefined Weak Reference
    __user_heap_extent                        - Undefined Weak Reference
    _atexit_init                              - Undefined Weak Reference
    _call_atexit_fns                          - Undefined Weak Reference
    _clock_init                               - Undefined Weak Reference
    _fp_trap_init                             - Undefined Weak Reference
    _fp_trap_shutdown                         - Undefined Weak Reference
    _get_lc_collate                           - Undefined Weak Reference
    _get_lc_ctype                             - Undefined Weak Reference
    _get_lc_monetary                          - Undefined Weak Reference
    _get_lc_numeric                           - Undefined Weak Reference
    _get_lc_time                              - Undefined Weak Reference
    _getenv_init                              - Undefined Weak Reference
    _handle_redirection                       - Undefined Weak Reference
    _mutex_acquire                            - Undefined Weak Reference
    _mutex_free                               - Undefined Weak Reference
    _mutex_release                            - Undefined Weak Reference
    _printf_truncate_unsigned                 - Undefined Weak Reference
    _rand_init                                - Undefined Weak Reference
    _signal_finish                            - Undefined Weak Reference
    _signal_init                              - Undefined Weak Reference
    __Vectors_End                            0x000000c0   Data           0  startup_skeaz1284.o(RESET)
    __Vectors_Size                           0x000000c0   Number         0  startup_skeaz1284.o ABSOLUTE
    __main                                   0x000000c1   Thumb Code     8  __main.o(!!!main)
    __scatterload                            0x000000c9   Thumb Code     0  __scatter.o(!!!scatter)
    __scatterload_rt2                        0x000000c9   Thumb Code    52  __scatter.o(!!!scatter)
    __scatterload_rt2_thumb_only             0x000000c9   Thumb Code     0  __scatter.o(!!!scatter)
    __scatterload_null                       0x000000d9   Thumb Code     0  __scatter.o(!!!scatter)
    __scatterload_copy                       0x00000105   Thumb Code    26  __scatter_copy.o(!!handler_copy)
    __scatterload_zeroinit                   0x00000121   Thumb Code    28  __scatter_zi.o(!!handler_zi)
    __rt_lib_init                            0x0000013d   Thumb Code     0  libinit.o(.ARM.Collect$$libinit$$00000000)
    __rt_lib_init_alloca_1                   0x0000013f   Thumb Code     0  libinit2.o(.ARM.Collect$$libinit$$0000002E)
    __rt_lib_init_argv_1                     0x0000013f   Thumb Code     0  libinit2.o(.ARM.Collect$$libinit$$0000002C)
    __rt_lib_init_atexit_1                   0x0000013f   Thumb Code     0  libinit2.o(.ARM.Collect$$libinit$$0000001B)
    __rt_lib_init_clock_1                    0x0000013f   Thumb Code     0  libinit2.o(.ARM.Collect$$libinit$$00000021)
    __rt_lib_init_cpp_1                      0x0000013f   Thumb Code     0  libinit2.o(.ARM.Collect$$libinit$$00000032)
    __rt_lib_init_exceptions_1               0x0000013f   Thumb Code     0  libinit2.o(.ARM.Collect$$libinit$$00000030)
    __rt_lib_init_fp_1                       0x0000013f   Thumb Code     0  libinit2.o(.ARM.Collect$$libinit$$00000002)
    __rt_lib_init_fp_trap_1                  0x0000013f   Thumb Code     0  libinit2.o(.ARM.Collect$$libinit$$0000001F)
    __rt_lib_init_getenv_1                   0x0000013f   Thumb Code     0  libinit2.o(.ARM.Collect$$libinit$$00000023)
    __rt_lib_init_heap_1                     0x0000013f   Thumb Code     0  libinit2.o(.ARM.Collect$$libinit$$0000000A)
    __rt_lib_init_lc_collate_1               0x0000013f   Thumb Code     0  libinit2.o(.ARM.Collect$$libinit$$00000011)
    __rt_lib_init_lc_ctype_1                 0x0000013f   Thumb Code     0  libinit2.o(.ARM.Collect$$libinit$$00000013)
    __rt_lib_init_lc_monetary_1              0x0000013f   Thumb Code     0  libinit2.o(.ARM.Collect$$libinit$$00000015)
    __rt_lib_init_lc_numeric_1               0x0000013f   Thumb Code     0  libinit2.o(.ARM.Collect$$libinit$$00000017)
    __rt_lib_init_lc_time_1                  0x0000013f   Thumb Code     0  libinit2.o(.ARM.Collect$$libinit$$00000019)
    __rt_lib_init_preinit_1                  0x0000013f   Thumb Code     0  libinit2.o(.ARM.Collect$$libinit$$00000004)
    __rt_lib_init_rand_1                     0x0000013f   Thumb Code     0  libinit2.o(.ARM.Collect$$libinit$$0000000E)
    __rt_lib_init_return                     0x0000013f   Thumb Code     0  libinit2.o(.ARM.Collect$$libinit$$00000033)
    __rt_lib_init_signal_1                   0x0000013f   Thumb Code     0  libinit2.o(.ARM.Collect$$libinit$$0000001D)
    __rt_lib_init_stdio_1                    0x0000013f   Thumb Code     0  libinit2.o(.ARM.Collect$$libinit$$00000025)
    __rt_lib_init_user_alloc_1               0x0000013f   Thumb Code     0  libinit2.o(.ARM.Collect$$libinit$$0000000C)
    __rt_lib_shutdown                        0x00000141   Thumb Code     0  libshutdown.o(.ARM.Collect$$libshutdown$$00000000)
    __rt_lib_shutdown_cpp_1                  0x00000143   Thumb Code     0  libshutdown2.o(.ARM.Collect$$libshutdown$$00000002)
    __rt_lib_shutdown_fp_trap_1              0x00000143   Thumb Code     0  libshutdown2.o(.ARM.Collect$$libshutdown$$00000007)
    __rt_lib_shutdown_heap_1                 0x00000143   Thumb Code     0  libshutdown2.o(.ARM.Collect$$libshutdown$$0000000F)
    __rt_lib_shutdown_return                 0x00000143   Thumb Code     0  libshutdown2.o(.ARM.Collect$$libshutdown$$00000010)
    __rt_lib_shutdown_signal_1               0x00000143   Thumb Code     0  libshutdown2.o(.ARM.Collect$$libshutdown$$0000000A)
    __rt_lib_shutdown_stdio_1                0x00000143   Thumb Code     0  libshutdown2.o(.ARM.Collect$$libshutdown$$00000004)
    __rt_lib_shutdown_user_alloc_1           0x00000143   Thumb Code     0  libshutdown2.o(.ARM.Collect$$libshutdown$$0000000C)
    __rt_entry                               0x00000145   Thumb Code     0  __rtentry.o(.ARM.Collect$$rtentry$$00000000)
    __rt_entry_presh_1                       0x00000145   Thumb Code     0  __rtentry2.o(.ARM.Collect$$rtentry$$00000002)
    __rt_entry_sh                            0x00000145   Thumb Code     0  __rtentry4.o(.ARM.Collect$$rtentry$$00000004)
    __rt_entry_li                            0x0000014b   Thumb Code     0  __rtentry2.o(.ARM.Collect$$rtentry$$0000000A)
    __rt_entry_postsh_1                      0x0000014b   Thumb Code     0  __rtentry2.o(.ARM.Collect$$rtentry$$00000009)
    __rt_entry_main                          0x0000014f   Thumb Code     0  __rtentry2.o(.ARM.Collect$$rtentry$$0000000D)
    __rt_entry_postli_1                      0x0000014f   Thumb Code     0  __rtentry2.o(.ARM.Collect$$rtentry$$0000000C)
    __rt_exit                                0x00000157   Thumb Code     0  rtexit.o(.ARM.Collect$$rtexit$$00000000)
    __rt_exit_ls                             0x00000159   Thumb Code     0  rtexit2.o(.ARM.Collect$$rtexit$$00000003)
    __rt_exit_prels_1                        0x00000159   Thumb Code     0  rtexit2.o(.ARM.Collect$$rtexit$$00000002)
    __rt_exit_exit                           0x0000015d   Thumb Code     0  rtexit2.o(.ARM.Collect$$rtexit$$00000004)
    init_data_bss                            0x00000165   Thumb Code     2  startup_skeaz1284.o(.text)
    Reset_Handler                            0x00000167   Thumb Code    12  startup_skeaz1284.o(.text)
    NMI_Handler                              0x00000173   Thumb Code     2  startup_skeaz1284.o(.text)
    HardFault_Handler                        0x00000175   Thumb Code     2  startup_skeaz1284.o(.text)
    SVC_Handler                              0x00000177   Thumb Code     2  startup_skeaz1284.o(.text)
    PendSV_Handler                           0x00000179   Thumb Code     2  startup_skeaz1284.o(.text)
    ACMP0_IRQHandler                         0x0000017d   Thumb Code     0  startup_skeaz1284.o(.text)
    ACMP1_IRQHandler                         0x0000017d   Thumb Code     0  startup_skeaz1284.o(.text)
    DefaultISR                               0x0000017d   Thumb Code     0  startup_skeaz1284.o(.text)
    FTM0_IRQHandler                          0x0000017d   Thumb Code     0  startup_skeaz1284.o(.text)
    FTM1_IRQHandler                          0x0000017d   Thumb Code     0  startup_skeaz1284.o(.text)
    FTM2_IRQHandler                          0x0000017d   Thumb Code     0  startup_skeaz1284.o(.text)
    FTMRE_IRQHandler                         0x0000017d   Thumb Code     0  startup_skeaz1284.o(.text)
    I2C0_IRQHandler                          0x0000017d   Thumb Code     0  startup_skeaz1284.o(.text)
    I2C1_IRQHandler                          0x0000017d   Thumb Code     0  startup_skeaz1284.o(.text)
    ICS_IRQHandler                           0x0000017d   Thumb Code     0  startup_skeaz1284.o(.text)
    KBI1_IRQHandler                          0x0000017d   Thumb Code     0  startup_skeaz1284.o(.text)
    MSCAN_RX_IRQHandler                      0x0000017d   Thumb Code     0  startup_skeaz1284.o(.text)
    MSCAN_TX_IRQHandler                      0x0000017d   Thumb Code     0  startup_skeaz1284.o(.text)
    PIT_CH0_IRQHandler                       0x0000017d   Thumb Code     0  startup_skeaz1284.o(.text)
    PIT_CH1_IRQHandler                       0x0000017d   Thumb Code     0  startup_skeaz1284.o(.text)
    PMC_IRQHandler                           0x0000017d   Thumb Code     0  startup_skeaz1284.o(.text)
    PWT_IRQHandler                           0x0000017d   Thumb Code     0  startup_skeaz1284.o(.text)
    Reserved16_IRQHandler                    0x0000017d   Thumb Code     0  startup_skeaz1284.o(.text)
    Reserved17_IRQHandler                    0x0000017d   Thumb Code     0  startup_skeaz1284.o(.text)
    Reserved18_IRQHandler                    0x0000017d   Thumb Code     0  startup_skeaz1284.o(.text)
    Reserved19_IRQHandler                    0x0000017d   Thumb Code     0  startup_skeaz1284.o(.text)
    Reserved20_IRQHandler                    0x0000017d   Thumb Code     0  startup_skeaz1284.o(.text)
    Reserved42_IRQHandler                    0x0000017d   Thumb Code     0  startup_skeaz1284.o(.text)
    SPI0_IRQHandler                          0x0000017d   Thumb Code     0  startup_skeaz1284.o(.text)
    SPI1_IRQHandler                          0x0000017d   Thumb Code     0  startup_skeaz1284.o(.text)
    WDOG_IRQHandler                          0x0000017d   Thumb Code     0  startup_skeaz1284.o(.text)
    __user_initial_stackheap                 0x00000181   Thumb Code     0  startup_skeaz1284.o(.text)
    _memset_w                                0x000001a5   Thumb Code    26  rt_memclr.o(.text)
    _memset                                  0x000001bf   Thumb Code    30  rt_memclr.o(.text)
    __aeabi_memclr                           0x000001dd   Thumb Code     4  rt_memclr.o(.text)
    __rt_memclr                              0x000001dd   Thumb Code     0  rt_memclr.o(.text)
    __aeabi_memclr4                          0x000001e1   Thumb Code     0  rt_memclr.o(.text)
    __aeabi_memclr8                          0x000001e1   Thumb Code     0  rt_memclr.o(.text)
    __rt_memclr_w                            0x000001e1   Thumb Code     4  rt_memclr.o(.text)
    __aeabi_uidiv                            0x000001e5   Thumb Code     0  aeabi_sdiv.o(.text)
    __aeabi_uidivmod                         0x000001e5   Thumb Code    20  aeabi_sdiv.o(.text)
    __aeabi_idiv                             0x000001f9   Thumb Code     0  aeabi_sdiv.o(.text)
    __aeabi_idivmod                          0x000001f9   Thumb Code   326  aeabi_sdiv.o(.text)
    __use_two_region_memory                  0x0000033f   Thumb Code     2  heapauxi.o(.text)
    __rt_heap_escrow                         0x00000341   Thumb Code     2  heapauxi.o(.text)
    __rt_heap_expand                         0x00000343   Thumb Code     2  heapauxi.o(.text)
    __user_libspace                          0x00000345   Thumb Code     8  libspace.o(.text)
    __user_perproc_libspace                  0x00000345   Thumb Code     0  libspace.o(.text)
    __user_perthread_libspace                0x00000345   Thumb Code     0  libspace.o(.text)
    __user_setup_stackheap                   0x0000034d   Thumb Code    62  sys_stackheap_outer.o(.text)
    exit                                     0x0000038b   Thumb Code    16  exit.o(.text)
    __I$use$semihosting                      0x0000039b   Thumb Code     0  use_no_semi.o(.text)
    __use_no_semihosting_swi                 0x0000039b   Thumb Code     2  use_no_semi.o(.text)
    __semihosting_library_function           0x0000039d   Thumb Code     0  indicate_semi.o(.text)
    _sys_exit                                0x0000039d   Thumb Code     8  sys_exit.o(.text)
    ADC_IRQHandler                           0x000003a9   Thumb Code     2  interrupt.o(i.ADC_IRQHandler)
    BootloaderJumpToApp                      0x000003ab   Thumb Code    16  app_updata.o(i.BootloaderJumpToApp)
    Bsp_Clock_Init                           0x000003bb   Thumb Code     8  bsp.o(i.Bsp_Clock_Init)
    Bsp_FLASH_Init                           0x000003c3   Thumb Code     8  bsp.o(i.Bsp_FLASH_Init)
    Bsp_Relocation_Int                       0x000003cb   Thumb Code    10  bsp.o(i.Bsp_Relocation_Int)
    Bsp_UART_Init                            0x000003d5   Thumb Code    32  bsp.o(i.Bsp_UART_Init)
    FeedDog                                  0x000003f5   Thumb Code     8  bsp.o(i.FeedDog)
    Queue_Cnt                                0x000003fd   Thumb Code     4  sch_queue.o(i.Queue_Cnt)
    ArmDataAnalyse                           0x00000411   Thumb Code   234  app_arm.o(i.ArmDataAnalyse)
    ArmDataRxPro                             0x0000050d   Thumb Code   506  app_arm.o(i.ArmDataRxPro)
    Arm_ACK                                  0x0000072d   Thumb Code   106  app_arm.o(i.Arm_ACK)
    AtDataAnalyse                            0x000007a1   Thumb Code   136  app_arm.o(i.AtDataAnalyse)
    Bsp_SysTick_Init                         0x00000881   Thumb Code    38  bsp.o(i.Bsp_SysTick_Init)
    Bsp_WDOG_Init                            0x000008b9   Thumb Code    52  bsp.o(i.Bsp_WDOG_Init)
    FEI_to_FBE_OSC                           0x000008ed   Thumb Code    78  ics.o(i.FEI_to_FBE_OSC)
    FEI_to_FEE                               0x00000941   Thumb Code    56  ics.o(i.FEI_to_FEE)
    FEI_to_FEE_OSC                           0x0000097d   Thumb Code    56  ics.o(i.FEI_to_FEE_OSC)
    FLASH_EraseSector                        0x000009b9   Thumb Code    96  flash.o(i.FLASH_EraseSector)
    FLASH_Init                               0x00000a21   Thumb Code    92  flash.o(i.FLASH_Init)
    FLASH_LaunchCMD                          0x00000a8d   Thumb Code    30  flash.o(i.FLASH_LaunchCMD)
    FLASH_Program1LongWord                   0x00000ab5   Thumb Code   118  flash.o(i.FLASH_Program1LongWord)
    FLASH_Program2LongWords                  0x00000b35   Thumb Code   140  flash.o(i.FLASH_Program2LongWords)
    Flash_Program_U8                         0x00000bc9   Thumb Code   152  mw_flash.o(i.Flash_Program_U8)
    GPIO_PinClear                            0x00000c61   Thumb Code    42  gpio.o(i.GPIO_PinClear)
    GPIO_PinInit                             0x00000c91   Thumb Code   398  gpio.o(i.GPIO_PinInit)
    GPIO_PinSet                              0x00000e29   Thumb Code    42  gpio.o(i.GPIO_PinSet)
    GetCheckData_Xor                         0x00000e59   Thumb Code    24  sch_common.o(i.GetCheckData_Xor)
    GetClockDay                              0x00000e71   Thumb Code   116  mw_rtc.o(i.GetClockDay)
    GetCurrentTime                           0x00000ee9   Thumb Code   118  mw_rtc.o(i.GetCurrentTime)
    GetMaxDay                                0x00000f65   Thumb Code    34  mw_rtc.o(i.GetMaxDay)
    GetMessage                               0x00000f95   Thumb Code    16  sch_message.o(i.GetMessage)
    IAP_Pro                                  0x00000fa9   Thumb Code    42  app_updata.o(i.IAP_Pro)
    ICS_Init                                 0x00000fdd   Thumb Code    68  ics.o(i.ICS_Init)
    ICS_SetClkDivider                        0x00001025   Thumb Code    74  ics.o(i.ICS_SetClkDivider)
    ICS_Trim                                 0x0000107d   Thumb Code    26  ics.o(i.ICS_Trim)
    IRQ_IRQHandler                           0x0000109d   Thumb Code    12  interrupt.o(i.IRQ_IRQHandler)
    In_IapMode                               0x000010ad   Thumb Code    22  app_updata.o(i.In_IapMode)
    In_ResetMode                             0x000010c9   Thumb Code    22  app_updata.o(i.In_ResetMode)
    Is_IapMode                               0x000010e5   Thumb Code    26  app_updata.o(i.Is_IapMode)
    Is_ResetMode                             0x00001105   Thumb Code    20  app_updata.o(i.Is_ResetMode)
    Is_Uart_Choose_PC                        0x0000111d   Thumb Code    20  main.o(i.Is_Uart_Choose_PC)
    Is_Uart_Choose_PC1                       0x00001135   Thumb Code    20  main.o(i.Is_Uart_Choose_PC1)
    KBI0_IRQHandler                          0x0000114d   Thumb Code    16  interrupt.o(i.KBI0_IRQHandler)
    M2A_TxService                            0x00001165   Thumb Code   250  app_arm.o(i.M2A_TxService)
    MCU_Updata_pro                           0x0000127d   Thumb Code   236  app_updata.o(i.MCU_Updata_pro)
    OSC_Init                                 0x000013b5   Thumb Code    60  ics.o(i.OSC_Init)
    Out_IapMode                              0x000013f5   Thumb Code    12  app_updata.o(i.Out_IapMode)
    PostMessage                              0x00001401   Thumb Code    24  sch_message.o(i.PostMessage)
    Queue_In                                 0x0000141d   Thumb Code    84  sch_queue.o(i.Queue_In)
    Queue_Init                               0x00001471   Thumb Code    28  sch_queue.o(i.Queue_Init)
    Queue_Out                                0x0000148d   Thumb Code    80  sch_queue.o(i.Queue_Out)
    RTC_IRQHandler                           0x000014dd   Thumb Code    18  interrupt.o(i.RTC_IRQHandler)
    SCH_Task_Execute                         0x000014f5   Thumb Code    72  task.o(i.SCH_Task_Execute)
    SIM_Init                                 0x00001541   Thumb Code   116  sim.o(i.SIM_Init)
    SYS_Power_Ctl                            0x000015b9   Thumb Code    38  mw_gpio.o(i.SYS_Power_Ctl)
    SysFlashInit                             0x000015e5   Thumb Code    10  mw_flash.o(i.SysFlashInit)
    SysTick_Handler                          0x000015f5   Thumb Code    84  interrupt.o(i.SysTick_Handler)
    SysUartInit                              0x00001651   Thumb Code   152  mw_uart.o(i.SysUartInit)
    SysWait1Us                               0x00001705   Thumb Code    28  sch_common.o(i.SysWait1Us)
    SysWaitMs                                0x00001721   Thumb Code    22  sch_common.o(i.SysWaitMs)
    SysWaitUs                                0x00001737   Thumb Code    16  sch_common.o(i.SysWaitUs)
    SystemInit                               0x00001747   Thumb Code     2  system_skeaz1284.o(i.SystemInit)
    SystemInit_A                             0x00001749   Thumb Code    64  system_skeaz1284.o(i.SystemInit_A)
    TASK_Arm_Pro                             0x0000179d   Thumb Code     8  app_arm.o(i.TASK_Arm_Pro)
    Task_100ms_Pro                           0x000017a5   Thumb Code    16  task.o(i.Task_100ms_Pro)
    Task_8ms_Pro                             0x000017b9   Thumb Code    22  task.o(i.Task_8ms_Pro)
    UART0_IRQHandler                         0x000017d5   Thumb Code    10  interrupt.o(i.UART0_IRQHandler)
    UART1_IRQHandler                         0x000017df   Thumb Code    10  interrupt.o(i.UART1_IRQHandler)
    UART2_IRQHandler                         0x000017e9   Thumb Code    10  interrupt.o(i.UART2_IRQHandler)
    UART_CheckFlag                           0x000017f3   Thumb Code    16  uart.o(i.UART_CheckFlag)
    UART_DisableInterrupt                    0x00001803   Thumb Code    86  uart.o(i.UART_DisableInterrupt)
    UART_EnableInterrupt                     0x00001859   Thumb Code    82  uart.o(i.UART_EnableInterrupt)
    UART_GetChar                             0x000018ab   Thumb Code    10  uart.o(i.UART_GetChar)
    UART_GetFlags                            0x000018b5   Thumb Code    12  uart.o(i.UART_GetFlags)
    UART_Init                                0x000018c1   Thumb Code    94  uart.o(i.UART_Init)
    UART_IntSerive                           0x0000192d   Thumb Code    62  mw_uart.o(i.UART_IntSerive)
    UART_PutChar                             0x00001971   Thumb Code    10  uart.o(i.UART_PutChar)
    UartBufCnt                               0x0000197d   Thumb Code    22  mw_uart.o(i.UartBufCnt)
    UartBufInit                              0x00001999   Thumb Code    22  mw_uart.o(i.UartBufInit)
    UartGetFromBuf                           0x000019b5   Thumb Code    28  mw_uart.o(i.UartGetFromBuf)
    UartPutToBuf                             0x000019d5   Thumb Code    28  mw_uart.o(i.UartPutToBuf)
    UartRxCnt                                0x000019f5   Thumb Code    10  mw_uart.o(i.UartRxCnt)
    UartRxData                               0x000019ff   Thumb Code    14  mw_uart.o(i.UartRxData)
    UartSendData8                            0x00001a0d   Thumb Code    14  mw_uart.o(i.UartSendData8)
    UartTxCnt                                0x00001a21   Thumb Code    10  mw_uart.o(i.UartTxCnt)
    UartTxData                               0x00001a2b   Thumb Code    56  mw_uart.o(i.UartTxData)
    UartTxIntDis                             0x00001a65   Thumb Code    16  mw_uart.o(i.UartTxIntDis)
    UartTxIntEn                              0x00001a79   Thumb Code    16  mw_uart.o(i.UartTxIntEn)
    Uart_Rx_DataPro                          0x00001a8d   Thumb Code    14  mw_uart.o(i.Uart_Rx_DataPro)
    Uart_Tx_DataPro                          0x00001a9b   Thumb Code    54  mw_uart.o(i.Uart_Tx_DataPro)
    Updata_Init                              0x00001ad1   Thumb Code    14  app_updata.o(i.Updata_Init)
    WDOG_Enable                              0x00001ae5   Thumb Code    20  wdog.o(i.WDOG_Enable)
    WDOG_Feed                                0x00001b05   Thumb Code    16  wdog.o(i.WDOG_Feed)
    WDOG_Init                                0x00001b21   Thumb Code   106  wdog.o(i.WDOG_Init)
    __ARM_common_switch8                     0x00001b99   Thumb Code    26  app_arm.o(i.__ARM_common_switch8)
    main                                     0x00001bb5   Thumb Code   138  main.o(i.main)
    sch_compare                              0x00001c45   Thumb Code    34  app_arm.o(i.sch_compare)
    sch_memcpy                               0x00001c67   Thumb Code    22  sch_common.o(i.sch_memcpy)
    sch_memset                               0x00001c7d   Thumb Code    18  sch_common.o(i.sch_memset)
    sysinit                                  0x00001c91   Thumb Code    98  sysinit.o(i.sysinit)
    u8_TO_u32                                0x00001cfd   Thumb Code    22  mw_flash.o(i.u8_TO_u32)
    write_vtor                               0x00001d15   Thumb Code     6  arm_cm0.o(i.write_vtor)
    UartBufAddr                              0x00001d20   Data          32  mw_uart.o(.constdata)
    bMonthTable                              0x00001d40   Data          12  mw_rtc.o(.constdata)
    Region$$Table$$Base                      0x00001d4c   Number         0  anon$$obj.o(Region$$Table)
    Region$$Table$$Limit                     0x00001d6c   Number         0  anon$$obj.o(Region$$Table)
    UART0_TX_QUEUE                           0x1ffff000   Data          16  mw_uart.o(.data)
    UART0_RX_QUEUE                           0x1ffff010   Data          16  mw_uart.o(.data)
    UART1_TX_QUEUE                           0x1ffff020   Data          16  mw_uart.o(.data)
    UART1_RX_QUEUE                           0x1ffff030   Data          16  mw_uart.o(.data)
    UART2_TX_QUEUE                           0x1ffff040   Data          16  mw_uart.o(.data)
    UART2_RX_QUEUE                           0x1ffff050   Data          16  mw_uart.o(.data)
    Uart_Arry                                0x1ffff060   Data          12  mw_uart.o(.data)
    Uart_ARM                                 0x1ffff06c   Data           1  app_arm.o(.data)
    BtSPPCONFlag                             0x1ffff06d   Data           1  app_arm.o(.data)
    BtGATTCONFlag                            0x1ffff06e   Data           1  app_arm.o(.data)
    Data_Addr                                0x1ffff06f   Data           1  app_arm.o(.data)
    Clock                                    0x1ffff071   Data           7  mw_rtc.o(.data)
    global_pass_count                        0x1ffff078   Data           2  sysinit.o(.data)
    global_fail_count                        0x1ffff07a   Data           2  sysinit.o(.data)
    MESSAGE_QUEUE                            0x1ffff07c   Data         128  sch_message.o(.data)
    Sys                                      0x1ffff0fc   Data          24  system.o(.bss)
    Uart0_TX_buf                             0x1ffff114   Data         512  mw_uart.o(.bss)
    Uart0_RX_buf                             0x1ffff314   Data         512  mw_uart.o(.bss)
    Uart1_TX_buf                             0x1ffff514   Data         512  mw_uart.o(.bss)
    Uart1_RX_buf                             0x1ffff714   Data         512  mw_uart.o(.bss)
    Uart2_TX_buf                             0x1ffff914   Data         128  mw_uart.o(.bss)
    Uart2_RX_buf                             0x1ffff994   Data         256  mw_uart.o(.bss)
    ArmModuel                                0x1ffffa94   Data         392  app_arm.o(.bss)
    Iap                                      0x1ffffc1c   Data         156  app_updata.o(.bss)
    Queue                                    0x1ffffcb8   Data         320  sch_message.o(.bss)
    __libspace_start                         0x1ffffdf8   Data          96  libspace.o(.bss)
    __temporary_stack_top$libspace           0x1ffffe58   Data           0  libspace.o(.bss)



==============================================================================

Memory Map of the image

  Image Entry point : 0x000000c1

  Load Region LR_IROM1 (Base: 0x00000000, Size: 0x00001e68, Max: 0x00004000, ABSOLUTE)

    Execution Region ER_IROM1 (Base: 0x00000000, Size: 0x00001d6c, Max: 0x00004000, ABSOLUTE)

    Base Addr    Size         Type   Attr      Idx    E Section Name        Object

    0x00000000   0x000000c0   Data   RO         6369    RESET               startup_skeaz1284.o
    0x000000c0   0x00000008   Code   RO         6488  * !!!main             c_p.l(__main.o)
    0x000000c8   0x0000003c   Code   RO         6940    !!!scatter          c_p.l(__scatter.o)
    0x00000104   0x0000001a   Code   RO         6942    !!handler_copy      c_p.l(__scatter_copy.o)
    0x0000011e   0x00000002   PAD
    0x00000120   0x0000001c   Code   RO         6944    !!handler_zi        c_p.l(__scatter_zi.o)
    0x0000013c   0x00000002   Code   RO         6736    .ARM.Collect$$libinit$$00000000  c_p.l(libinit.o)
    0x0000013e   0x00000000   Code   RO         6738    .ARM.Collect$$libinit$$00000002  c_p.l(libinit2.o)
    0x0000013e   0x00000000   Code   RO         6740    .ARM.Collect$$libinit$$00000004  c_p.l(libinit2.o)
    0x0000013e   0x00000000   Code   RO         6743    .ARM.Collect$$libinit$$0000000A  c_p.l(libinit2.o)
    0x0000013e   0x00000000   Code   RO         6745    .ARM.Collect$$libinit$$0000000C  c_p.l(libinit2.o)
    0x0000013e   0x00000000   Code   RO         6747    .ARM.Collect$$libinit$$0000000E  c_p.l(libinit2.o)
    0x0000013e   0x00000000   Code   RO         6750    .ARM.Collect$$libinit$$00000011  c_p.l(libinit2.o)
    0x0000013e   0x00000000   Code   RO         6752    .ARM.Collect$$libinit$$00000013  c_p.l(libinit2.o)
    0x0000013e   0x00000000   Code   RO         6754    .ARM.Collect$$libinit$$00000015  c_p.l(libinit2.o)
    0x0000013e   0x00000000   Code   RO         6756    .ARM.Collect$$libinit$$00000017  c_p.l(libinit2.o)
    0x0000013e   0x00000000   Code   RO         6758    .ARM.Collect$$libinit$$00000019  c_p.l(libinit2.o)
    0x0000013e   0x00000000   Code   RO         6760    .ARM.Collect$$libinit$$0000001B  c_p.l(libinit2.o)
    0x0000013e   0x00000000   Code   RO         6762    .ARM.Collect$$libinit$$0000001D  c_p.l(libinit2.o)
    0x0000013e   0x00000000   Code   RO         6764    .ARM.Collect$$libinit$$0000001F  c_p.l(libinit2.o)
    0x0000013e   0x00000000   Code   RO         6766    .ARM.Collect$$libinit$$00000021  c_p.l(libinit2.o)
    0x0000013e   0x00000000   Code   RO         6768    .ARM.Collect$$libinit$$00000023  c_p.l(libinit2.o)
    0x0000013e   0x00000000   Code   RO         6770    .ARM.Collect$$libinit$$00000025  c_p.l(libinit2.o)
    0x0000013e   0x00000000   Code   RO         6774    .ARM.Collect$$libinit$$0000002C  c_p.l(libinit2.o)
    0x0000013e   0x00000000   Code   RO         6776    .ARM.Collect$$libinit$$0000002E  c_p.l(libinit2.o)
    0x0000013e   0x00000000   Code   RO         6778    .ARM.Collect$$libinit$$00000030  c_p.l(libinit2.o)
    0x0000013e   0x00000000   Code   RO         6780    .ARM.Collect$$libinit$$00000032  c_p.l(libinit2.o)
    0x0000013e   0x00000002   Code   RO         6781    .ARM.Collect$$libinit$$00000033  c_p.l(libinit2.o)
    0x00000140   0x00000002   Code   RO         6921    .ARM.Collect$$libshutdown$$00000000  c_p.l(libshutdown.o)
    0x00000142   0x00000000   Code   RO         6783    .ARM.Collect$$libshutdown$$00000002  c_p.l(libshutdown2.o)
    0x00000142   0x00000000   Code   RO         6785    .ARM.Collect$$libshutdown$$00000004  c_p.l(libshutdown2.o)
    0x00000142   0x00000000   Code   RO         6788    .ARM.Collect$$libshutdown$$00000007  c_p.l(libshutdown2.o)
    0x00000142   0x00000000   Code   RO         6791    .ARM.Collect$$libshutdown$$0000000A  c_p.l(libshutdown2.o)
    0x00000142   0x00000000   Code   RO         6793    .ARM.Collect$$libshutdown$$0000000C  c_p.l(libshutdown2.o)
    0x00000142   0x00000000   Code   RO         6796    .ARM.Collect$$libshutdown$$0000000F  c_p.l(libshutdown2.o)
    0x00000142   0x00000002   Code   RO         6797    .ARM.Collect$$libshutdown$$00000010  c_p.l(libshutdown2.o)
    0x00000144   0x00000000   Code   RO         6529    .ARM.Collect$$rtentry$$00000000  c_p.l(__rtentry.o)
    0x00000144   0x00000000   Code   RO         6594    .ARM.Collect$$rtentry$$00000002  c_p.l(__rtentry2.o)
    0x00000144   0x00000006   Code   RO         6606    .ARM.Collect$$rtentry$$00000004  c_p.l(__rtentry4.o)
    0x0000014a   0x00000000   Code   RO         6596    .ARM.Collect$$rtentry$$00000009  c_p.l(__rtentry2.o)
    0x0000014a   0x00000004   Code   RO         6597    .ARM.Collect$$rtentry$$0000000A  c_p.l(__rtentry2.o)
    0x0000014e   0x00000000   Code   RO         6599    .ARM.Collect$$rtentry$$0000000C  c_p.l(__rtentry2.o)
    0x0000014e   0x00000008   Code   RO         6600    .ARM.Collect$$rtentry$$0000000D  c_p.l(__rtentry2.o)
    0x00000156   0x00000002   Code   RO         6806    .ARM.Collect$$rtexit$$00000000  c_p.l(rtexit.o)
    0x00000158   0x00000000   Code   RO         6864    .ARM.Collect$$rtexit$$00000002  c_p.l(rtexit2.o)
    0x00000158   0x00000004   Code   RO         6865    .ARM.Collect$$rtexit$$00000003  c_p.l(rtexit2.o)
    0x0000015c   0x00000006   Code   RO         6866    .ARM.Collect$$rtexit$$00000004  c_p.l(rtexit2.o)
    0x00000162   0x00000002   PAD
    0x00000164   0x00000040   Code   RO         6371    .text               startup_skeaz1284.o
    0x000001a4   0x00000040   Code   RO         6478    .text               c_p.l(rt_memclr.o)
    0x000001e4   0x0000015a   Code   RO         6482    .text               c_p.l(aeabi_sdiv.o)
    0x0000033e   0x00000006   Code   RO         6486    .text               c_p.l(heapauxi.o)
    0x00000344   0x00000008   Code   RO         6642    .text               c_p.l(libspace.o)
    0x0000034c   0x0000003e   Code   RO         6647    .text               c_p.l(sys_stackheap_outer.o)
    0x0000038a   0x00000010   Code   RO         6721    .text               c_p.l(exit.o)
    0x0000039a   0x00000002   Code   RO         6802    .text               c_p.l(use_no_semi.o)
    0x0000039c   0x00000000   Code   RO         6804    .text               c_p.l(indicate_semi.o)
    0x0000039c   0x0000000c   Code   RO         6861    .text               c_p.l(sys_exit.o)
    0x000003a8   0x00000002   Code   RO          460    i.ADC_IRQHandler    interrupt.o
    0x000003aa   0x00000010   Code   RO         2173    i.BootloaderJumpToApp  app_updata.o
    0x000003ba   0x00000008   Code   RO          349    i.Bsp_Clock_Init    bsp.o
    0x000003c2   0x00000008   Code   RO          350    i.Bsp_FLASH_Init    bsp.o
    0x000003ca   0x0000000a   Code   RO          355    i.Bsp_Relocation_Int  bsp.o
    0x000003d4   0x00000020   Code   RO          359    i.Bsp_UART_Init     bsp.o
    0x000003f4   0x00000008   Code   RO          362    i.FeedDog           bsp.o
    0x000003fc   0x00000004   Code   RO         5320    i.Queue_Cnt         sch_queue.o
    0x00000400   0x00000010   Code   RO         6370    .ARM.__at_0x400     startup_skeaz1284.o
    0x00000410   0x000000fc   Code   RO          781    i.ArmDataAnalyse    app_arm.o
    0x0000050c   0x00000220   Code   RO          782    i.ArmDataRxPro      app_arm.o
    0x0000072c   0x00000074   Code   RO          783    i.Arm_ACK           app_arm.o
    0x000007a0   0x000000e0   Code   RO          784    i.AtDataAnalyse     app_arm.o
    0x00000880   0x00000038   Code   RO          357    i.Bsp_SysTick_Init  bsp.o
    0x000008b8   0x00000034   Code   RO          361    i.Bsp_WDOG_Init     bsp.o
    0x000008ec   0x00000054   Code   RO         5098    i.FEI_to_FBE_OSC    ics.o
    0x00000940   0x0000003c   Code   RO         5100    i.FEI_to_FEE        ics.o
    0x0000097c   0x0000003c   Code   RO         5101    i.FEI_to_FEE_OSC    ics.o
    0x000009b8   0x00000068   Code   RO         4924    i.FLASH_EraseSector  flash.o
    0x00000a20   0x0000006c   Code   RO         4928    i.FLASH_Init        flash.o
    0x00000a8c   0x00000028   Code   RO         4929    i.FLASH_LaunchCMD   flash.o
    0x00000ab4   0x00000080   Code   RO         4931    i.FLASH_Program1LongWord  flash.o
    0x00000b34   0x00000094   Code   RO         4932    i.FLASH_Program2LongWords  flash.o
    0x00000bc8   0x00000098   Code   RO         2255    i.Flash_Program_U8  mw_flash.o
    0x00000c60   0x00000030   Code   RO         4681    i.GPIO_PinClear     gpio.o
    0x00000c90   0x00000198   Code   RO         4682    i.GPIO_PinInit      gpio.o
    0x00000e28   0x00000030   Code   RO         4683    i.GPIO_PinSet       gpio.o
    0x00000e58   0x00000018   Code   RO         5379    i.GetCheckData_Xor  sch_common.o
    0x00000e70   0x00000078   Code   RO         2336    i.GetClockDay       mw_rtc.o
    0x00000ee8   0x0000007c   Code   RO         2337    i.GetCurrentTime    mw_rtc.o
    0x00000f64   0x00000030   Code   RO         2338    i.GetMaxDay         mw_rtc.o
    0x00000f94   0x00000014   Code   RO         5481    i.GetMessage        sch_message.o
    0x00000fa8   0x00000034   Code   RO         2174    i.IAP_Pro           app_updata.o
    0x00000fdc   0x00000048   Code   RO         5103    i.ICS_Init          ics.o
    0x00001024   0x00000058   Code   RO         5104    i.ICS_SetClkDivider  ics.o
    0x0000107c   0x00000020   Code   RO         5105    i.ICS_Trim          ics.o
    0x0000109c   0x00000010   Code   RO          461    i.IRQ_IRQHandler    interrupt.o
    0x000010ac   0x0000001c   Code   RO         2175    i.In_IapMode        app_updata.o
    0x000010c8   0x0000001c   Code   RO         2176    i.In_ResetMode      app_updata.o
    0x000010e4   0x00000020   Code   RO         2177    i.Is_IapMode        app_updata.o
    0x00001104   0x00000018   Code   RO         2178    i.Is_ResetMode      app_updata.o
    0x0000111c   0x00000018   Code   RO            3    i.Is_Uart_Choose_PC  main.o
    0x00001134   0x00000018   Code   RO            4    i.Is_Uart_Choose_PC1  main.o
    0x0000114c   0x00000018   Code   RO          462    i.KBI0_IRQHandler   interrupt.o
    0x00001164   0x00000118   Code   RO          785    i.M2A_TxService     app_arm.o
    0x0000127c   0x000000f4   Code   RO         2179    i.MCU_Updata_pro    app_updata.o
    0x00001370   0x00000044   Code   RO          646    i.NVIC_SetPriority  mw_uart.o
    0x000013b4   0x00000040   Code   RO         5108    i.OSC_Init          ics.o
    0x000013f4   0x0000000c   Code   RO         2180    i.Out_IapMode       app_updata.o
    0x00001400   0x0000001c   Code   RO         5483    i.PostMessage       sch_message.o
    0x0000141c   0x00000054   Code   RO         5321    i.Queue_In          sch_queue.o
    0x00001470   0x0000001c   Code   RO         5322    i.Queue_Init        sch_queue.o
    0x0000148c   0x00000050   Code   RO         5326    i.Queue_Out         sch_queue.o
    0x000014dc   0x00000018   Code   RO          463    i.RTC_IRQHandler    interrupt.o
    0x000014f4   0x0000004c   Code   RO          561    i.SCH_Task_Execute  task.o
    0x00001540   0x00000078   Code   RO         5251    i.SIM_Init          sim.o
    0x000015b8   0x0000002c   Code   RO          967    i.SYS_Power_Ctl     mw_gpio.o
    0x000015e4   0x00000010   Code   RO         2263    i.SysFlashInit      mw_flash.o
    0x000015f4   0x0000005c   Code   RO          464    i.SysTick_Handler   interrupt.o
    0x00001650   0x000000b4   Code   RO          648    i.SysUartInit       mw_uart.o
    0x00001704   0x0000001c   Code   RO         5386    i.SysWait1Us        sch_common.o
    0x00001720   0x00000016   Code   RO         5387    i.SysWaitMs         sch_common.o
    0x00001736   0x00000010   Code   RO         5388    i.SysWaitUs         sch_common.o
    0x00001746   0x00000002   Code   RO         6380    i.SystemInit        system_skeaz1284.o
    0x00001748   0x00000054   Code   RO         6381    i.SystemInit_A      system_skeaz1284.o
    0x0000179c   0x00000008   Code   RO          786    i.TASK_Arm_Pro      app_arm.o
    0x000017a4   0x00000014   Code   RO          562    i.Task_100ms_Pro    task.o
    0x000017b8   0x0000001c   Code   RO          567    i.Task_8ms_Pro      task.o
    0x000017d4   0x0000000a   Code   RO          465    i.UART0_IRQHandler  interrupt.o
    0x000017de   0x0000000a   Code   RO          466    i.UART1_IRQHandler  interrupt.o
    0x000017e8   0x0000000a   Code   RO          467    i.UART2_IRQHandler  interrupt.o
    0x000017f2   0x00000010   Code   RO         4402    i.UART_CheckFlag    uart.o
    0x00001802   0x00000056   Code   RO         4403    i.UART_DisableInterrupt  uart.o
    0x00001858   0x00000052   Code   RO         4404    i.UART_EnableInterrupt  uart.o
    0x000018aa   0x0000000a   Code   RO         4405    i.UART_GetChar      uart.o
    0x000018b4   0x0000000c   Code   RO         4406    i.UART_GetFlags     uart.o
    0x000018c0   0x0000006c   Code   RO         4407    i.UART_Init         uart.o
    0x0000192c   0x00000044   Code   RO          649    i.UART_IntSerive    mw_uart.o
    0x00001970   0x0000000a   Code   RO         4408    i.UART_PutChar      uart.o
    0x0000197a   0x00000002   PAD
    0x0000197c   0x0000001c   Code   RO          650    i.UartBufCnt        mw_uart.o
    0x00001998   0x0000001c   Code   RO          651    i.UartBufInit       mw_uart.o
    0x000019b4   0x00000020   Code   RO          652    i.UartGetFromBuf    mw_uart.o
    0x000019d4   0x00000020   Code   RO          653    i.UartPutToBuf      mw_uart.o
    0x000019f4   0x0000000a   Code   RO          654    i.UartRxCnt         mw_uart.o
    0x000019fe   0x0000000e   Code   RO          655    i.UartRxData        mw_uart.o
    0x00001a0c   0x00000014   Code   RO          656    i.UartSendData8     mw_uart.o
    0x00001a20   0x0000000a   Code   RO          657    i.UartTxCnt         mw_uart.o
    0x00001a2a   0x00000038   Code   RO          658    i.UartTxData        mw_uart.o
    0x00001a62   0x00000002   PAD
    0x00001a64   0x00000014   Code   RO          660    i.UartTxIntDis      mw_uart.o
    0x00001a78   0x00000014   Code   RO          661    i.UartTxIntEn       mw_uart.o
    0x00001a8c   0x0000000e   Code   RO          662    i.Uart_Rx_DataPro   mw_uart.o
    0x00001a9a   0x00000036   Code   RO          663    i.Uart_Tx_DataPro   mw_uart.o
    0x00001ad0   0x00000014   Code   RO         2181    i.Updata_Init       app_updata.o
    0x00001ae4   0x00000020   Code   RO         4221    i.WDOG_Enable       wdog.o
    0x00001b04   0x0000001c   Code   RO         4223    i.WDOG_Feed         wdog.o
    0x00001b20   0x00000078   Code   RO         4224    i.WDOG_Init         wdog.o
    0x00001b98   0x0000001a   Code   RO          836    i.__ARM_common_switch8  app_arm.o
    0x00001bb2   0x00000002   PAD
    0x00001bb4   0x00000090   Code   RO           10    i.main              main.o
    0x00001c44   0x00000022   Code   RO          787    i.sch_compare       app_arm.o
    0x00001c66   0x00000016   Code   RO         5389    i.sch_memcpy        sch_common.o
    0x00001c7c   0x00000012   Code   RO         5390    i.sch_memset        sch_common.o
    0x00001c8e   0x00000002   PAD
    0x00001c90   0x0000006c   Code   RO         5045    i.sysinit           sysinit.o
    0x00001cfc   0x00000016   Code   RO         2264    i.u8_TO_u32         mw_flash.o
    0x00001d12   0x00000002   PAD
    0x00001d14   0x0000000c   Code   RO         4147    i.write_vtor        arm_cm0.o
    0x00001d20   0x00000020   Data   RO          670    .constdata          mw_uart.o
    0x00001d40   0x0000000c   Data   RO         2343    .constdata          mw_rtc.o
    0x00001d4c   0x00000020   Data   RO         6938    Region$$Table       anon$$obj.o


    Execution Region RW_IRAM1 (Base: 0x1ffff000, Size: 0x00000f58, Max: 0x00004000, ABSOLUTE)

    Base Addr    Size         Type   Attr      Idx    E Section Name        Object

    0x1ffff000   0x00000010   Data   RW          671    .data               mw_uart.o
    0x1ffff010   0x00000010   Data   RW          672    .data               mw_uart.o
    0x1ffff020   0x00000010   Data   RW          673    .data               mw_uart.o
    0x1ffff030   0x00000010   Data   RW          674    .data               mw_uart.o
    0x1ffff040   0x00000010   Data   RW          675    .data               mw_uart.o
    0x1ffff050   0x00000010   Data   RW          676    .data               mw_uart.o
    0x1ffff060   0x0000000c   Data   RW          677    .data               mw_uart.o
    0x1ffff06c   0x00000004   Data   RW          790    .data               app_arm.o
    0x1ffff070   0x00000008   Data   RW         2344    .data               mw_rtc.o
    0x1ffff078   0x00000004   Data   RW         5047    .data               sysinit.o
    0x1ffff07c   0x00000080   Data   RW         5485    .data               sch_message.o
    0x1ffff0fc   0x00000018   Zero   RW          532    .bss                system.o
    0x1ffff114   0x00000200   Zero   RW          664    .bss                mw_uart.o
    0x1ffff314   0x00000200   Zero   RW          665    .bss                mw_uart.o
    0x1ffff514   0x00000200   Zero   RW          666    .bss                mw_uart.o
    0x1ffff714   0x00000200   Zero   RW          667    .bss                mw_uart.o
    0x1ffff914   0x00000080   Zero   RW          668    .bss                mw_uart.o
    0x1ffff994   0x00000100   Zero   RW          669    .bss                mw_uart.o
    0x1ffffa94   0x00000188   Zero   RW          789    .bss                app_arm.o
    0x1ffffc1c   0x0000009c   Zero   RW         2182    .bss                app_updata.o
    0x1ffffcb8   0x00000140   Zero   RW         5484    .bss                sch_message.o
    0x1ffffdf8   0x00000060   Zero   RW         6643    .bss                c_p.l(libspace.o)
    0x1ffffe58   0x00000000   Zero   RW         6368    HEAP                startup_skeaz1284.o
    0x1ffffe58   0x00000100   Zero   RW         6367    STACK               startup_skeaz1284.o


==============================================================================

Image component sizes


      Code (inc. data)   RO Data    RW Data    ZI Data      Debug   Object Name

      1484        192          0          4        392       6444   app_arm.o
       456         54          0          0        156       6475   app_updata.o
        12          6          0          0          0        437   arm_cm0.o
       174         18          0          0          0       8844   bsp.o
       528         52          0          0          0       3782   flash.o
       504         22          0          0          0       1945   gpio.o
       460         42          0          0          0       5336   ics.o
       188         26          0          0          0      10452   interrupt.o
       192         14          0          0          0      98902   main.o
       190          6          0          0          0       2405   mw_flash.o
        44          6          0          0          0        508   mw_gpio.o
       292         24         12          8          0       3481   mw_rtc.o
       654         76         32        108       2432      19901   mw_uart.o
       130          0          0          0          0       3356   sch_common.o
        48          8          0        128        320       1768   sch_message.o
       196          0          0          0          0       2668   sch_queue.o
       120          4          0          0          0       1035   sim.o
        80         44        192          0        256        908   startup_skeaz1284.o
       108         10          0          4          0        828   sysinit.o
         0          0          0          0         24       6134   system.o
        86         20          0          0          0        908   system_skeaz1284.o
       124         14          0          0          0       1708   task.o
       324         14          0          0          0       6622   uart.o
       180         38          0          0          0       1542   wdog.o

    ----------------------------------------------------------------------
      6584        690        268        252       3580     196389   Object Totals
         0          0         32          0          0          0   (incl. Generated)
        10          0          0          0          0          0   (incl. Padding)

    ----------------------------------------------------------------------

      Code (inc. data)   RO Data    RW Data    ZI Data      Debug   Library Member Name

         8          0          0          0          0         68   __main.o
         0          0          0          0          0          0   __rtentry.o
        12          0          0          0          0          0   __rtentry2.o
         6          0          0          0          0          0   __rtentry4.o
        60          8          0          0          0          0   __scatter.o
        26          0          0          0          0          0   __scatter_copy.o
        28          0          0          0          0          0   __scatter_zi.o
       346          0          0          0          0         92   aeabi_sdiv.o
        16          0          0          0          0         68   exit.o
         6          0          0          0          0        136   heapauxi.o
         0          0          0          0          0          0   indicate_semi.o
         2          0          0          0          0          0   libinit.o
         2          0          0          0          0          0   libinit2.o
         2          0          0          0          0          0   libshutdown.o
         2          0          0          0          0          0   libshutdown2.o
         8          4          0          0         96         68   libspace.o
        64          0          0          0          0        108   rt_memclr.o
         2          0          0          0          0          0   rtexit.o
        10          0          0          0          0          0   rtexit2.o
        12          4          0          0          0         60   sys_exit.o
        62          0          0          0          0         80   sys_stackheap_outer.o
         2          0          0          0          0         68   use_no_semi.o

    ----------------------------------------------------------------------
       680         16          0          0         96        748   Library Totals
         4          0          0          0          0          0   (incl. Padding)

    ----------------------------------------------------------------------

      Code (inc. data)   RO Data    RW Data    ZI Data      Debug   Library Name

       676         16          0          0         96        748   c_p.l

    ----------------------------------------------------------------------
       680         16          0          0         96        748   Library Totals

    ----------------------------------------------------------------------

==============================================================================


      Code (inc. data)   RO Data    RW Data    ZI Data      Debug   

      7264        706        268        252       3676     192637   Grand Totals
      7264        706        268        252       3676     192637   ELF Image Totals
      7264        706        268        252          0          0   ROM Totals

==============================================================================

    Total RO  Size (Code + RO Data)                 7532 (   7.36kB)
    Total RW  Size (RW Data + ZI Data)              3928 (   3.84kB)
    Total ROM Size (Code + RO Data + RW Data)       7784 (   7.60kB)

==============================================================================

