<html>
<body>
<pre>
<h1>µVision Build Log</h1>
<h2>Tool Versions:</h2>
IDE-Version: ¦ÌVision V5.23.0.0
Copyright (C) 2017 ARM Ltd and ARM Germany GmbH. All rights reserved.
License Information: huashan Microsoft, Microsoft, LIC=NHY12-9PSA9-035M2-93LSH-EVBYB-P81ES
 
Tool Versions:
Toolchain:       MDK-ARM Professional  Version: 5.23
Toolchain Path:  d:\Keil_v5\ARM\ARMCC\Bin
C Compiler:      Armcc.exe V5.06 update 4 (build 422)
Assembler:       Armasm.exe V5.06 update 4 (build 422)
Linker/Locator:  ArmLink.exe V5.06 update 4 (build 422)
Library Manager: ArmAr.exe V5.06 update 4 (build 422)
Hex Converter:   FromElf.exe V5.06 update 4 (build 422)
CPU DLL:         SARMCM3.DLL V5.23
Dialog DLL:      DARMCM1.DLL V1.17.0.0
Target DLL:      Segger\JL2CM3.dll V2.99.23.0
Dialog DLL:      TARMCM1.DLL V1.12.0.0
 
<h2>Project:</h2>
E:\project\py1903\KEA128_DSP_APP\Keil_Pro\KEA128.uvprojx
Project File Date:  08/29/2019

<h2>Output:</h2>
*** Using Compiler 'V5.06 update 4 (build 422)', folder: 'd:\Keil_v5\ARM\ARMCC\Bin'
Rebuild target 'KEA128'
compiling bsp.c...
compiling main.c...
compiling task.c...
compiling interrupt.c...
compiling system.c...
compiling app_mute.c...
compiling mw_uart.c...
compiling mw_gpio.c...
compiling app_power.c...
compiling app_updata.c...
compiling mw_adc.c...
compiling app_voltage.c...
compiling app_tdf8541.c...
compiling mw_flash.c...
compiling app_lowpower.c...
compiling app_amp.c...
compiling app_bt.c...
compiling mw_spi.c...
compiling app_dsp_adau1452.c...
..\Source\App\app_dsp_adau1452.c(310): warning:  #188-D: enumerated type mixed with another type
  	App_Dsp.Dsp_Data.Mute[7] = App_Dsp.Dsp_Data.Mute[8]=1;
..\Source\App\app_dsp_adau1452.c(323): warning:  #188-D: enumerated type mixed with another type
  	App_Dsp.Dsp_Data.Mute[7] = App_Dsp.Dsp_Data.Mute[8]=0;
..\Source\App\app_dsp_adau1452.c: 2 warnings, 0 errors
compiling app_eprom.c...
compiling mw_i2c.c...
compiling app_debug.c...
compiling app_led.c...
compiling app_start.c...
compiling app_at.c...
compiling app_connect.c...
compiling app_dsp_driver.c...
compiling app_dsp_readback.c...
compiling app_dspdata_access.c...
compiling app_ad1938.c...
compiling app_dsp_filter.c...
compiling app_dsp_eq.c...
compiling arm_cm0.c...
compiling app_dsp_mix.c...
compiling app_dsp_single_mute.c...
compiling wdog.c...
compiling systick.c...
compiling rtc.c...
compiling uart.c...
compiling pit.c...
compiling mscan.c...
compiling adc.c...
compiling ftm.c...
compiling gpio.c...
compiling flash.c...
compiling ics.c...
compiling sysinit.c...
compiling spi.c...
compiling sim.c...
compiling pmc.c...
compiling sch_queue.c...
compiling sch_common.c...
compiling kbi.c...
assembling startup_SKEAZ1284.s...
compiling sch_message.c...
compiling sch_printf.c...
compiling system_SKEAZ1284.c...
linking...
Program Size: Code=44756 RO-data=56468 RW-data=304 ZI-data=7400  
FromELF: creating hex file...
After Build - User command #1: fromelf.exe --bin --output ./BIN/kea128.bin ./Output/*.axf
".\Output\KEA128.axf" - 0 Error(s), 2 Warning(s).

<h2>Software Packages used:</h2>

Package Vendor: ARM
                http://www.keil.com/pack/ARM.CMSIS.5.0.1.pack
                ARM::CMSIS:CORE:5.0.1
                CMSIS (Cortex Microcontroller Software Interface Standard)
   * Component: CORE Version: 5.0.1

Package Vendor: Keil
                http://www.keil.com/pack/Keil.Kinetis_KEAxx_DFP.1.3.0.pack
                Keil::Device:Startup:1.0.0
                NXP Kinetis KEAxx Series Device Support and Examples
   * Component: Startup Version: 1.0.0

<h2>Collection of Component include folders:</h2>
  .\RTE\_KEA128
  d:\Keil_v5\ARM\PACK\ARM\CMSIS\5.0.1\CMSIS\Include
  d:\Keil_v5\ARM\PACK\Keil\Kinetis_KEAxx_DFP\1.3.0\Device\Include

<h2>Collection of Component Files used:</h2>

   * Component: ARM::CMSIS:CORE:5.0.1

   * Component: Keil::Device:Startup:1.0.0
      Source file:   Device\Source\ARM\startup_SKEAZ1284.s
      Source file:   Device\Source\system_SKEAZ1284.c
Build Time Elapsed:  00:02:18
</pre>
</body>
</html>
