Component: ARM Compiler 5.06 update 4 (build 422) Tool: armlink [4d35d2]

==============================================================================

Section Cross References

    main.o(i.SysHardware_Init) refers to bsp.o(i.Bsp_Clock_Init) for Bsp_Clock_Init
    main.o(i.SysHardware_Init) refers to bsp.o(i.Bsp_SysTick_Init) for Bsp_SysTick_Init
    main.o(i.SysHardware_Init) refers to bsp.o(i.Bsp_GPIO_Init) for Bsp_GPIO_Init
    main.o(i.SysHardware_Init) refers to bsp.o(i.Bsp_WDOG_Init) for Bsp_WDOG_Init
    main.o(i.SysHardware_Init) refers to bsp.o(i.Bsp_UART_Init) for Bsp_UART_Init
    main.o(i.SysHardware_Init) refers to bsp.o(i.Bsp_SPI_Init) for Bsp_SPI_Init
    main.o(i.SysHardware_Init) refers to bsp.o(i.Bsp_ADC_Init) for Bsp_ADC_Init
    main.o(i.SysHardware_Init) refers to bsp.o(i.Bsp_FLASH_Init) for Bsp_FLASH_Init
    main.o(i.SysSoftware_Init) refers to system.o(i.SysDataInit) for SysDataInit
    main.o(i.SysSoftware_Init) refers to app_dsp_adau1452.o(i.DspInit) for DspInit
    main.o(i.SysSoftware_Init) refers to app_connect.o(i.Check_Uart) for Check_Uart
    main.o(i.main) refers to main.o(i.SysHardware_Init) for SysHardware_Init
    main.o(i.main) refers to main.o(i.SysSoftware_Init) for SysSoftware_Init
    main.o(i.main) refers to bsp.o(i.Bsp_Relocation_Int) for Bsp_Relocation_Int
    main.o(i.main) refers to bsp.o(i.FeedDog) for FeedDog
    main.o(i.main) refers to task.o(i.SCH_Task_Execute) for SCH_Task_Execute
    main.o(i.main) refers to app_lowpower.o(i.TASK_AccOff_Pro) for TASK_AccOff_Pro
    main.o(i.main) refers to app_connect.o(i.BT_DataRxPro) for BT_DataRxPro
    main.o(i.main) refers to mw_uart.o(i.UartTxData) for UartTxData
    main.o(i.main) refers to app_bt.o(.bss) for BtRxModuel
    main.o(i.main) refers to app_connect.o(.data) for Uart_CONNECT
    main.o(i.main) refers to app_at.o(.data) for BtTemplag
    bsp.o(i.Bsp_ADC_Init) refers to mw_adc.o(i.SysAdcInit) for SysAdcInit
    bsp.o(i.Bsp_Clock_Init) refers to sysinit.o(i.sysinit) for sysinit
    bsp.o(i.Bsp_FLASH_Init) refers to mw_flash.o(i.SysFlashInit) for SysFlashInit
    bsp.o(i.Bsp_GPIO_Init) refers to gpio.o(i.GPIO_DeInit) for GPIO_DeInit
    bsp.o(i.Bsp_GPIO_Init) refers to mw_gpio.o(i.GPIOInit) for GPIOInit
    bsp.o(i.Bsp_I2C_Init) refers to mw_i2c.o(i.I2C0Init) for I2C0Init
    bsp.o(i.Bsp_I2C_Init) refers to mw_i2c.o(i.I2C1Init) for I2C1Init
    bsp.o(i.Bsp_PIT_Init) refers to pit.o(i.PIT_Init) for PIT_Init
    bsp.o(i.Bsp_Relocation_Int) refers to arm_cm0.o(i.write_vtor) for write_vtor
    bsp.o(i.Bsp_SPI_Init) refers to mw_spi.o(i.SysSpiInit) for SysSpiInit
    bsp.o(i.Bsp_SysTick_Close) refers to systick.o(i.systick_disable) for systick_disable
    bsp.o(i.Bsp_SysTick_Init) refers to bsp.o(i.NVIC_SetPriority) for NVIC_SetPriority
    bsp.o(i.Bsp_UART_Init) refers to mw_uart.o(i.SysUartInit) for SysUartInit
    bsp.o(i.Bsp_WDOG_Init) refers to wdog.o(i.WDOG_Init) for WDOG_Init
    bsp.o(i.Bsp_WDOG_Init) refers to wdog.o(i.WDOG_Enable) for WDOG_Enable
    bsp.o(i.FeedDog) refers to wdog.o(i.WDOG_Feed) for WDOG_Feed
    interrupt.o(i.KBI0_IRQHandler) refers to sch_common.o(i.SysWaitMs) for SysWaitMs
    interrupt.o(i.SysTick_Handler) refers to aeabi_sdiv.o(.text) for __aeabi_uidivmod
    interrupt.o(i.SysTick_Handler) refers to system.o(.bss) for Sys
    interrupt.o(i.UART0_IRQHandler) refers to mw_uart.o(i.UART_IntSerive) for UART_IntSerive
    interrupt.o(i.UART1_IRQHandler) refers to mw_uart.o(i.UART_IntSerive) for UART_IntSerive
    interrupt.o(i.UART2_IRQHandler) refers to mw_uart.o(i.UART_IntSerive) for UART_IntSerive
    system.o(i.SysDataInit) refers to sch_common.o(i.sch_memset) for sch_memset
    system.o(i.SysDataInit) refers to system.o(.bss) for Sys
    task.o(i.SCH_Task_Execute) refers to task.o(i.Task_4ms_Pro) for Task_4ms_Pro
    task.o(i.SCH_Task_Execute) refers to task.o(i.Task_8ms_Pro) for Task_8ms_Pro
    task.o(i.SCH_Task_Execute) refers to task.o(i.Task_16ms_Pro) for Task_16ms_Pro
    task.o(i.SCH_Task_Execute) refers to task.o(i.Task_100ms_Pro) for Task_100ms_Pro
    task.o(i.SCH_Task_Execute) refers to system.o(.bss) for Sys
    task.o(i.Task_100ms_Pro) refers to app_updata.o(i.IAP_Pro) for IAP_Pro
    task.o(i.Task_100ms_Pro) refers to app_led.o(i.TASK_LED_pro) for TASK_LED_pro
    task.o(i.Task_100ms_Pro) refers to system.o(.bss) for Sys
    task.o(i.Task_16ms_Pro) refers to app_amp.o(i.TASK_Amp_Pro) for TASK_Amp_Pro
    task.o(i.Task_4ms_Pro) refers to app_voltage.o(i.TASK_Voltage_Det) for TASK_Voltage_Det
    task.o(i.Task_8ms_Pro) refers to app_bt.o(i.TASK_Bt_Pro) for TASK_Bt_Pro
    task.o(i.Task_8ms_Pro) refers to app_power.o(i.TASK_Power_Pro) for TASK_Power_Pro
    task.o(i.Task_8ms_Pro) refers to app_eprom.o(i.TASK_Eeprom_Pro) for TASK_Eeprom_Pro
    task.o(i.Task_8ms_Pro) refers to app_dsp_adau1452.o(i.TASK_Dsp_Pro) for TASK_Dsp_Pro
    task.o(i.Task_8ms_Pro) refers to app_start.o(i.Start_Detect) for Start_Detect
[...]
    AppJumpToBootloader                      0x000055c5   Thumb Code    10  app_updata.o(i.AppJumpToBootloader)
    AtDataAnalyse                            0x000055d1   Thumb Code   324  app_at.o(i.AtDataAnalyse)
    AudioMute                                0x000057b1   Thumb Code    36  app_mute.o(i.AudioMute)
    Audio_Init                               0x000057d5   Thumb Code    22  app_start.o(i.Audio_Init)
    BT_DataRxPro                             0x000057f1   Thumb Code   918  app_connect.o(i.BT_DataRxPro)
    BT_IO_Init                               0x00005bad   Thumb Code    12  mw_gpio.o(i.BT_IO_Init)
    Bsp_ADC_Init                             0x00005bb9   Thumb Code     8  bsp.o(i.Bsp_ADC_Init)
    Bsp_Clock_Init                           0x00005bc1   Thumb Code     8  bsp.o(i.Bsp_Clock_Init)
    Bsp_FLASH_Init                           0x00005bc9   Thumb Code     8  bsp.o(i.Bsp_FLASH_Init)
    Bsp_GPIO_Init                            0x00005bd1   Thumb Code    30  bsp.o(i.Bsp_GPIO_Init)
    Bsp_Relocation_Int                       0x00005bf5   Thumb Code    12  bsp.o(i.Bsp_Relocation_Int)
    Bsp_SPI_Init                             0x00005c01   Thumb Code    20  bsp.o(i.Bsp_SPI_Init)
    Bsp_SysTick_Close                        0x00005c19   Thumb Code     8  bsp.o(i.Bsp_SysTick_Close)
    Bsp_SysTick_Init                         0x00005c21   Thumb Code    44  bsp.o(i.Bsp_SysTick_Init)
    Bsp_UART_Init                            0x00005c59   Thumb Code    34  bsp.o(i.Bsp_UART_Init)
    Bsp_WDOG_Close                           0x00005c7b   Thumb Code     2  bsp.o(i.Bsp_WDOG_Close)
    Bsp_WDOG_Init                            0x00005c7d   Thumb Code   100  bsp.o(i.Bsp_WDOG_Init)
    BtDataAnalyse                            0x00005ce1   Thumb Code  3004  app_bt.o(i.BtDataAnalyse)
    Bt_ACK                                   0x000068d5   Thumb Code   140  app_bt.o(i.Bt_ACK)
    Change_Uart                              0x00006971   Thumb Code    88  app_connect.o(i.Change_Uart)
    CheckVol                                 0x000069e1   Thumb Code    50  app_dsp_single_mute.o(i.CheckVol)
    Check_Uart                               0x00006a21   Thumb Code    62  app_connect.o(i.Check_Uart)
    ClearAllModeMessage                      0x00006a75   Thumb Code    24  sch_message.o(i.ClearAllModeMessage)
    ClearMessage                             0x00006a8d   Thumb Code    16  sch_message.o(i.ClearMessage)
    DSP_IO_Init                              0x00006aa1   Thumb Code    34  app_dsp_driver.o(i.DSP_IO_Init)
    DSP_TEST_Init                            0x00006ac5   Thumb Code    22  mw_gpio.o(i.DSP_TEST_Init)
    DSP_Test_Detect                          0x00006ae1   Thumb Code   166  mw_gpio.o(i.DSP_Test_Detect)
    Debug_CMD                                0x00006b99   Thumb Code   176  app_debug.o(i.Debug_CMD)
    DspDataInit                              0x00006c49   Thumb Code    48  app_dsp_adau1452.o(i.DspDataInit)
    DspInit                                  0x00006c79   Thumb Code    34  app_dsp_adau1452.o(i.DspInit)
    DspModeNameInit                          0x00006ca1   Thumb Code    30  app_dsp_adau1452.o(i.DspModeNameInit)
    Dsp_Data_Reset                           0x00006cc9   Thumb Code    52  app_dsp_adau1452.o(i.Dsp_Data_Reset)
    Dsp_Delay                                0x00006d01   Thumb Code    70  app_dsp_adau1452.o(i.Dsp_Delay)
    Dsp_Delay_Init                           0x00006d51   Thumb Code    24  app_dsp_adau1452.o(i.Dsp_Delay_Init)
    Dsp_EQ_Direct                            0x00006d6d   Thumb Code   146  app_dsp_eq.o(i.Dsp_EQ_Direct)
    Dsp_EQ_Init                              0x00006e05   Thumb Code   192  app_dsp_eq.o(i.Dsp_EQ_Init)
    Dsp_EQ_Left_Req                          0x00006ed1   Thumb Code   324  app_dsp_eq.o(i.Dsp_EQ_Left_Req)
    Dsp_EQ_Reset                             0x00007025   Thumb Code    90  app_dsp_eq.o(i.Dsp_EQ_Reset)
    Dsp_EQ_Right_Req                         0x00007089   Thumb Code   324  app_dsp_eq.o(i.Dsp_EQ_Right_Req)
    Dsp_EQ_Set                               0x000071dd   Thumb Code   348  app_dsp_eq.o(i.Dsp_EQ_Set)
    Dsp_File_TO_Flash                        0x0000734d   Thumb Code   422  app_dspdata_access.o(i.Dsp_File_TO_Flash)
    Dsp_Filter_Init                          0x00007505   Thumb Code   162  app_dsp_filter.o(i.Dsp_Filter_Init)
    Dsp_Filter_Reset                         0x000075b1   Thumb Code    80  app_dsp_filter.o(i.Dsp_Filter_Reset)
    Dsp_Flash_TO_File                        0x00007605   Thumb Code    94  app_dspdata_access.o(i.Dsp_Flash_TO_File)
    Dsp_GEN_Filter                           0x0000766d   Thumb Code   986  app_dsp_filter.o(i.Dsp_GEN_Filter)
    Dsp_Info_Data                            0x00007a59   Thumb Code   414  app_dsp_readback.o(i.Dsp_Info_Data)
    Dsp_Info_Det                             0x00007c19   Thumb Code   210  app_dsp_readback.o(i.Dsp_Info_Det)
    Dsp_Load                                 0x00007d01   Thumb Code    56  app_dspdata_access.o(i.Dsp_Load)
    Dsp_Load_Mode_Name                       0x00007d45   Thumb Code    22  app_dspdata_access.o(i.Dsp_Load_Mode_Name)
    Dsp_Mix_Init                             0x00007d61   Thumb Code    66  app_dsp_mix.o(i.Dsp_Mix_Init)
    Dsp_Mix_Input                            0x00007da9   Thumb Code   104  app_dsp_mix.o(i.Dsp_Mix_Input)
    Dsp_Mix_Mixer                            0x00007e21   Thumb Code   148  app_dsp_mix.o(i.Dsp_Mix_Mixer)
    Dsp_Mute                                 0x00007ec9   Thumb Code    34  app_dsp_single_mute.o(i.Dsp_Mute)
    Dsp_Mute_A                               0x00007ef1   Thumb Code   118  app_dsp_single_mute.o(i.Dsp_Mute_A)
    Dsp_Mute_Direct                          0x00007f71   Thumb Code    34  app_dsp_single_mute.o(i.Dsp_Mute_Direct)
    Dsp_Mute_Init                            0x00007f99   Thumb Code    20  app_dsp_single_mute.o(i.Dsp_Mute_Init)
    Dsp_OFF                                  0x00007fb1   Thumb Code   106  app_dsp_adau1452.o(i.Dsp_OFF)
    Dsp_ON                                   0x00008025   Thumb Code    52  app_dsp_adau1452.o(i.Dsp_ON)
    Dsp_OutPutChl                            0x0000805d   Thumb Code    78  app_dsp_adau1452.o(i.Dsp_OutPutChl)
    Dsp_OutPutChl_Init                       0x000080bd   Thumb Code    18  app_dsp_adau1452.o(i.Dsp_OutPutChl_Init)
    Dsp_PowerOnInit                          0x000080d5   Thumb Code   170  app_dsp_adau1452.o(i.Dsp_PowerOnInit)
    Dsp_ReName                               0x0000818d   Thumb Code    30  app_dsp_adau1452.o(i.Dsp_ReName)
    Dsp_ReName_Init                          0x000081b1   Thumb Code    34  app_dsp_adau1452.o(i.Dsp_ReName_Init)
    Dsp_Single                               0x000081dd   Thumb Code   118  app_dsp_single_mute.o(i.Dsp_Single)
    Dsp_Single_A                             0x00008259   Thumb Code   146  app_dsp_single_mute.o(i.Dsp_Single_A)
    Dsp_Single_Init                          0x00008305   Thumb Code    44  app_dsp_single_mute.o(i.Dsp_Single_Init)
    Dsp_Store                                0x00008335   Thumb Code    48  app_dspdata_access.o(i.Dsp_Store)
    Dsp_StoreLoadPro                         0x00008371   Thumb Code   476  app_dspdata_access.o(i.Dsp_StoreLoadPro)
    Dsp_Store_Mode_Name                      0x0000855d   Thumb Code    22  app_dspdata_access.o(i.Dsp_Store_Mode_Name)
    Dsp_TestMode                             0x00008579   Thumb Code   120  app_dsp_adau1452.o(i.Dsp_TestMode)
    Dsp_Unite                                0x000085f9   Thumb Code   178  app_dsp_adau1452.o(i.Dsp_Unite)
    Dsp_Updata                               0x000086b5   Thumb Code   292  app_dsp_adau1452.o(i.Dsp_Updata)
    Dsp_VolUpdate                            0x000087e9   Thumb Code   108  app_dsp_single_mute.o(i.Dsp_VolUpdate)
    EQ_Algorithm                             0x00008859   Thumb Code   536  app_dsp_eq.o(i.EQ_Algorithm)
    EmergencyPowerDown                       0x00008a95   Thumb Code    20  app_voltage.o(i.EmergencyPowerDown)
    EnterPowerOff                            0x00008aa9   Thumb Code    78  app_power.o(i.EnterPowerOff)
    Eprom_IO_Init                            0x00008b05   Thumb Code    18  app_eprom.o(i.Eprom_IO_Init)
    Eprom_RD_Data                            0x00008b17   Thumb Code    84  app_eprom.o(i.Eprom_RD_Data)
    Eprom_SE_Data                            0x00008b6b   Thumb Code    80  app_eprom.o(i.Eprom_SE_Data)
    Eprom_WR_Command                         0x00008bbb   Thumb Code    56  app_eprom.o(i.Eprom_WR_Command)
    Eprom_WR_Data                            0x00008bf3   Thumb Code    82  app_eprom.o(i.Eprom_WR_Data)
    Eprom_WR_Order                           0x00008c45   Thumb Code    26  app_eprom.o(i.Eprom_WR_Order)
    ExchangeTwoVariable_U8                   0x00008c5f   Thumb Code    26  sch_common.o(i.ExchangeTwoVariable_U8)
    FEI_to_FBE_OSC                           0x00008c79   Thumb Code   112  ics.o(i.FEI_to_FBE_OSC)
    FEI_to_FEE                               0x00008ced   Thumb Code    84  ics.o(i.FEI_to_FEE)
    FEI_to_FEE_OSC                           0x00008d45   Thumb Code    84  ics.o(i.FEI_to_FEE_OSC)
    FLASH_EraseSector                        0x00008d9d   Thumb Code   134  flash.o(i.FLASH_EraseSector)
    FLASH_Init                               0x00008e2d   Thumb Code   130  flash.o(i.FLASH_Init)
    FLASH_LaunchCMD                          0x00008ebd   Thumb Code    40  flash.o(i.FLASH_LaunchCMD)
    FLASH_Program1LongWord                   0x00008eed   Thumb Code   162  flash.o(i.FLASH_Program1LongWord)
    FLASH_Program2LongWords                  0x00008f99   Thumb Code   190  flash.o(i.FLASH_Program2LongWords)
    FeedDog                                  0x00009061   Thumb Code     8  bsp.o(i.FeedDog)
    Filter_1st_Order_Butterworth             0x00009069   Thumb Code   442  app_dsp_filter.o(i.Filter_1st_Order_Butterworth)
    Filter_2st_Order_Bessel                  0x00009235   Thumb Code   654  app_dsp_filter.o(i.Filter_2st_Order_Bessel)
    Filter_2st_Order_Butterworth             0x000094d9   Thumb Code   656  app_dsp_filter.o(i.Filter_2st_Order_Butterworth)
    Filter_Bypassed                          0x00009779   Thumb Code    38  app_dsp_filter.o(i.Filter_Bypassed)
    Filter_Higher_Order_Butterworth          0x000097a5   Thumb Code   728  app_dsp_filter.o(i.Filter_Higher_Order_Butterworth)
    Flash_Dsp_RD                             0x00009a91   Thumb Code   392  app_eprom.o(i.Flash_Dsp_RD)
    Flash_Dsp_SE                             0x00009c1d   Thumb Code    82  app_eprom.o(i.Flash_Dsp_SE)
    Flash_Dsp_WR                             0x00009c71   Thumb Code   486  app_eprom.o(i.Flash_Dsp_WR)
    Flash_Erase                              0x00009e61   Thumb Code    22  mw_flash.o(i.Flash_Erase)
    Flash_Get_DspNum                         0x00009e79   Thumb Code    28  app_dsp_adau1452.o(i.Flash_Get_DspNum)
    Flash_Program_U8                         0x00009e99   Thumb Code   200  mw_flash.o(i.Flash_Program_U8)
    Flash_Quick_RD                           0x00009f61   Thumb Code    24  mw_flash.o(i.Flash_Quick_RD)
    Flash_Quick_RD_U8                        0x00009f79   Thumb Code    36  mw_flash.o(i.Flash_Quick_RD_U8)
    Flash_Quick_WR                           0x00009f9d   Thumb Code    30  mw_flash.o(i.Flash_Quick_WR)
    Flash_Quick_WR_U8                        0x00009fbb   Thumb Code    34  mw_flash.o(i.Flash_Quick_WR_U8)
    Flash_RD_State_Clear                     0x00009fdd   Thumb Code     8  app_eprom.o(i.Flash_RD_State_Clear)
    Flash_Read                               0x00009fe9   Thumb Code    22  mw_flash.o(i.Flash_Read)
    Flash_Set_DspNum                         0x0000a001   Thumb Code    14  app_dsp_adau1452.o(i.Flash_Set_DspNum)
    Flash_WR_State_Clear                     0x0000a015   Thumb Code     8  app_eprom.o(i.Flash_WR_State_Clear)
    Flash_Write                              0x0000a021   Thumb Code    26  mw_flash.o(i.Flash_Write)
    GPIOInit                                 0x0000a03b   Thumb Code    44  mw_gpio.o(i.GPIOInit)
    GPIO_DeInit                              0x0000a067   Thumb Code    20  gpio.o(i.GPIO_DeInit)
    GPIO_Init                                0x0000a07d   Thumb Code   338  gpio.o(i.GPIO_Init)
    GPIO_PinClear                            0x0000a1dd   Thumb Code    58  gpio.o(i.GPIO_PinClear)
    GPIO_PinInit                             0x0000a21d   Thumb Code   816  gpio.o(i.GPIO_PinInit)
    GPIO_PinSet                              0x0000a555   Thumb Code    58  gpio.o(i.GPIO_PinSet)
    GPIO_ReadInputPin                        0x0000a595   Thumb Code    54  mw_gpio.o(i.GPIO_ReadInputPin)
    GetCheckData_Xor                         0x0000a5d1   Thumb Code    26  sch_common.o(i.GetCheckData_Xor)
    GetMax                                   0x0000a5eb   Thumb Code    14  sch_common.o(i.GetMax)
    GetMessage                               0x0000a5f9   Thumb Code    22  sch_message.o(i.GetMessage)
    GetMin                                   0x0000a615   Thumb Code    14  sch_common.o(i.GetMin)
    Get_Uart_Choose                          0x0000a623   Thumb Code    26  app_connect.o(i.Get_Uart_Choose)
    Hardware_Ver_Pro                         0x0000a63d   Thumb Code    28  app_power.o(i.Hardware_Ver_Pro)
    I2C1Out8Bit                              0x0000a65d   Thumb Code   156  mw_i2c.o(i.I2C1Out8Bit)
    I2C1Start                                0x0000a6fd   Thumb Code    66  mw_i2c.o(i.I2C1Start)
    I2C1Stop                                 0x0000a745   Thumb Code   104  mw_i2c.o(i.I2C1Stop)
    I2C1_IsFindAddr                          0x0000a7b1   Thumb Code    60  mw_i2c.o(i.I2C1_IsFindAddr)
    I2C1_Tx                                  0x0000a7ed   Thumb Code    68  mw_i2c.o(i.I2C1_Tx)
    I2CWait                                  0x0000a831   Thumb Code    98  mw_i2c.o(i.I2CWait)
    IAP_Pro                                  0x0000a893   Thumb Code    44  app_updata.o(i.IAP_Pro)
    ICS_Init                                 0x0000a8c1   Thumb Code    96  ics.o(i.ICS_Init)
    ICS_SetClkDivider                        0x0000a925   Thumb Code   136  ics.o(i.ICS_SetClkDivider)
    ICS_Trim                                 0x0000a9b9   Thumb Code    38  ics.o(i.ICS_Trim)
    IRQ_IRQHandler                           0x0000a9e5   Thumb Code    14  interrupt.o(i.IRQ_IRQHandler)
    In_IapMode                               0x0000a9f9   Thumb Code    12  app_updata.o(i.In_IapMode)
    Is_PASSWORD                              0x0000aa09   Thumb Code    50  app_bt.o(i.Is_PASSWORD)
    KBI0_IRQHandler                          0x0000aa41   Thumb Code    74  interrupt.o(i.KBI0_IRQHandler)
    KBI_DeInit                               0x0000aa91   Thumb Code    70  kbi.o(i.KBI_DeInit)
    KBI_Init                                 0x0000aae1   Thumb Code   402  kbi.o(i.KBI_Init)
    LED_Ctl                                  0x0000ac8d   Thumb Code    24  app_led.o(i.LED_Ctl)
    LED_IO_Init                              0x0000aca5   Thumb Code    12  app_led.o(i.LED_IO_Init)
    LimitMaxMin                              0x0000acb1   Thumb Code    32  sch_common.o(i.LimitMaxMin)
    M2B_TxService                            0x0000acd1   Thumb Code  2310  app_bt.o(i.M2B_TxService)
    MUTE_Ctl                                 0x0000b5ed   Thumb Code    90  app_mute.o(i.MUTE_Ctl)
    MUTE_IO_Init                             0x0000b64d   Thumb Code    12  app_mute.o(i.MUTE_IO_Init)
    OSC_Init                                 0x0000b7ad   Thumb Code   102  ics.o(i.OSC_Init)
    PMC_SetMode                              0x0000b819   Thumb Code    70  pmc.o(i.PMC_SetMode)
    PWR_IO_Init                              0x0000b85f   Thumb Code    20  mw_gpio.o(i.PWR_IO_Init)
    PostMessage                              0x0000b875   Thumb Code    42  sch_message.o(i.PostMessage)
    PowerMessage                             0x0000b8a5   Thumb Code   138  app_power.o(i.PowerMessage)
    PowerOffSystemModule                     0x0000b935   Thumb Code    10  app_power.o(i.PowerOffSystemModule)
    PowerOnSystemModule                      0x0000b941   Thumb Code    42  app_power.o(i.PowerOnSystemModule)
    Queue_Cnt                                0x0000b971   Thumb Code     6  sch_queue.o(i.Queue_Cnt)
    Queue_In                                 0x0000b977   Thumb Code    94  sch_queue.o(i.Queue_In)
    Queue_Init                               0x0000b9d5   Thumb Code    30  sch_queue.o(i.Queue_Init)
    Queue_Out                                0x0000b9f3   Thumb Code    90  sch_queue.o(i.Queue_Out)
    ResetIO                                  0x0000ba4d   Thumb Code    38  app_lowpower.o(i.ResetIO)
    SCH_Task_Execute                         0x0000ba79   Thumb Code   124  task.o(i.SCH_Task_Execute)
    SIGMASTUDIOTYPE                          0x0000baf9   Thumb Code    62  app_dsp_adau1452.o(i.SIGMASTUDIOTYPE)
    SIGMA_READ                               0x0000bb3d   Thumb Code    72  app_dsp_driver.o(i.SIGMA_READ)
    SIGMA_SAFELOAD_WRITE_REGISTER            0x0000bb85   Thumb Code    96  app_dsp_driver.o(i.SIGMA_SAFELOAD_WRITE_REGISTER)
    SIGMA_WRITE                              0x0000bbe9   Thumb Code    76  app_dsp_driver.o(i.SIGMA_WRITE)
    SIGMA_WRITE_DELAY                        0x0000bc35   Thumb Code    60  app_dsp_driver.o(i.SIGMA_WRITE_DELAY)
    SIGMA_WRITE_REGISTER_BLOCK               0x0000bc71   Thumb Code    78  app_dsp_driver.o(i.SIGMA_WRITE_REGISTER_BLOCK)
    SIM_Init                                 0x0000bcc1   Thumb Code   200  sim.o(i.SIM_Init)
    SPI0_IRQHandler                          0x0000bd8d   Thumb Code     2  interrupt.o(i.SPI0_IRQHandler)
    SPI1_IRQHandler                          0x0000bd8f   Thumb Code     2  interrupt.o(i.SPI1_IRQHandler)
    SPI_DeInit                               0x0000bd91   Thumb Code    26  spi.o(i.SPI_DeInit)
    SPI_Init                                 0x0000bdad   Thumb Code   442  spi.o(i.SPI_Init)
    SPI_RW                                   0x0000bf91   Thumb Code    62  mw_spi.o(i.SPI_RW)
    SPI_SetBaudRate                          0x0000bfd5   Thumb Code   106  spi.o(i.SPI_SetBaudRate)
    SYS_Power_Ctl                            0x0000c05d   Thumb Code    52  mw_gpio.o(i.SYS_Power_Ctl)
    Set_PASSWORD                             0x0000c095   Thumb Code    16  app_bt.o(i.Set_PASSWORD)
    Set_Uart_Choose                          0x0000c0a5   Thumb Code    14  app_connect.o(i.Set_Uart_Choose)
    SpiBufInit                               0x0000c0b5   Thumb Code    36  mw_spi.o(i.SpiBufInit)
    Start_Detect                             0x0000c0dd   Thumb Code   196  app_start.o(i.Start_Detect)
    Start_IO_Init                            0x0000c1a5   Thumb Code    12  app_start.o(i.Start_IO_Init)
    SysAdcExit                               0x0000c1b1   Thumb Code    10  mw_adc.o(i.SysAdcExit)
    SysAdcInit                               0x0000c1c1   Thumb Code    32  mw_adc.o(i.SysAdcInit)
    SysDataInit                              0x0000c1e5   Thumb Code    60  system.o(i.SysDataInit)
    SysFlashInit                             0x0000c225   Thumb Code    10  mw_flash.o(i.SysFlashInit)
    SysHardware_Init                         0x0000c235   Thumb Code    36  main.o(i.SysHardware_Init)
    SysLowPowerExit                          0x0000c259   Thumb Code    24  app_lowpower.o(i.SysLowPowerExit)
    SysLowPowerInit                          0x0000c271   Thumb Code    50  app_lowpower.o(i.SysLowPowerInit)
    SysSoftware_Init                         0x0000c2a3   Thumb Code    16  main.o(i.SysSoftware_Init)
    SysSpiExit                               0x0000c2b5   Thumb Code   160  mw_spi.o(i.SysSpiExit)
    SysSpiInit                               0x0000c365   Thumb Code   242  mw_spi.o(i.SysSpiInit)
    SysTick_Handler                          0x0000c469   Thumb Code   140  interrupt.o(i.SysTick_Handler)
    SysUartExit                              0x0000c4fd   Thumb Code   204  mw_uart.o(i.SysUartExit)
    SysUartInit                              0x0000c5dd   Thumb Code   190  mw_uart.o(i.SysUartInit)
    SysWait1Us                               0x0000c6b1   Thumb Code    28  sch_common.o(i.SysWait1Us)
    SysWaitMs                                0x0000c6cd   Thumb Code    24  sch_common.o(i.SysWaitMs)
    SysWaitUs                                0x0000c6e5   Thumb Code    20  sch_common.o(i.SysWaitUs)
    SysWakeUpExit_FromACC                    0x0000c6f9   Thumb Code    44  app_lowpower.o(i.SysWakeUpExit_FromACC)
    SysWakeUpExit_FromKBI                    0x0000c72d   Thumb Code    10  app_lowpower.o(i.SysWakeUpExit_FromKBI)
    SysWakeUpExit_FromRTC                    0x0000c73d   Thumb Code     2  app_lowpower.o(i.SysWakeUpExit_FromRTC)
    SysWakeUpInit_FromACC                    0x0000c741   Thumb Code    46  app_lowpower.o(i.SysWakeUpInit_FromACC)
    SysWakeUpInit_FromKBI                    0x0000c77d   Thumb Code   118  app_lowpower.o(i.SysWakeUpInit_FromKBI)
    SysWakeUpInit_FromRTC                    0x0000c7f9   Thumb Code     2  app_lowpower.o(i.SysWakeUpInit_FromRTC)
    SystemInit                               0x0000c7fd   Thumb Code    90  system_skeaz1284.o(i.SystemInit)
    SystemPowerUp                            0x0000c86d   Thumb Code    54  app_power.o(i.SystemPowerUp)
    TASK_AccOff_Pro                          0x0000c8a5   Thumb Code   218  app_lowpower.o(i.TASK_AccOff_Pro)
    TASK_Amp_Pro                             0x0000c989   Thumb Code   106  app_amp.o(i.TASK_Amp_Pro)
    TASK_Bt_Pro                              0x0000c9f9   Thumb Code   152  app_bt.o(i.TASK_Bt_Pro)
    TASK_Dsp_Pro                             0x0000ca9d   Thumb Code    24  app_dsp_adau1452.o(i.TASK_Dsp_Pro)
    TASK_Eeprom_Pro                          0x0000cab5   Thumb Code     2  app_eprom.o(i.TASK_Eeprom_Pro)
    TASK_LED_pro                             0x0000cab9   Thumb Code    30  app_led.o(i.TASK_LED_pro)
    TASK_Power_Pro                           0x0000cadd   Thumb Code   620  app_power.o(i.TASK_Power_Pro)
    TASK_Voltage_Det                         0x0000cd59   Thumb Code   284  app_voltage.o(i.TASK_Voltage_Det)
    TDF8541Init                              0x0000ce81   Thumb Code    28  app_tdf8541.o(i.TDF8541Init)
    TDF8541_AmpMute                          0x0000cea5   Thumb Code    60  app_tdf8541.o(i.TDF8541_AmpMute)
    Task_100ms_Pro                           0x0000cee9   Thumb Code    24  task.o(i.Task_100ms_Pro)
    Task_16ms_Pro                            0x0000cf05   Thumb Code     8  task.o(i.Task_16ms_Pro)
    Task_4ms_Pro                             0x0000cf0d   Thumb Code     8  task.o(i.Task_4ms_Pro)
    Task_8ms_Pro                             0x0000cf15   Thumb Code    28  task.o(i.Task_8ms_Pro)
    UART0_IRQHandler                         0x0000cf31   Thumb Code    10  interrupt.o(i.UART0_IRQHandler)
    UART1_IRQHandler                         0x0000cf3b   Thumb Code    10  interrupt.o(i.UART1_IRQHandler)
    UART2_IRQHandler                         0x0000cf45   Thumb Code    10  interrupt.o(i.UART2_IRQHandler)
    UART_CheckFlag                           0x0000cf4f   Thumb Code    24  uart.o(i.UART_CheckFlag)
    UART_DisableInterrupt                    0x0000cf67   Thumb Code   112  uart.o(i.UART_DisableInterrupt)
    UART_EnableInterrupt                     0x0000cfd7   Thumb Code   112  uart.o(i.UART_EnableInterrupt)
    UART_GetChar                             0x0000d047   Thumb Code    18  uart.o(i.UART_GetChar)
    UART_GetFlags                            0x0000d059   Thumb Code    16  uart.o(i.UART_GetFlags)
    UART_Init                                0x0000d069   Thumb Code   128  uart.o(i.UART_Init)
    UART_IntSerive                           0x0000d0f5   Thumb Code    80  mw_uart.o(i.UART_IntSerive)
    UART_PutChar                             0x0000d149   Thumb Code    16  uart.o(i.UART_PutChar)
    UartBufCnt                               0x0000d159   Thumb Code    32  mw_uart.o(i.UartBufCnt)
    UartBufInit                              0x0000d17d   Thumb Code    36  mw_uart.o(i.UartBufInit)
    UartGetFromBuf                           0x0000d1a5   Thumb Code    42  mw_uart.o(i.UartGetFromBuf)
    UartPutToBuf                             0x0000d1d5   Thumb Code    42  mw_uart.o(i.UartPutToBuf)
    UartRxCnt                                0x0000d205   Thumb Code    14  mw_uart.o(i.UartRxCnt)
    UartRxData                               0x0000d213   Thumb Code    22  mw_uart.o(i.UartRxData)
    UartSendData8                            0x0000d229   Thumb Code    20  mw_uart.o(i.UartSendData8)
    UartTxCnt                                0x0000d241   Thumb Code    14  mw_uart.o(i.UartTxCnt)
    UartTxData                               0x0000d24f   Thumb Code    72  mw_uart.o(i.UartTxData)
    UartTxIntDis                             0x0000d299   Thumb Code    18  mw_uart.o(i.UartTxIntDis)
    UartTxIntEn                              0x0000d2b1   Thumb Code    18  mw_uart.o(i.UartTxIntEn)
    Uart_Rx_DataPro                          0x0000d2c9   Thumb Code    18  mw_uart.o(i.Uart_Rx_DataPro)
    Uart_Tx_DataPro                          0x0000d2db   Thumb Code    58  mw_uart.o(i.Uart_Tx_DataPro)
    Vol_Ctl                                  0x0000d315   Thumb Code    34  app_dsp_single_mute.o(i.Vol_Ctl)
    WDOG_Enable                              0x0000d341   Thumb Code    24  wdog.o(i.WDOG_Enable)
    WDOG_Feed                                0x0000d365   Thumb Code    16  wdog.o(i.WDOG_Feed)
    WDOG_Init                                0x0000d381   Thumb Code   168  wdog.o(i.WDOG_Init)
    __ARM_common_ll_muluu                    0x0000d435   Thumb Code    50  rred.o(i.__ARM_common_ll_muluu)
    __ARM_common_switch8                     0x0000d467   Thumb Code    28  app_power.o(i.__ARM_common_switch8)
    __ARM_fpclassify                         0x0000d485   Thumb Code    40  fpclassify.o(i.__ARM_fpclassify)
    __ieee754_rem_pio2                       0x0000d4b1   Thumb Code   838  rred.o(i.__ieee754_rem_pio2)
    __kernel_cos                             0x0000d84d   Thumb Code   224  cos_i.o(i.__kernel_cos)
    __kernel_poly                            0x0000d941   Thumb Code   172  poly.o(i.__kernel_poly)
    __kernel_sin                             0x0000d9ed   Thumb Code   222  sin_i.o(i.__kernel_sin)
    __mathlib_dbl_divzero                    0x0000dad9   Thumb Code    16  dunder.o(i.__mathlib_dbl_divzero)
    __mathlib_dbl_infnan                     0x0000daed   Thumb Code    10  dunder.o(i.__mathlib_dbl_infnan)
    __mathlib_dbl_infnan2                    0x0000daf7   Thumb Code     8  dunder.o(i.__mathlib_dbl_infnan2)
    __mathlib_dbl_invalid                    0x0000daff   Thumb Code    16  dunder.o(i.__mathlib_dbl_invalid)
    __mathlib_dbl_overflow                   0x0000db11   Thumb Code    16  dunder.o(i.__mathlib_dbl_overflow)
    __mathlib_dbl_underflow                  0x0000db25   Thumb Code    14  dunder.o(i.__mathlib_dbl_underflow)
    cos                                      0x0000db39   Thumb Code   142  cos.o(i.cos)
    default_download_IC_1                    0x0000dbd1   Thumb Code   864  app_dsp_adau1452.o(i.default_download_IC_1)
    main                                     0x0000e051   Thumb Code   106  main.o(i.main)
    pow                                      0x0000e0f9   Thumb Code  2548  pow.o(i.pow)
    sch_compare                              0x0000eaf5   Thumb Code    40  sch_common.o(i.sch_compare)
    sch_memcpy                               0x0000eb1d   Thumb Code    28  sch_common.o(i.sch_memcpy)
    sch_memset                               0x0000eb39   Thumb Code    22  sch_common.o(i.sch_memset)
    sin                                      0x0000eb51   Thumb Code   146  sin.o(i.sin)
    sqrt                                     0x0000ebed   Thumb Code    66  sqrt.o(i.sqrt)
    stop                                     0x0000ec35   Thumb Code    16  arm_cm0.o(i.stop)
    sysinit                                  0x0000ec49   Thumb Code   118  sysinit.o(i.sysinit)
    systick_disable                          0x0000eccd   Thumb Code    14  systick.o(i.systick_disable)
    u8_TO_u32                                0x0000ece1   Thumb Code    34  mw_flash.o(i.u8_TO_u32)
    wait                                     0x0000ed05   Thumb Code    16  arm_cm0.o(i.wait)
    write_vtor                               0x0000ed19   Thumb Code     6  arm_cm0.o(i.write_vtor)
    __aeabi_cdcmpeq                          0x0000ed25   Thumb Code     0  deqf.o(x$fpl$deqf)
    _dcmpeq                                  0x0000ed25   Thumb Code    94  deqf.o(x$fpl$deqf)
    __aeabi_cdcmple                          0x0000ed89   Thumb Code     0  dlef.o(x$fpl$dleqf)
    _dcmple                                  0x0000ed89   Thumb Code    94  dlef.o(x$fpl$dleqf)
    __aeabi_cdrcmple                         0x0000eded   Thumb Code     0  drlef.o(x$fpl$drleqf)
    _drcmple                                 0x0000eded   Thumb Code   100  drlef.o(x$fpl$drleqf)
    UartBufAddr                              0x0000ee54   Data          32  mw_uart.o(.constdata)
    __I$use$fp                               0x0000ee54   Number         0  usenofp.o(x$fpl$usenofp)
    VoltageTable                             0x0000ee74   Data          16  app_voltage.o(.constdata)
    AmpChipAddr                              0x0000ee84   Data           4  app_amp.o(.constdata)
    AmpDllLoader                             0x0000ee88   Data          16  app_amp.o(.constdata)
    DefaultPassword                          0x0000ee98   Data           6  app_bt.o(.constdata)
    DM1_DATA_Data_IC_1                       0x0000eea0   Data       33184  app_dsp_adau1452.o(.constdata)
    Program_Data_IC_1                        0x00017040   Data        9916  app_dsp_adau1452.o(.constdata)
    Param_Data_IC_1                          0x000196fc   Data       11316  app_dsp_adau1452.o(.constdata)
    R0_SOFT_RESET_IC_1_Default               0x0001c330   Data           2  app_dsp_adau1452.o(.constdata)
    R1_SOFT_RESET_IC_1_Default               0x0001c332   Data           2  app_dsp_adau1452.o(.constdata)
    R2_RESET_DELAY_IC_1_Default              0x0001c334   Data           2  app_dsp_adau1452.o(.constdata)
    R3_HIBERNATE_IC_1_Default                0x0001c336   Data           2  app_dsp_adau1452.o(.constdata)
    R4_HIBERNATE_IC_1_Default                0x0001c338   Data           2  app_dsp_adau1452.o(.constdata)
    R5_HIBERNATE_DELAY_IC_1_Default          0x0001c33a   Data           2  app_dsp_adau1452.o(.constdata)
    R6_KILL_CORE_IC_1_Default                0x0001c33c   Data           2  app_dsp_adau1452.o(.constdata)
    R7_KILL_CORE_IC_1_Default                0x0001c33e   Data           2  app_dsp_adau1452.o(.constdata)
    R8_PLL_ENABLE_IC_1_Default               0x0001c340   Data           2  app_dsp_adau1452.o(.constdata)
    R9_PLL_CTRL0_IC_1_Default                0x0001c342   Data           2  app_dsp_adau1452.o(.constdata)
    R10_PLL_CTRL1_IC_1_Default               0x0001c344   Data           2  app_dsp_adau1452.o(.constdata)
    R11_PLL_CLK_SRC_IC_1_Default             0x0001c346   Data           2  app_dsp_adau1452.o(.constdata)
    R12_MCLK_OUT_IC_1_Default                0x0001c348   Data           2  app_dsp_adau1452.o(.constdata)
    R13_PLL_ENABLE_IC_1_Default              0x0001c34a   Data           2  app_dsp_adau1452.o(.constdata)
    R14_PLL_LOCK_DELAY_IC_1_Default          0x0001c34c   Data           2  app_dsp_adau1452.o(.constdata)
    R15_POWER_ENABLE0_IC_1_Default           0x0001c34e   Data           2  app_dsp_adau1452.o(.constdata)
    R16_POWER_ENABLE1_IC_1_Default           0x0001c350   Data           2  app_dsp_adau1452.o(.constdata)
    R17_ASRC_INPUT0_IC_1_Default             0x0001c352   Data           2  app_dsp_adau1452.o(.constdata)
    R18_ASRC_OUT_RATE0_IC_1_Default          0x0001c354   Data           2  app_dsp_adau1452.o(.constdata)
    R19_SOUT_SOURCE0_IC_1_Default            0x0001c356   Data           2  app_dsp_adau1452.o(.constdata)
    R20_SOUT_SOURCE1_IC_1_Default            0x0001c358   Data           2  app_dsp_adau1452.o(.constdata)
    R21_SOUT_SOURCE2_IC_1_Default            0x0001c35a   Data           2  app_dsp_adau1452.o(.constdata)
    R22_SOUT_SOURCE3_IC_1_Default            0x0001c35c   Data           2  app_dsp_adau1452.o(.constdata)
    R23_SOUT_SOURCE4_IC_1_Default            0x0001c35e   Data           2  app_dsp_adau1452.o(.constdata)
    R24_SOUT_SOURCE5_IC_1_Default            0x0001c360   Data           2  app_dsp_adau1452.o(.constdata)
    R25_SOUT_SOURCE6_IC_1_Default            0x0001c362   Data           2  app_dsp_adau1452.o(.constdata)
    R26_SOUT_SOURCE7_IC_1_Default            0x0001c364   Data           2  app_dsp_adau1452.o(.constdata)
    R27_SOUT_SOURCE8_IC_1_Default            0x0001c366   Data           2  app_dsp_adau1452.o(.constdata)
    R28_SOUT_SOURCE9_IC_1_Default            0x0001c368   Data           2  app_dsp_adau1452.o(.constdata)
    R29_SOUT_SOURCE10_IC_1_Default           0x0001c36a   Data           2  app_dsp_adau1452.o(.constdata)
    R30_SOUT_SOURCE11_IC_1_Default           0x0001c36c   Data           2  app_dsp_adau1452.o(.constdata)
    R31_SOUT_SOURCE12_IC_1_Default           0x0001c36e   Data           2  app_dsp_adau1452.o(.constdata)
    R32_SOUT_SOURCE13_IC_1_Default           0x0001c370   Data           2  app_dsp_adau1452.o(.constdata)
    R33_SOUT_SOURCE14_IC_1_Default           0x0001c372   Data           2  app_dsp_adau1452.o(.constdata)
    R34_SOUT_SOURCE15_IC_1_Default           0x0001c374   Data           2  app_dsp_adau1452.o(.constdata)
    R35_SOUT_SOURCE16_IC_1_Default           0x0001c376   Data           2  app_dsp_adau1452.o(.constdata)
    R36_SOUT_SOURCE17_IC_1_Default           0x0001c378   Data           2  app_dsp_adau1452.o(.constdata)
    R37_SOUT_SOURCE18_IC_1_Default           0x0001c37a   Data           2  app_dsp_adau1452.o(.constdata)
    R38_SOUT_SOURCE19_IC_1_Default           0x0001c37c   Data           2  app_dsp_adau1452.o(.constdata)
    R39_SOUT_SOURCE20_IC_1_Default           0x0001c37e   Data           2  app_dsp_adau1452.o(.constdata)
    R40_SOUT_SOURCE21_IC_1_Default           0x0001c380   Data           2  app_dsp_adau1452.o(.constdata)
    R41_SOUT_SOURCE22_IC_1_Default           0x0001c382   Data           2  app_dsp_adau1452.o(.constdata)
    R42_SOUT_SOURCE23_IC_1_Default           0x0001c384   Data           2  app_dsp_adau1452.o(.constdata)
    R43_SPDIFTX_INPUT_IC_1_Default           0x0001c386   Data           2  app_dsp_adau1452.o(.constdata)
    R44_SERIAL_BYTE_0_0_IC_1_Default         0x0001c388   Data           2  app_dsp_adau1452.o(.constdata)
    R45_SERIAL_BYTE_1_0_IC_1_Default         0x0001c38a   Data           2  app_dsp_adau1452.o(.constdata)
    R46_SERIAL_BYTE_2_0_IC_1_Default         0x0001c38c   Data           2  app_dsp_adau1452.o(.constdata)
    R47_SERIAL_BYTE_3_0_IC_1_Default         0x0001c38e   Data           2  app_dsp_adau1452.o(.constdata)
    R48_SERIAL_BYTE_4_0_IC_1_Default         0x0001c390   Data           2  app_dsp_adau1452.o(.constdata)
    R49_SERIAL_BYTE_5_0_IC_1_Default         0x0001c392   Data           2  app_dsp_adau1452.o(.constdata)
    R50_SERIAL_BYTE_6_0_IC_1_Default         0x0001c394   Data           2  app_dsp_adau1452.o(.constdata)
    R51_SERIAL_BYTE_7_0_IC_1_Default         0x0001c396   Data           2  app_dsp_adau1452.o(.constdata)
    R52_SPDIF_RESTART_IC_1_Default           0x0001c398   Data           2  app_dsp_adau1452.o(.constdata)
    R53_SPDIF_TX_EN_IC_1_Default             0x0001c39a   Data           2  app_dsp_adau1452.o(.constdata)
    R57_KILL_CORE_IC_1_Default               0x0001c39c   Data           2  app_dsp_adau1452.o(.constdata)
    R58_START_ADDRESS_IC_1_Default           0x0001c39e   Data           2  app_dsp_adau1452.o(.constdata)
    R59_START_PULSE_IC_1_Default             0x0001c3a0   Data           2  app_dsp_adau1452.o(.constdata)
    R60_START_CORE_IC_1_Default              0x0001c3a2   Data           2  app_dsp_adau1452.o(.constdata)
    R61_START_CORE_IC_1_Default              0x0001c3a4   Data           2  app_dsp_adau1452.o(.constdata)
    R62_START_DELAY_IC_1_Default             0x0001c3a6   Data           2  app_dsp_adau1452.o(.constdata)
    R63_HIBERNATE_IC_1_Default               0x0001c3a8   Data           2  app_dsp_adau1452.o(.constdata)
    Fs                                       0x0001c3b0   Data           8  app_dsp_adau1452.o(.constdata)
    pi                                       0x0001c3b8   Data           8  app_dsp_adau1452.o(.constdata)
    Delay_addr                               0x0001c3c0   Data          18  app_dsp_adau1452.o(.constdata)
    OutPut_Hardware_1708                     0x0001c3d2   Data           9  app_dsp_adau1452.o(.constdata)
    OutPutChl_addr                           0x0001c3dc   Data          18  app_dsp_adau1452.o(.constdata)
    Default_ReName                           0x0001c3ee   Data          72  app_dsp_adau1452.o(.constdata)
    SpiBufAddr                               0x0001c438   Data          16  mw_spi.o(.constdata)
    Mix_READBACK_addr                        0x0001c448   Data          16  app_dsp_readback.o(.constdata)
    Data_dbe_MaxMin                          0x0001c458   Data         192  app_dsp_readback.o(.constdata)
    Default_Freq                             0x0001c518   Data         128  app_dsp_eq.o(.constdata)
    EQ_Set_addr                              0x0001c598   Data          32  app_dsp_eq.o(.constdata)
    GEN_Filter_addr                          0x0001c5b8   Data         128  app_dsp_filter.o(.constdata)
    Mix_Mixer_addr                           0x0001c638   Data          18  app_dsp_mix.o(.constdata)
    Mix_Mixer_Input_addr                     0x0001c64a   Data          20  app_dsp_mix.o(.constdata)
    Single_addr                              0x0001c65e   Data          18  app_dsp_single_mute.o(.constdata)
    VolList                                  0x0001c670   Data          82  app_dsp_single_mute.o(.constdata)
    Mute_addr                                0x0001c6c2   Data          18  app_dsp_single_mute.o(.constdata)
    __mathlib_zero                           0x0001c910   Data           8  qnan.o(.constdata)
    Region$$Table$$Base                      0x0001ca08   Number         0  anon$$obj.o(Region$$Table)
    Region$$Table$$Limit                     0x0001ca28   Number         0  anon$$obj.o(Region$$Table)
    UART0_TX_QUEUE                           0x1ffff000   Data          16  mw_uart.o(.data)
    UART0_RX_QUEUE                           0x1ffff010   Data          16  mw_uart.o(.data)
    UART1_TX_QUEUE                           0x1ffff020   Data          16  mw_uart.o(.data)
    UART1_RX_QUEUE                           0x1ffff030   Data          16  mw_uart.o(.data)
    UART2_TX_QUEUE                           0x1ffff040   Data          16  mw_uart.o(.data)
    UART2_RX_QUEUE                           0x1ffff050   Data          16  mw_uart.o(.data)
    Uart_Arry                                0x1ffff060   Data          12  mw_uart.o(.data)
    SysPower                                 0x1ffff06c   Data           8  app_power.o(.data)
    GPIO_Arry                                0x1ffff074   Data          12  mw_gpio.o(.data)
    DSP_TEST_Detect                          0x1ffff080   Data           2  mw_gpio.o(.data)
    DSP_OFF_FLAG                             0x1ffff082   Data           1  mw_gpio.o(.data)
    VolDet                                   0x1ffff084   Data           4  app_voltage.o(.data)
    tbl_Amp_Init                             0x1ffff088   Data           5  app_tdf8541.o(.data)
    set_query_password                       0x1ffff08d   Data           1  app_bt.o(.data)
    App_Eeprom                               0x1ffff08e   Data           4  app_eprom.o(.data)
    Spi_Arry                                 0x1ffff094   Data           8  mw_spi.o(.data)
    AccDetect                                0x1ffff09c   Data           2  app_start.o(.data)
    AudioDetect                              0x1ffff09e   Data           2  app_start.o(.data)
    BtSPPCONFlag                             0x1ffff0a0   Data           1  app_at.o(.data)
    BtGATTCONFlag                            0x1ffff0a1   Data           1  app_at.o(.data)
    BtTemplag                                0x1ffff0a2   Data           1  app_at.o(.data)
    BtTemplag1                               0x1ffff0a3   Data           1  app_at.o(.data)
    Uart_CONNECT                             0x1ffff0a4   Data           1  app_connect.o(.data)
    Uart_OTHER                               0x1ffff0a5   Data           1  app_connect.o(.data)
    Uart_OTHER1                              0x1ffff0a6   Data           1  app_connect.o(.data)
    Data_Addr                                0x1ffff0a7   Data           1  app_connect.o(.data)
    Data_Num                                 0x1ffff0a8   Data           1  app_connect.o(.data)
    Dsp_Audio_Flag                           0x1ffff0b0   Data           8  app_dsp_readback.o(.data)
    Dsp_REM_Flag                             0x1ffff0b8   Data           8  app_dsp_readback.o(.data)
    VolData                                  0x1ffff0cb   Data           1  app_dsp_single_mute.o(.data)
    global_pass_count                        0x1ffff0cc   Data           2  sysinit.o(.data)
    global_fail_count                        0x1ffff0ce   Data           2  sysinit.o(.data)
    MESSAGE_QUEUE                            0x1ffff0d0   Data          64  sch_message.o(.data)
    Sys                                      0x1ffff110   Data          12  system.o(.bss)
    Uart0_TX_buf                             0x1ffff11c   Data         256  mw_uart.o(.bss)
    Uart0_RX_buf                             0x1ffff21c   Data         256  mw_uart.o(.bss)
    Uart1_TX_buf                             0x1ffff31c   Data         256  mw_uart.o(.bss)
    Uart1_RX_buf                             0x1ffff41c   Data         256  mw_uart.o(.bss)
    Uart2_TX_buf                             0x1ffff51c   Data         256  mw_uart.o(.bss)
    Uart2_RX_buf                             0x1ffff61c   Data         256  mw_uart.o(.bss)
    App_Amp                                  0x1ffff71c   Data          16  app_amp.o(.bss)
    BtTxModuel                               0x1ffff72c   Data         106  app_bt.o(.bss)
    BtRxModuel                               0x1ffff796   Data         102  app_bt.o(.bss)
    PcRxModuel_0                             0x1ffff7fc   Data         102  app_bt.o(.bss)
    PcRxModuel_1                             0x1ffff862   Data         102  app_bt.o(.bss)
    EQ_Rx                                    0x1ffff8c8   Data          12  app_bt.o(.bss)
    Mix_Mixer_data                           0x1ffff8d4   Data          11  app_bt.o(.bss)
    App_Dsp                                  0x1ffff8e0   Data        3592  app_dsp_adau1452.o(.bss)
    BT_Addr                                  0x200006e8   Data          12  app_at.o(.bss)
    BtRxBLE                                  0x200006f4   Data          32  app_at.o(.bss)
    Data_dbe                                 0x20000718   Data          64  app_dsp_readback.o(.bss)
    Queue                                    0x20000758   Data         320  sch_message.o(.bss)
    __libspace_start                         0x20000898   Data          96  libspace.o(.bss)
    __temporary_stack_top$libspace           0x200008f8   Data           0  libspace.o(.bss)



==============================================================================

Memory Map of the image

  Image Entry point : 0x000040c1

  Load Region LR_IROM1 (Base: 0x00004000, Size: 0x00018b38, Max: 0x0001c000, ABSOLUTE)

    Execution Region ER_IROM1 (Base: 0x00004000, Size: 0x00018a28, Max: 0x0001c000, ABSOLUTE)

    Base Addr    Size         Type   Attr      Idx    E Section Name        Object

    0x00004000   0x000000c0   Data   RO         4150    RESET               startup_skeaz1284.o
    0x000040c0   0x00000008   Code   RO         4261  * !!!main             c_p.l(__main.o)
    0x000040c8   0x0000003c   Code   RO         4719    !!!scatter          c_p.l(__scatter.o)
    0x00004104   0x0000001a   Code   RO         4721    !!handler_copy      c_p.l(__scatter_copy.o)
    0x0000411e   0x00000002   PAD
    0x00004120   0x0000001c   Code   RO         4723    !!handler_zi        c_p.l(__scatter_zi.o)
    0x0000413c   0x00000002   Code   RO         4515    .ARM.Collect$$libinit$$00000000  c_p.l(libinit.o)
    0x0000413e   0x00000000   Code   RO         4517    .ARM.Collect$$libinit$$00000002  c_p.l(libinit2.o)
    0x0000413e   0x00000000   Code   RO         4519    .ARM.Collect$$libinit$$00000004  c_p.l(libinit2.o)
    0x0000413e   0x00000000   Code   RO         4522    .ARM.Collect$$libinit$$0000000A  c_p.l(libinit2.o)
    0x0000413e   0x00000000   Code   RO         4524    .ARM.Collect$$libinit$$0000000C  c_p.l(libinit2.o)
    0x0000413e   0x00000000   Code   RO         4526    .ARM.Collect$$libinit$$0000000E  c_p.l(libinit2.o)
    0x0000413e   0x00000000   Code   RO         4529    .ARM.Collect$$libinit$$00000011  c_p.l(libinit2.o)
    0x0000413e   0x00000000   Code   RO         4531    .ARM.Collect$$libinit$$00000013  c_p.l(libinit2.o)
    0x0000413e   0x00000000   Code   RO         4533    .ARM.Collect$$libinit$$00000015  c_p.l(libinit2.o)
    0x0000413e   0x00000000   Code   RO         4535    .ARM.Collect$$libinit$$00000017  c_p.l(libinit2.o)
    0x0000413e   0x00000000   Code   RO         4537    .ARM.Collect$$libinit$$00000019  c_p.l(libinit2.o)
    0x0000413e   0x00000000   Code   RO         4539    .ARM.Collect$$libinit$$0000001B  c_p.l(libinit2.o)
    0x0000413e   0x00000000   Code   RO         4541    .ARM.Collect$$libinit$$0000001D  c_p.l(libinit2.o)
    0x0000413e   0x00000000   Code   RO         4543    .ARM.Collect$$libinit$$0000001F  c_p.l(libinit2.o)
    0x0000413e   0x00000000   Code   RO         4545    .ARM.Collect$$libinit$$00000021  c_p.l(libinit2.o)
    0x0000413e   0x00000000   Code   RO         4547    .ARM.Collect$$libinit$$00000023  c_p.l(libinit2.o)
    0x0000413e   0x00000000   Code   RO         4549    .ARM.Collect$$libinit$$00000025  c_p.l(libinit2.o)
    0x0000413e   0x00000000   Code   RO         4553    .ARM.Collect$$libinit$$0000002C  c_p.l(libinit2.o)
    0x0000413e   0x00000000   Code   RO         4555    .ARM.Collect$$libinit$$0000002E  c_p.l(libinit2.o)
    0x0000413e   0x00000000   Code   RO         4557    .ARM.Collect$$libinit$$00000030  c_p.l(libinit2.o)
    0x0000413e   0x00000000   Code   RO         4559    .ARM.Collect$$libinit$$00000032  c_p.l(libinit2.o)
    0x0000413e   0x00000002   Code   RO         4560    .ARM.Collect$$libinit$$00000033  c_p.l(libinit2.o)
    0x00004140   0x00000002   Code   RO         4700    .ARM.Collect$$libshutdown$$00000000  c_p.l(libshutdown.o)
    0x00004142   0x00000000   Code   RO         4562    .ARM.Collect$$libshutdown$$00000002  c_p.l(libshutdown2.o)
    0x00004142   0x00000000   Code   RO         4564    .ARM.Collect$$libshutdown$$00000004  c_p.l(libshutdown2.o)
    0x00004142   0x00000000   Code   RO         4567    .ARM.Collect$$libshutdown$$00000007  c_p.l(libshutdown2.o)
    0x00004142   0x00000000   Code   RO         4570    .ARM.Collect$$libshutdown$$0000000A  c_p.l(libshutdown2.o)
    0x00004142   0x00000000   Code   RO         4572    .ARM.Collect$$libshutdown$$0000000C  c_p.l(libshutdown2.o)
    0x00004142   0x00000000   Code   RO         4575    .ARM.Collect$$libshutdown$$0000000F  c_p.l(libshutdown2.o)
    0x00004142   0x00000002   Code   RO         4576    .ARM.Collect$$libshutdown$$00000010  c_p.l(libshutdown2.o)
    0x00004144   0x00000000   Code   RO         4314    .ARM.Collect$$rtentry$$00000000  c_p.l(__rtentry.o)
    0x00004144   0x00000000   Code   RO         4375    .ARM.Collect$$rtentry$$00000002  c_p.l(__rtentry2.o)
    0x00004144   0x00000006   Code   RO         4387    .ARM.Collect$$rtentry$$00000004  c_p.l(__rtentry4.o)
    0x0000414a   0x00000000   Code   RO         4377    .ARM.Collect$$rtentry$$00000009  c_p.l(__rtentry2.o)
    0x0000414a   0x00000004   Code   RO         4378    .ARM.Collect$$rtentry$$0000000A  c_p.l(__rtentry2.o)
    0x0000414e   0x00000000   Code   RO         4380    .ARM.Collect$$rtentry$$0000000C  c_p.l(__rtentry2.o)
    0x0000414e   0x00000008   Code   RO         4381    .ARM.Collect$$rtentry$$0000000D  c_p.l(__rtentry2.o)
    0x00004156   0x00000002   Code   RO         4585    .ARM.Collect$$rtexit$$00000000  c_p.l(rtexit.o)
    0x00004158   0x00000000   Code   RO         4643    .ARM.Collect$$rtexit$$00000002  c_p.l(rtexit2.o)
    0x00004158   0x00000004   Code   RO         4644    .ARM.Collect$$rtexit$$00000003  c_p.l(rtexit2.o)
    0x0000415c   0x00000006   Code   RO         4645    .ARM.Collect$$rtexit$$00000004  c_p.l(rtexit2.o)
    0x00004162   0x00000002   PAD
    0x00004164   0x00000038   Code   RO         4249    .emb_text           c_p.l(rt_memcpy.o)
    0x0000419c   0x00000040   Code   RO         4152    .text               startup_skeaz1284.o
    0x000041dc   0x00000040   Code   RO         4253    .text               c_p.l(rt_memclr.o)
    0x0000421c   0x0000015a   Code   RO         4255    .text               c_p.l(aeabi_sdiv.o)
    0x00004376   0x00000006   Code   RO         4259    .text               c_p.l(heapauxi.o)
    0x0000437c   0x0000006c   Code   RO         4270    .text               fz_ps.l(dfixi.o)
    0x000043e8   0x00000016   Code   RO         4319    .text               c_p.l(_rserrno.o)
    0x000043fe   0x00000002   Code   RO         4581    .text               c_p.l(use_no_semi.o)
    0x00004400   0x00000010   Code   RO         4151    .ARM.__at_0x4400    startup_skeaz1284.o
    0x00004410   0x00000358   Code   RO         4263    .text               fz_ps.l(daddsub.o)
    0x00004768   0x00000448   Code   RO         4265    .text               fz_ps.l(ddiv.o)
    0x00004bb0   0x00000058   Code   RO         4272    .text               fz_ps.l(dflti.o)
    0x00004c08   0x00000248   Code   RO         4276    .text               fz_ps.l(dmul.o)
    0x00004e50   0x00000090   Code   RO         4332    .text               fz_ps.l(dcmpin.o)
    0x00004ee0   0x00000060   Code   RO         4334    .text               fz_ps.l(dscalbn.o)
    0x00004f40   0x00000100   Code   RO         4336    .text               fz_ps.l(dsqrt.o)
    0x00005040   0x00000008   Code   RO         4394    .text               c_p.l(rt_errno_addr_intlibspace.o)
    0x00005048   0x0000002e   Code   RO         4412    .text               fz_ps.l(cmpret.o)
    0x00005076   0x00000002   PAD
    0x00005078   0x00000014   Code   RO         4414    .text               fz_ps.l(dnan2.o)
    0x0000508c   0x00000008   Code   RO         4421    .text               c_p.l(libspace.o)
    0x00005094   0x0000003e   Code   RO         4426    .text               c_p.l(sys_stackheap_outer.o)
    0x000050d2   0x00000010   Code   RO         4500    .text               c_p.l(exit.o)
    0x000050e2   0x0000005e   Code   RO         4579    .text               fz_ps.l(retnan.o)
    0x00005140   0x00000000   Code   RO         4583    .text               c_p.l(indicate_semi.o)
    0x00005140   0x0000000c   Code   RO         4640    .text               c_p.l(sys_exit.o)
    0x0000514c   0x00000080   Code   RO         1921    i.ACC_Detect        app_start.o
    0x000051cc   0x00000018   Code   RO          792    i.ACC_EN_Ctl        mw_gpio.o
    0x000051e4   0x0000001c   Code   RO         1922    i.ACC_Init          app_start.o
    0x00005200   0x00000014   Code   RO         2136    i.AD1938_IO_Init    app_ad1938.o
    0x00005214   0x00000020   Code   RO         3011    i.ADC_DeInit        adc.o
    0x00005234   0x00000018   Code   RO          866    i.ADC_GetData       mw_adc.o
    0x0000524c   0x00000002   Code   RO          395    i.ADC_IRQHandler    interrupt.o
    0x0000524e   0x00000002   PAD
    0x00005250   0x000001a8   Code   RO         3012    i.ADC_Init          adc.o
    0x000053f8   0x00000024   Code   RO         3014    i.ADC_PollRead      adc.o
    0x0000541c   0x00000010   Code   RO         3015    i.ADC_SelectClock   adc.o
    0x0000542c   0x00000016   Code   RO         3016    i.ADC_SelectClockDivide  adc.o
    0x00005442   0x00000010   Code   RO         3018    i.ADC_SetChannel    adc.o
    0x00005452   0x00000010   Code   RO         3019    i.ADC_SetFifoLevel  adc.o
    0x00005462   0x00000016   Code   RO         3020    i.ADC_SetMode       adc.o
    0x00005478   0x0000001c   Code   RO          793    i.AMP_IO_Init       mw_gpio.o
    0x00005494   0x00000074   Code   RO         1923    i.AUDIO_Detect      app_start.o
    0x00005508   0x00000018   Code   RO         1097    i.Amp8541_DLL_Loader  app_tdf8541.o
    0x00005520   0x00000024   Code   RO         1215    i.AmpMute           app_amp.o
    0x00005544   0x00000080   Code   RO         1216    i.AmpTypeCheck      app_amp.o
    0x000055c4   0x0000000a   Code   RO          937    i.AppJumpToBootloader  app_updata.o
    0x000055ce   0x00000002   PAD
    0x000055d0   0x000001e0   Code   RO         2006    i.AtDataAnalyse     app_at.o
    0x000057b0   0x00000024   Code   RO          548    i.AudioMute         app_mute.o
    0x000057d4   0x0000001c   Code   RO         1924    i.Audio_Init        app_start.o
    0x000057f0   0x000003bc   Code   RO         2033    i.BT_DataRxPro      app_connect.o
    0x00005bac   0x0000000c   Code   RO          794    i.BT_IO_Init        mw_gpio.o
    0x00005bb8   0x00000008   Code   RO          271    i.Bsp_ADC_Init      bsp.o
    0x00005bc0   0x00000008   Code   RO          273    i.Bsp_Clock_Init    bsp.o
    0x00005bc8   0x00000008   Code   RO          274    i.Bsp_FLASH_Init    bsp.o
    0x00005bd0   0x00000024   Code   RO          275    i.Bsp_GPIO_Init     bsp.o
    0x00005bf4   0x0000000c   Code   RO          279    i.Bsp_Relocation_Int  bsp.o
    0x00005c00   0x00000018   Code   RO          280    i.Bsp_SPI_Init      bsp.o
    0x00005c18   0x00000008   Code   RO          281    i.Bsp_SysTick_Close  bsp.o
    0x00005c20   0x00000038   Code   RO          282    i.Bsp_SysTick_Init  bsp.o
    0x00005c58   0x00000022   Code   RO          284    i.Bsp_UART_Init     bsp.o
    0x00005c7a   0x00000002   Code   RO          285    i.Bsp_WDOG_Close    bsp.o
    0x00005c7c   0x00000064   Code   RO          286    i.Bsp_WDOG_Init     bsp.o
    0x00005ce0   0x00000bf4   Code   RO         1254    i.BtDataAnalyse     app_bt.o
    0x000068d4   0x0000009c   Code   RO         1255    i.Bt_ACK            app_bt.o
    0x00006970   0x00000070   Code   RO         2034    i.Change_Uart       app_connect.o
    0x000069e0   0x00000040   Code   RO         2433    i.CheckVol          app_dsp_single_mute.o
    0x00006a20   0x00000054   Code   RO         2035    i.Check_Uart        app_connect.o
    0x00006a74   0x00000018   Code   RO         4088    i.ClearAllModeMessage  sch_message.o
    0x00006a8c   0x00000014   Code   RO         4089    i.ClearMessage      sch_message.o
    0x00006aa0   0x00000022   Code   RO         2085    i.DSP_IO_Init       app_dsp_driver.o
    0x00006ac2   0x00000002   PAD
    0x00006ac4   0x0000001c   Code   RO          795    i.DSP_TEST_Init     mw_gpio.o
    0x00006ae0   0x000000b8   Code   RO          796    i.DSP_Test_Detect   mw_gpio.o
    0x00006b98   0x000000b0   Code   RO         1901    i.Debug_CMD         app_debug.o
    0x00006c48   0x00000030   Code   RO         1317    i.DspDataInit       app_dsp_adau1452.o
    0x00006c78   0x00000028   Code   RO         1319    i.DspInit           app_dsp_adau1452.o
    0x00006ca0   0x00000028   Code   RO         1320    i.DspModeNameInit   app_dsp_adau1452.o
    0x00006cc8   0x00000038   Code   RO         1321    i.Dsp_Data_Reset    app_dsp_adau1452.o
    0x00006d00   0x00000050   Code   RO         1322    i.Dsp_Delay         app_dsp_adau1452.o
    0x00006d50   0x0000001c   Code   RO         1323    i.Dsp_Delay_Init    app_dsp_adau1452.o
    0x00006d6c   0x00000098   Code   RO         2261    i.Dsp_EQ_Direct     app_dsp_eq.o
    0x00006e04   0x000000cc   Code   RO         2262    i.Dsp_EQ_Init       app_dsp_eq.o
    0x00006ed0   0x00000154   Code   RO         2263    i.Dsp_EQ_Left_Req   app_dsp_eq.o
    0x00007024   0x00000064   Code   RO         2264    i.Dsp_EQ_Reset      app_dsp_eq.o
    0x00007088   0x00000154   Code   RO         2265    i.Dsp_EQ_Right_Req  app_dsp_eq.o
    0x000071dc   0x00000170   Code   RO         2266    i.Dsp_EQ_Set        app_dsp_eq.o
    0x0000734c   0x000001b8   Code   RO         2173    i.Dsp_File_TO_Flash  app_dspdata_access.o
    0x00007504   0x000000ac   Code   RO         2321    i.Dsp_Filter_Init   app_dsp_filter.o
    0x000075b0   0x00000054   Code   RO         2322    i.Dsp_Filter_Reset  app_dsp_filter.o
    0x00007604   0x00000068   Code   RO         2174    i.Dsp_Flash_TO_File  app_dspdata_access.o
    0x0000766c   0x000003ec   Code   RO         2323    i.Dsp_GEN_Filter    app_dsp_filter.o
    0x00007a58   0x000001c0   Code   RO         2230    i.Dsp_Info_Data     app_dsp_readback.o
    0x00007c18   0x000000e8   Code   RO         2231    i.Dsp_Info_Det      app_dsp_readback.o
    0x00007d00   0x00000044   Code   RO         2175    i.Dsp_Load          app_dspdata_access.o
    0x00007d44   0x0000001c   Code   RO         2176    i.Dsp_Load_Mode_Name  app_dspdata_access.o
    0x00007d60   0x00000048   Code   RO         2398    i.Dsp_Mix_Init      app_dsp_mix.o
    0x00007da8   0x00000078   Code   RO         2399    i.Dsp_Mix_Input     app_dsp_mix.o
    0x00007e20   0x000000a8   Code   RO         2400    i.Dsp_Mix_Mixer     app_dsp_mix.o
    0x00007ec8   0x00000028   Code   RO         2434    i.Dsp_Mute          app_dsp_single_mute.o
    0x00007ef0   0x00000080   Code   RO         2435    i.Dsp_Mute_A        app_dsp_single_mute.o
    0x00007f70   0x00000028   Code   RO         2436    i.Dsp_Mute_Direct   app_dsp_single_mute.o
    0x00007f98   0x00000018   Code   RO         2437    i.Dsp_Mute_Init     app_dsp_single_mute.o
    0x00007fb0   0x00000074   Code   RO         1324    i.Dsp_OFF           app_dsp_adau1452.o
    0x00008024   0x00000038   Code   RO         1325    i.Dsp_ON            app_dsp_adau1452.o
    0x0000805c   0x00000060   Code   RO         1326    i.Dsp_OutPutChl     app_dsp_adau1452.o
    0x000080bc   0x00000018   Code   RO         1327    i.Dsp_OutPutChl_Init  app_dsp_adau1452.o
    0x000080d4   0x000000b8   Code   RO         1328    i.Dsp_PowerOnInit   app_dsp_adau1452.o
    0x0000818c   0x00000024   Code   RO         1329    i.Dsp_ReName        app_dsp_adau1452.o
    0x000081b0   0x0000002c   Code   RO         1330    i.Dsp_ReName_Init   app_dsp_adau1452.o
    0x000081dc   0x0000007c   Code   RO         2438    i.Dsp_Single        app_dsp_single_mute.o
    0x00008258   0x000000ac   Code   RO         2439    i.Dsp_Single_A      app_dsp_single_mute.o
    0x00008304   0x00000030   Code   RO         2440    i.Dsp_Single_Init   app_dsp_single_mute.o
    0x00008334   0x0000003c   Code   RO         2177    i.Dsp_Store         app_dspdata_access.o
    0x00008370   0x000001ec   Code   RO         2178    i.Dsp_StoreLoadPro  app_dspdata_access.o
    0x0000855c   0x0000001c   Code   RO         2179    i.Dsp_Store_Mode_Name  app_dspdata_access.o
    0x00008578   0x00000080   Code   RO         1331    i.Dsp_TestMode      app_dsp_adau1452.o
    0x000085f8   0x000000bc   Code   RO         1332    i.Dsp_Unite         app_dsp_adau1452.o
    0x000086b4   0x00000134   Code   RO         1333    i.Dsp_Updata        app_dsp_adau1452.o
    0x000087e8   0x00000070   Code   RO         2441    i.Dsp_VolUpdate     app_dsp_single_mute.o
    0x00008858   0x0000023c   Code   RO         2267    i.EQ_Algorithm      app_dsp_eq.o
    0x00008a94   0x00000014   Code   RO          898    i.EmergencyPowerDown  app_voltage.o
    0x00008aa8   0x0000005c   Code   RO          728    i.EnterPowerOff     app_power.o
    0x00008b04   0x00000012   Code   RO         1481    i.Eprom_IO_Init     app_eprom.o
    0x00008b16   0x00000054   Code   RO         1482    i.Eprom_RD_Data     app_eprom.o
    0x00008b6a   0x00000050   Code   RO         1483    i.Eprom_SE_Data     app_eprom.o
    0x00008bba   0x00000038   Code   RO         1484    i.Eprom_WR_Command  app_eprom.o
    0x00008bf2   0x00000052   Code   RO         1485    i.Eprom_WR_Data     app_eprom.o
    0x00008c44   0x0000001a   Code   RO         1486    i.Eprom_WR_Order    app_eprom.o
    0x00008c5e   0x0000001a   Code   RO         3944    i.ExchangeTwoVariable_U8  sch_common.o
    0x00008c78   0x00000074   Code   RO         3529    i.FEI_to_FBE_OSC    ics.o
    0x00008cec   0x00000058   Code   RO         3531    i.FEI_to_FEE        ics.o
    0x00008d44   0x00000058   Code   RO         3532    i.FEI_to_FEE_OSC    ics.o
    0x00008d9c   0x00000090   Code   RO         3355    i.FLASH_EraseSector  flash.o
    0x00008e2c   0x00000090   Code   RO         3359    i.FLASH_Init        flash.o
    0x00008ebc   0x00000030   Code   RO         3360    i.FLASH_LaunchCMD   flash.o
    0x00008eec   0x000000ac   Code   RO         3362    i.FLASH_Program1LongWord  flash.o
    0x00008f98   0x000000c8   Code   RO         3363    i.FLASH_Program2LongWords  flash.o
    0x00009060   0x00000008   Code   RO          287    i.FeedDog           bsp.o
    0x00009068   0x000001cc   Code   RO         2324    i.Filter_1st_Order_Butterworth  app_dsp_filter.o
    0x00009234   0x000002a4   Code   RO         2325    i.Filter_2st_Order_Bessel  app_dsp_filter.o
    0x000094d8   0x000002a0   Code   RO         2326    i.Filter_2st_Order_Butterworth  app_dsp_filter.o
    0x00009778   0x0000002c   Code   RO         2327    i.Filter_Bypassed   app_dsp_filter.o
    0x000097a4   0x000002ec   Code   RO         2328    i.Filter_Higher_Order_Butterworth  app_dsp_filter.o
    0x00009a90   0x0000018c   Code   RO         1489    i.Flash_Dsp_RD      app_eprom.o
    0x00009c1c   0x00000052   Code   RO         1490    i.Flash_Dsp_SE      app_eprom.o
    0x00009c6e   0x00000002   PAD
    0x00009c70   0x000001f0   Code   RO         1491    i.Flash_Dsp_WR      app_eprom.o
    0x00009e60   0x00000016   Code   RO          981    i.Flash_Erase       mw_flash.o
    0x00009e76   0x00000002   PAD
    0x00009e78   0x00000020   Code   RO         1334    i.Flash_Get_DspNum  app_dsp_adau1452.o
    0x00009e98   0x000000c8   Code   RO          983    i.Flash_Program_U8  mw_flash.o
    0x00009f60   0x00000018   Code   RO          984    i.Flash_Quick_RD    mw_flash.o
    0x00009f78   0x00000024   Code   RO          985    i.Flash_Quick_RD_U8  mw_flash.o
    0x00009f9c   0x0000001e   Code   RO          987    i.Flash_Quick_WR    mw_flash.o
    0x00009fba   0x00000022   Code   RO          988    i.Flash_Quick_WR_U8  mw_flash.o
    0x00009fdc   0x0000000c   Code   RO         1492    i.Flash_RD_State_Clear  app_eprom.o
    0x00009fe8   0x00000016   Code   RO          991    i.Flash_Read        mw_flash.o
    0x00009ffe   0x00000002   PAD
    0x0000a000   0x00000014   Code   RO         1335    i.Flash_Set_DspNum  app_dsp_adau1452.o
    0x0000a014   0x0000000c   Code   RO         1493    i.Flash_WR_State_Clear  app_eprom.o
    0x0000a020   0x0000001a   Code   RO          995    i.Flash_Write       mw_flash.o
    0x0000a03a   0x0000002c   Code   RO          797    i.GPIOInit          mw_gpio.o
    0x0000a066   0x00000014   Code   RO         3100    i.GPIO_DeInit       gpio.o
    0x0000a07a   0x00000002   PAD
    0x0000a07c   0x00000160   Code   RO         3101    i.GPIO_Init         gpio.o
    0x0000a1dc   0x00000040   Code   RO         3102    i.GPIO_PinClear     gpio.o
    0x0000a21c   0x00000338   Code   RO         3103    i.GPIO_PinInit      gpio.o
    0x0000a554   0x00000040   Code   RO         3104    i.GPIO_PinSet       gpio.o
    0x0000a594   0x0000003c   Code   RO          798    i.GPIO_ReadInputPin  mw_gpio.o
    0x0000a5d0   0x0000001a   Code   RO         3948    i.GetCheckData_Xor  sch_common.o
    0x0000a5ea   0x0000000e   Code   RO         3949    i.GetMax            sch_common.o
    0x0000a5f8   0x0000001c   Code   RO         4090    i.GetMessage        sch_message.o
    0x0000a614   0x0000000e   Code   RO         3950    i.GetMin            sch_common.o
    0x0000a622   0x0000001a   Code   RO         2036    i.Get_Uart_Choose   app_connect.o
    0x0000a63c   0x00000020   Code   RO          729    i.Hardware_Ver_Pro  app_power.o
    0x0000a65c   0x000000a0   Code   RO         1753    i.I2C1Out8Bit       mw_i2c.o
    0x0000a6fc   0x00000048   Code   RO         1754    i.I2C1Start         mw_i2c.o
    0x0000a744   0x0000006c   Code   RO         1755    i.I2C1Stop          mw_i2c.o
    0x0000a7b0   0x0000003c   Code   RO         1756    i.I2C1_IsFindAddr   mw_i2c.o
    0x0000a7ec   0x00000044   Code   RO         1759    i.I2C1_Tx           mw_i2c.o
    0x0000a830   0x00000062   Code   RO         1761    i.I2CWait           mw_i2c.o
    0x0000a892   0x0000002c   Code   RO          938    i.IAP_Pro           app_updata.o
    0x0000a8be   0x00000002   PAD
    0x0000a8c0   0x00000064   Code   RO         3534    i.ICS_Init          ics.o
    0x0000a924   0x00000094   Code   RO         3535    i.ICS_SetClkDivider  ics.o
    0x0000a9b8   0x0000002c   Code   RO         3536    i.ICS_Trim          ics.o
    0x0000a9e4   0x00000014   Code   RO          396    i.IRQ_IRQHandler    interrupt.o
    0x0000a9f8   0x00000010   Code   RO          939    i.In_IapMode        app_updata.o
    0x0000aa08   0x00000038   Code   RO         1256    i.Is_PASSWORD       app_bt.o
    0x0000aa40   0x00000050   Code   RO          397    i.KBI0_IRQHandler   interrupt.o
    0x0000aa90   0x00000050   Code   RO         3830    i.KBI_DeInit        kbi.o
    0x0000aae0   0x000001ac   Code   RO         3831    i.KBI_Init          kbi.o
    0x0000ac8c   0x00000018   Code   RO         1974    i.LED_Ctl           app_led.o
    0x0000aca4   0x0000000c   Code   RO         1975    i.LED_IO_Init       app_led.o
    0x0000acb0   0x00000020   Code   RO         3955    i.LimitMaxMin       sch_common.o
    0x0000acd0   0x0000091c   Code   RO         1257    i.M2B_TxService     app_bt.o
    0x0000b5ec   0x00000060   Code   RO          549    i.MUTE_Ctl          app_mute.o
    0x0000b64c   0x0000000c   Code   RO          550    i.MUTE_IO_Init      app_mute.o
    0x0000b658   0x00000014   Code   RO          586    i.NVIC_DisableIRQ   mw_uart.o
    0x0000b66c   0x00000014   Code   RO         3833    i.NVIC_DisableIRQ   kbi.o
    0x0000b680   0x00000014   Code   RO          587    i.NVIC_EnableIRQ    mw_uart.o
    0x0000b694   0x00000014   Code   RO         3751    i.NVIC_EnableIRQ    spi.o
    0x0000b6a8   0x00000014   Code   RO         3834    i.NVIC_EnableIRQ    kbi.o
    0x0000b6bc   0x00000078   Code   RO          288    i.NVIC_SetPriority  bsp.o
    0x0000b734   0x00000078   Code   RO          588    i.NVIC_SetPriority  mw_uart.o
    0x0000b7ac   0x0000006c   Code   RO         3539    i.OSC_Init          ics.o
    0x0000b818   0x00000046   Code   RO         3721    i.PMC_SetMode       pmc.o
    0x0000b85e   0x00000014   Code   RO          799    i.PWR_IO_Init       mw_gpio.o
    0x0000b872   0x00000002   PAD
    0x0000b874   0x00000030   Code   RO         4092    i.PostMessage       sch_message.o
    0x0000b8a4   0x00000090   Code   RO          730    i.PowerMessage      app_power.o
    0x0000b934   0x0000000a   Code   RO          731    i.PowerOffSystemModule  app_power.o
    0x0000b93e   0x00000002   PAD
    0x0000b940   0x00000030   Code   RO          732    i.PowerOnSystemModule  app_power.o
    0x0000b970   0x00000006   Code   RO         3886    i.Queue_Cnt         sch_queue.o
    0x0000b976   0x0000005e   Code   RO         3887    i.Queue_In          sch_queue.o
    0x0000b9d4   0x0000001e   Code   RO         3888    i.Queue_Init        sch_queue.o
    0x0000b9f2   0x0000005a   Code   RO         3892    i.Queue_Out         sch_queue.o
    0x0000ba4c   0x0000002c   Code   RO         1138    i.ResetIO           app_lowpower.o
    0x0000ba78   0x00000080   Code   RO          492    i.SCH_Task_Execute  task.o
    0x0000baf8   0x00000044   Code   RO         1337    i.SIGMASTUDIOTYPE   app_dsp_adau1452.o
    0x0000bb3c   0x00000048   Code   RO         2086    i.SIGMA_READ        app_dsp_driver.o
    0x0000bb84   0x00000064   Code   RO         2087    i.SIGMA_SAFELOAD_WRITE_REGISTER  app_dsp_driver.o
    0x0000bbe8   0x0000004c   Code   RO         2088    i.SIGMA_WRITE       app_dsp_driver.o
    0x0000bc34   0x0000003c   Code   RO         2089    i.SIGMA_WRITE_DELAY  app_dsp_driver.o
    0x0000bc70   0x0000004e   Code   RO         2090    i.SIGMA_WRITE_REGISTER_BLOCK  app_dsp_driver.o
    0x0000bcbe   0x00000002   PAD
    0x0000bcc0   0x000000cc   Code   RO         3682    i.SIM_Init          sim.o
    0x0000bd8c   0x00000002   Code   RO          398    i.SPI0_IRQHandler   interrupt.o
    0x0000bd8e   0x00000002   Code   RO          399    i.SPI1_IRQHandler   interrupt.o
    0x0000bd90   0x0000001a   Code   RO         3754    i.SPI_DeInit        spi.o
    0x0000bdaa   0x00000002   PAD
    0x0000bdac   0x000001c4   Code   RO         3755    i.SPI_Init          spi.o
    0x0000bf70   0x0000000a   Code   RO         1591    i.SPI_IsSPRF        mw_spi.o
    0x0000bf7a   0x0000000a   Code   RO         1592    i.SPI_IsSPTEF       mw_spi.o
    0x0000bf84   0x0000000a   Code   RO         3756    i.SPI_ModfEnable    spi.o
    0x0000bf8e   0x00000002   PAD
    0x0000bf90   0x00000044   Code   RO         1593    i.SPI_RW            mw_spi.o
    0x0000bfd4   0x0000006a   Code   RO         3757    i.SPI_SetBaudRate   spi.o
    0x0000c03e   0x00000018   Code   RO         3759    i.SPI_SetClockPhase  spi.o
    0x0000c056   0x00000004   Code   RO         1594    i.SPI_WriteDataReg  mw_spi.o
    0x0000c05a   0x00000002   PAD
    0x0000c05c   0x00000038   Code   RO          800    i.SYS_Power_Ctl     mw_gpio.o
    0x0000c094   0x00000010   Code   RO         1258    i.Set_PASSWORD      app_bt.o
    0x0000c0a4   0x0000000e   Code   RO         2037    i.Set_Uart_Choose   app_connect.o
    0x0000c0b2   0x00000002   PAD
    0x0000c0b4   0x00000028   Code   RO         1596    i.SpiBufInit        mw_spi.o
    0x0000c0dc   0x000000c8   Code   RO         1925    i.Start_Detect      app_start.o
    0x0000c1a4   0x0000000c   Code   RO         1926    i.Start_IO_Init     app_start.o
    0x0000c1b0   0x00000010   Code   RO          867    i.SysAdcExit        mw_adc.o
    0x0000c1c0   0x00000024   Code   RO          868    i.SysAdcInit        mw_adc.o
    0x0000c1e4   0x00000040   Code   RO          466    i.SysDataInit       system.o
    0x0000c224   0x00000010   Code   RO          996    i.SysFlashInit      mw_flash.o
    0x0000c234   0x00000024   Code   RO            3    i.SysHardware_Init  main.o
    0x0000c258   0x00000018   Code   RO         1139    i.SysLowPowerExit   app_lowpower.o
    0x0000c270   0x00000032   Code   RO         1140    i.SysLowPowerInit   app_lowpower.o
    0x0000c2a2   0x00000010   Code   RO            4    i.SysSoftware_Init  main.o
    0x0000c2b2   0x00000002   PAD
    0x0000c2b4   0x000000b0   Code   RO         1609    i.SysSpiExit        mw_spi.o
    0x0000c364   0x00000104   Code   RO         1610    i.SysSpiInit        mw_spi.o
    0x0000c468   0x00000094   Code   RO          400    i.SysTick_Handler   interrupt.o
    0x0000c4fc   0x000000e0   Code   RO          589    i.SysUartExit       mw_uart.o
    0x0000c5dc   0x000000d4   Code   RO          590    i.SysUartInit       mw_uart.o
    0x0000c6b0   0x0000001c   Code   RO         3958    i.SysWait1Us        sch_common.o
    0x0000c6cc   0x00000018   Code   RO         3959    i.SysWaitMs         sch_common.o
    0x0000c6e4   0x00000014   Code   RO         3960    i.SysWaitUs         sch_common.o
    0x0000c6f8   0x00000034   Code   RO         1141    i.SysWakeUpExit_FromACC  app_lowpower.o
    0x0000c72c   0x00000010   Code   RO         1142    i.SysWakeUpExit_FromKBI  app_lowpower.o
    0x0000c73c   0x00000002   Code   RO         1143    i.SysWakeUpExit_FromRTC  app_lowpower.o
    0x0000c73e   0x00000002   PAD
    0x0000c740   0x0000003c   Code   RO         1144    i.SysWakeUpInit_FromACC  app_lowpower.o
    0x0000c77c   0x0000007c   Code   RO         1145    i.SysWakeUpInit_FromKBI  app_lowpower.o
    0x0000c7f8   0x00000002   Code   RO         1146    i.SysWakeUpInit_FromRTC  app_lowpower.o
    0x0000c7fa   0x00000002   PAD
    0x0000c7fc   0x00000070   Code   RO         4161    i.SystemInit        system_skeaz1284.o
    0x0000c86c   0x00000036   Code   RO          733    i.SystemPowerUp     app_power.o
    0x0000c8a2   0x00000002   PAD
    0x0000c8a4   0x000000e4   Code   RO         1147    i.TASK_AccOff_Pro   app_lowpower.o
    0x0000c988   0x00000070   Code   RO         1217    i.TASK_Amp_Pro      app_amp.o
    0x0000c9f8   0x000000a4   Code   RO         1259    i.TASK_Bt_Pro       app_bt.o
    0x0000ca9c   0x00000018   Code   RO         1338    i.TASK_Dsp_Pro      app_dsp_adau1452.o
    0x0000cab4   0x00000002   Code   RO         1494    i.TASK_Eeprom_Pro   app_eprom.o
    0x0000cab6   0x00000002   PAD
    0x0000cab8   0x00000024   Code   RO         1976    i.TASK_LED_pro      app_led.o
    0x0000cadc   0x0000027c   Code   RO          734    i.TASK_Power_Pro    app_power.o
    0x0000cd58   0x00000128   Code   RO          899    i.TASK_Voltage_Det  app_voltage.o
    0x0000ce80   0x00000024   Code   RO         1099    i.TDF8541Init       app_tdf8541.o
    0x0000cea4   0x00000044   Code   RO         1100    i.TDF8541_AmpMute   app_tdf8541.o
    0x0000cee8   0x0000001c   Code   RO          493    i.Task_100ms_Pro    task.o
    0x0000cf04   0x00000008   Code   RO          494    i.Task_16ms_Pro     task.o
    0x0000cf0c   0x00000008   Code   RO          497    i.Task_4ms_Pro      task.o
    0x0000cf14   0x0000001c   Code   RO          498    i.Task_8ms_Pro      task.o
    0x0000cf30   0x0000000a   Code   RO          401    i.UART0_IRQHandler  interrupt.o
    0x0000cf3a   0x0000000a   Code   RO          402    i.UART1_IRQHandler  interrupt.o
    0x0000cf44   0x0000000a   Code   RO          403    i.UART2_IRQHandler  interrupt.o
    0x0000cf4e   0x00000018   Code   RO         2789    i.UART_CheckFlag    uart.o
    0x0000cf66   0x00000070   Code   RO         2790    i.UART_DisableInterrupt  uart.o
    0x0000cfd6   0x00000070   Code   RO         2791    i.UART_EnableInterrupt  uart.o
    0x0000d046   0x00000012   Code   RO         2792    i.UART_GetChar      uart.o
    0x0000d058   0x00000010   Code   RO         2793    i.UART_GetFlags     uart.o
    0x0000d068   0x0000008c   Code   RO         2794    i.UART_Init         uart.o
    0x0000d0f4   0x00000054   Code   RO          591    i.UART_IntSerive    mw_uart.o
    0x0000d148   0x00000010   Code   RO         2795    i.UART_PutChar      uart.o
    0x0000d158   0x00000024   Code   RO          592    i.UartBufCnt        mw_uart.o
    0x0000d17c   0x00000028   Code   RO          593    i.UartBufInit       mw_uart.o
    0x0000d1a4   0x00000030   Code   RO          594    i.UartGetFromBuf    mw_uart.o
    0x0000d1d4   0x00000030   Code   RO          595    i.UartPutToBuf      mw_uart.o
    0x0000d204   0x0000000e   Code   RO          596    i.UartRxCnt         mw_uart.o
    0x0000d212   0x00000016   Code   RO          597    i.UartRxData        mw_uart.o
    0x0000d228   0x00000018   Code   RO          598    i.UartSendData8     mw_uart.o
    0x0000d240   0x0000000e   Code   RO          599    i.UartTxCnt         mw_uart.o
    0x0000d24e   0x00000048   Code   RO          600    i.UartTxData        mw_uart.o
    0x0000d296   0x00000002   PAD
    0x0000d298   0x00000018   Code   RO          602    i.UartTxIntDis      mw_uart.o
    0x0000d2b0   0x00000018   Code   RO          603    i.UartTxIntEn       mw_uart.o
    0x0000d2c8   0x00000012   Code   RO          604    i.Uart_Rx_DataPro   mw_uart.o
    0x0000d2da   0x0000003a   Code   RO          605    i.Uart_Tx_DataPro   mw_uart.o
    0x0000d314   0x0000002c   Code   RO         2442    i.Vol_Ctl           app_dsp_single_mute.o
    0x0000d340   0x00000024   Code   RO         2588    i.WDOG_Enable       wdog.o
    0x0000d364   0x0000001c   Code   RO         2590    i.WDOG_Feed         wdog.o
    0x0000d380   0x000000b4   Code   RO         2591    i.WDOG_Init         wdog.o
    0x0000d434   0x00000032   Code   RO         4366    i.__ARM_common_ll_muluu  m_ps.l(rred.o)
    0x0000d466   0x0000001c   Code   RO          782    i.__ARM_common_switch8  app_power.o
    0x0000d482   0x00000002   PAD
    0x0000d484   0x0000002c   Code   RO         4356    i.__ARM_fpclassify  m_ps.l(fpclassify.o)
    0x0000d4b0   0x0000039c   Code   RO         4361    i.__ieee754_rem_pio2  m_ps.l(rred.o)
    0x0000d84c   0x000000f4   Code   RO         4339    i.__kernel_cos      m_ps.l(cos_i.o)
    0x0000d940   0x000000ac   Code   RO         4358    i.__kernel_poly     m_ps.l(poly.o)
    0x0000d9ec   0x000000ec   Code   RO         4368    i.__kernel_sin      m_ps.l(sin_i.o)
    0x0000dad8   0x00000014   Code   RO         4342    i.__mathlib_dbl_divzero  m_ps.l(dunder.o)
    0x0000daec   0x0000000a   Code   RO         4343    i.__mathlib_dbl_infnan  m_ps.l(dunder.o)
    0x0000daf6   0x00000008   Code   RO         4344    i.__mathlib_dbl_infnan2  m_ps.l(dunder.o)
    0x0000dafe   0x00000010   Code   RO         4345    i.__mathlib_dbl_invalid  m_ps.l(dunder.o)
    0x0000db0e   0x00000002   PAD
    0x0000db10   0x00000014   Code   RO         4346    i.__mathlib_dbl_overflow  m_ps.l(dunder.o)
    0x0000db24   0x00000014   Code   RO         4348    i.__mathlib_dbl_underflow  m_ps.l(dunder.o)
    0x0000db38   0x00000098   Code   RO         4281    i.cos               m_ps.l(cos.o)
    0x0000dbd0   0x00000480   Code   RO         1339    i.default_download_IC_1  app_dsp_adau1452.o
    0x0000e050   0x000000a8   Code   RO            5    i.main              main.o
    0x0000e0f8   0x000009fc   Code   RO         4289    i.pow               m_ps.l(pow.o)
    0x0000eaf4   0x00000028   Code   RO         3961    i.sch_compare       sch_common.o
    0x0000eb1c   0x0000001c   Code   RO         3962    i.sch_memcpy        sch_common.o
    0x0000eb38   0x00000016   Code   RO         3963    i.sch_memset        sch_common.o
    0x0000eb4e   0x00000002   PAD
    0x0000eb50   0x0000009c   Code   RO         4299    i.sin               m_ps.l(sin.o)
    0x0000ebec   0x00000048   Code   RO         4307    i.sqrt              m_ps.l(sqrt.o)
    0x0000ec34   0x00000014   Code   RO         2514    i.stop              arm_cm0.o
    0x0000ec48   0x00000084   Code   RO         3476    i.sysinit           sysinit.o
    0x0000eccc   0x00000014   Code   RO         2547    i.systick_disable   systick.o
    0x0000ece0   0x00000022   Code   RO          997    i.u8_TO_u32         mw_flash.o
    0x0000ed02   0x00000002   PAD
    0x0000ed04   0x00000014   Code   RO         2515    i.wait              arm_cm0.o
    0x0000ed18   0x0000000c   Code   RO         2516    i.write_vtor        arm_cm0.o
    0x0000ed24   0x00000064   Code   RO         4268    x$fpl$deqf          fz_ps.l(deqf.o)
    0x0000ed88   0x00000064   Code   RO         4274    x$fpl$dleqf         fz_ps.l(dlef.o)
    0x0000edec   0x00000068   Code   RO         4278    x$fpl$drleqf        fz_ps.l(drlef.o)
    0x0000ee54   0x00000000   Code   RO         4338    x$fpl$usenofp       fz_ps.l(usenofp.o)
    0x0000ee54   0x00000020   Data   RO          607    .constdata          mw_uart.o
    0x0000ee74   0x00000010   Data   RO          901    .constdata          app_voltage.o
    0x0000ee84   0x00000014   Data   RO         1219    .constdata          app_amp.o
    0x0000ee98   0x00000006   Data   RO         1261    .constdata          app_bt.o
    0x0000ee9e   0x00000002   PAD
    0x0000eea0   0x0000d596   Data   RO         1341    .constdata          app_dsp_adau1452.o
    0x0001c436   0x00000002   PAD
    0x0001c438   0x00000010   Data   RO         1611    .constdata          mw_spi.o
    0x0001c448   0x000000d0   Data   RO         2233    .constdata          app_dsp_readback.o
    0x0001c518   0x000000a0   Data   RO         2268    .constdata          app_dsp_eq.o
    0x0001c5b8   0x00000080   Data   RO         2331    .constdata          app_dsp_filter.o
    0x0001c638   0x00000026   Data   RO         2401    .constdata          app_dsp_mix.o
    0x0001c65e   0x00000076   Data   RO         2443    .constdata          app_dsp_single_mute.o
    0x0001c6d4   0x00000100   Data   RO         3835    .constdata          kbi.o
    0x0001c7d4   0x00000080   Data   RO         4266    .constdata          fz_ps.l(ddiv.o)
    0x0001c854   0x00000004   PAD
    0x0001c858   0x00000088   Data   RO         4290    .constdata          m_ps.l(pow.o)
    0x0001c8e0   0x00000030   Data   RO         4340    .constdata          m_ps.l(cos_i.o)
    0x0001c910   0x00000008   Data   RO         4360    .constdata          m_ps.l(qnan.o)
    0x0001c918   0x000000c8   Data   RO         4363    .constdata          m_ps.l(rred.o)
    0x0001c9e0   0x00000028   Data   RO         4369    .constdata          m_ps.l(sin_i.o)
    0x0001ca08   0x00000020   Data   RO         4717    Region$$Table       anon$$obj.o


    Execution Region RW_IRAM1 (Base: 0x1ffff000, Size: 0x00001df8, Max: 0x00004000, ABSOLUTE)

    Base Addr    Size         Type   Attr      Idx    E Section Name        Object

    0x1ffff000   0x0000006c   Data   RW          608    .data               mw_uart.o
    0x1ffff06c   0x00000008   Data   RW          735    .data               app_power.o
    0x1ffff074   0x0000000f   Data   RW          801    .data               mw_gpio.o
    0x1ffff083   0x00000001   PAD
    0x1ffff084   0x00000004   Data   RW          902    .data               app_voltage.o
    0x1ffff088   0x00000005   Data   RW         1101    .data               app_tdf8541.o
    0x1ffff08d   0x00000001   Data   RW         1262    .data               app_bt.o
    0x1ffff08e   0x00000006   Data   RW         1495    .data               app_eprom.o
    0x1ffff094   0x00000008   Data   RW         1612    .data               mw_spi.o
    0x1ffff09c   0x00000004   Data   RW         1927    .data               app_start.o
    0x1ffff0a0   0x00000004   Data   RW         2008    .data               app_at.o
    0x1ffff0a4   0x00000005   Data   RW         2039    .data               app_connect.o
    0x1ffff0a9   0x00000001   PAD
    0x1ffff0aa   0x00000006   Data   RW         2180    .data               app_dspdata_access.o
    0x1ffff0b0   0x00000019   Data   RW         2234    .data               app_dsp_readback.o
    0x1ffff0c9   0x00000002   Data   RW         2269    .data               app_dsp_eq.o
    0x1ffff0cb   0x00000001   Data   RW         2444    .data               app_dsp_single_mute.o
    0x1ffff0cc   0x00000004   Data   RW         3478    .data               sysinit.o
    0x1ffff0d0   0x00000040   Data   RW         4094    .data               sch_message.o
    0x1ffff110   0x0000000c   Zero   RW          467    .bss                system.o
    0x1ffff11c   0x00000600   Zero   RW          606    .bss                mw_uart.o
    0x1ffff71c   0x00000010   Zero   RW         1218    .bss                app_amp.o
    0x1ffff72c   0x000001b3   Zero   RW         1260    .bss                app_bt.o
    0x1ffff8df   0x00000001   PAD
    0x1ffff8e0   0x00000e08   Zero   RW         1340    .bss                app_dsp_adau1452.o
    0x200006e8   0x0000002c   Zero   RW         2007    .bss                app_at.o
    0x20000714   0x00000004   PAD
    0x20000718   0x00000040   Zero   RW         2232    .bss                app_dsp_readback.o
    0x20000758   0x00000140   Zero   RW         4093    .bss                sch_message.o
    0x20000898   0x00000060   Zero   RW         4422    .bss                c_p.l(libspace.o)
    0x200008f8   0x00000000   Zero   RW         4149    HEAP                startup_skeaz1284.o
    0x200008f8   0x00000500   Zero   RW         4148    STACK               startup_skeaz1284.o


==============================================================================

Image component sizes


      Code (inc. data)   RO Data    RW Data    ZI Data      Debug   Object Name

       584         18          0          0          0      14879   adc.o
        20          0          0          0          0        433   app_ad1938.o
       276         32         20          0         16       2859   app_amp.o
       480        156          0          4         44       2106   app_at.o
      5784        312          6          1        435      10505   app_bt.o
      1192         92          0          5          0       4563   app_connect.o
       176          0          0          0          0        628   app_debug.o
      2768        448      54678          0       3592      21423   app_dsp_adau1452.o
       420          4          0          0          0       4138   app_dsp_driver.o
      2076        116        160          2          0       5497   app_dsp_eq.o
      3860        114        128          0          0       7552   app_dsp_filter.o
       360         42         38          0          0       2557   app_dsp_mix.o
       680         66        208         25         64       2216   app_dsp_readback.o
       796         90        118          1          0       6533   app_dsp_single_mute.o
      1220         98          0          6          0       4537   app_dspdata_access.o
      1346         80          0          6          0      10037   app_eprom.o
        72          6          0          0          0       1323   app_led.o
       602         50          0          0          0      10628   app_lowpower.o
       144          6          0          0          0       1962   app_mute.o
      1044         62          0          8          0       4775   app_power.o
       512         34          0          4          0       2967   app_start.o
       128         28          0          5          0       1860   app_tdf8541.o
        70          4          0          0          0       1265   app_updata.o
       316         12         16          4          0       2250   app_voltage.o
        52         14          0          0          0       1203   arm_cm0.o
       424         32          0          0          0      11363   bsp.o
       708         52          0          0          0       3450   flash.o
      1324         34          0          0          0       3299   gpio.o
       692         40          0          0          0       5276   ics.o
       284         20          0          0          0       5375   interrupt.o
       548         48        256          0          0       2572   kbi.o
       220         62          0          0          0     114143   main.o
        76         14          0          0          0       1684   mw_adc.o
       444          6          0          0          0       6173   mw_flash.o
       456         34          0         15          0       6404   mw_gpio.o
       566         14          0          0          0       3479   mw_i2c.o
       568         44         16          8          0      10518   mw_spi.o
      1122        104         32        108       1536      21363   mw_uart.o
        70          0          0          0          0        882   pmc.o
       274          0          0          0          0       5949   sch_common.o
       120         16          0         64        320       2706   sch_message.o
       220          0          0          0          0       2628   sch_queue.o
       204          4          0          0          0        979   sim.o
       638         16          0          0          0       6730   spi.o
        80         44        192          0       1280        904   startup_skeaz1284.o
       132         14          0          4          0        824   sysinit.o
        64          4          0          0         12       5620   system.o
       112         22          0          0          0        481   system_skeaz1284.o
        20          6          0          0          0        406   systick.o
       200          8          0          0          0       2182   task.o
       438         12          0          0          0       6498   uart.o
       244         36          0          0          0       1518   wdog.o

    ----------------------------------------------------------------------
     35274       2570      55904        272       7304     362102   Object Totals
         0          0         32          0          0          0   (incl. Generated)
        48          0          4          2          5          0   (incl. Padding)

    ----------------------------------------------------------------------

      Code (inc. data)   RO Data    RW Data    ZI Data      Debug   Library Member Name

         8          0          0          0          0         68   __main.o
         0          0          0          0          0          0   __rtentry.o
        12          0          0          0          0          0   __rtentry2.o
         6          0          0          0          0          0   __rtentry4.o
        60          8          0          0          0          0   __scatter.o
        26          0          0          0          0          0   __scatter_copy.o
        28          0          0          0          0          0   __scatter_zi.o
        22          0          0          0          0         92   _rserrno.o
       346          0          0          0          0         92   aeabi_sdiv.o
        16          0          0          0          0         68   exit.o
         6          0          0          0          0        136   heapauxi.o
         0          0          0          0          0          0   indicate_semi.o
         2          0          0          0          0          0   libinit.o
         2          0          0          0          0          0   libinit2.o
         2          0          0          0          0          0   libshutdown.o
         2          0          0          0          0          0   libshutdown2.o
         8          4          0          0         96         68   libspace.o
         8          4          0          0          0         68   rt_errno_addr_intlibspace.o
        64          0          0          0          0        108   rt_memclr.o
        56          0          0          0          0         68   rt_memcpy.o
         2          0          0          0          0          0   rtexit.o
        10          0          0          0          0          0   rtexit2.o
        12          4          0          0          0         60   sys_exit.o
        62          0          0          0          0         80   sys_stackheap_outer.o
         2          0          0          0          0         68   use_no_semi.o
        46          0          0          0          0         60   cmpret.o
       856         20          0          0          0        208   daddsub.o
       144          4          0          0          0         76   dcmpin.o
      1096         26        128          0          0        112   ddiv.o
       100          4          0          0          0         92   deqf.o
       108         10          0          0          0         72   dfixi.o
        88          0          0          0          0         92   dflti.o
       100          4          0          0          0         92   dlef.o
       584         26          0          0          0         84   dmul.o
        20          6          0          0          0         68   dnan2.o
       104          4          0          0          0        104   drlef.o
        96         12          0          0          0         72   dscalbn.o
       256          8          0          0          0         76   dsqrt.o
        94          0          0          0          0         68   retnan.o
         0          0          0          0          0          0   usenofp.o
       152         10          0          0          0        104   cos.o
       244         20         48          0          0         92   cos_i.o
        94         14          0          0          0        408   dunder.o
        44          4          0          0          0         60   fpclassify.o
       172          0          0          0          0         76   poly.o
      2556        196        136          0          0        240   pow.o
         0          0          8          0          0          0   qnan.o
       974         86        200          0          0        200   rred.o
       156         10          0          0          0        104   sin.o
       236         14         40          0          0        100   sin_i.o
        72          6          0          0          0         76   sqrt.o

    ----------------------------------------------------------------------
      9162        504        564          0         96       3712   Library Totals
         8          0          4          0          0          0   (incl. Padding)

    ----------------------------------------------------------------------

      Code (inc. data)   RO Data    RW Data    ZI Data      Debug   Library Name

       762         20          0          0         96        976   c_p.l
      3692        124        128          0          0       1276   fz_ps.l
      4700        360        432          0          0       1460   m_ps.l

    ----------------------------------------------------------------------
      9162        504        564          0         96       3712   Library Totals

    ----------------------------------------------------------------------

==============================================================================


      Code (inc. data)   RO Data    RW Data    ZI Data      Debug   

     44436       3074      56468        272       7400     351594   Grand Totals
     44436       3074      56468        272       7400     351594   ELF Image Totals
     44436       3074      56468        272          0          0   ROM Totals

==============================================================================

    Total RO  Size (Code + RO Data)               100904 (  98.54kB)
    Total RW  Size (RW Data + ZI Data)              7672 (   7.49kB)
    Total ROM Size (Code + RO Data + RW Data)     101176 (  98.80kB)

==============================================================================

