Component: ARM Compiler 5.06 update 4 (build 422) Tool: armlink [4d35d2]

==============================================================================

Section Cross References

    main.o(i.SysHardware_Init) refers to bsp.o(i.Bsp_Clock_Init) for Bsp_Clock_Init
    main.o(i.SysHardware_Init) refers to bsp.o(i.Bsp_SysTick_Init) for Bsp_SysTick_Init
    main.o(i.SysHardware_Init) refers to bsp.o(i.Bsp_GPIO_Init) for Bsp_GPIO_Init
    main.o(i.SysHardware_Init) refers to bsp.o(i.Bsp_WDOG_Init) for Bsp_WDOG_Init
    main.o(i.SysHardware_Init) refers to bsp.o(i.Bsp_UART_Init) for Bsp_UART_Init
    main.o(i.SysHardware_Init) refers to bsp.o(i.Bsp_SPI_Init) for Bsp_SPI_Init
    main.o(i.SysHardware_Init) refers to bsp.o(i.Bsp_ADC_Init) for Bsp_ADC_Init
    main.o(i.SysHardware_Init) refers to bsp.o(i.Bsp_FLASH_Init) for Bsp_FLASH_Init
    main.o(i.SysSoftware_Init) refers to system.o(i.SysDataInit) for SysDataInit
    main.o(i.SysSoftware_Init) refers to app_dsp_adau1452.o(i.DspInit) for DspInit
    main.o(i.SysSoftware_Init) refers to app_connect.o(i.Check_Uart) for Check_Uart
    main.o(i.main) refers to main.o(i.SysHardware_Init) for SysHardware_Init
    main.o(i.main) refers to main.o(i.SysSoftware_Init) for SysSoftware_Init
    main.o(i.main) refers to bsp.o(i.Bsp_Relocation_Int) for Bsp_Relocation_Int
    main.o(i.main) refers to bsp.o(i.FeedDog) for FeedDog
    main.o(i.main) refers to task.o(i.SCH_Task_Execute) for SCH_Task_Execute
    main.o(i.main) refers to app_lowpower.o(i.TASK_AccOff_Pro) for TASK_AccOff_Pro
    main.o(i.main) refers to app_connect.o(i.BT_DataRxPro) for BT_DataRxPro
    main.o(i.main) refers to mw_uart.o(i.UartTxData) for UartTxData
    main.o(i.main) refers to app_bt.o(.bss) for BtRxModuel
    main.o(i.main) refers to app_connect.o(.data) for Uart_CONNECT
    main.o(i.main) refers to app_at.o(.data) for BtTemplag
    bsp.o(i.Bsp_ADC_Init) refers to mw_adc.o(i.SysAdcInit) for SysAdcInit
    bsp.o(i.Bsp_Clock_Init) refers to sysinit.o(i.sysinit) for sysinit
    bsp.o(i.Bsp_FLASH_Init) refers to mw_flash.o(i.SysFlashInit) for SysFlashInit
    bsp.o(i.Bsp_GPIO_Init) refers to gpio.o(i.GPIO_DeInit) for GPIO_DeInit
    bsp.o(i.Bsp_GPIO_Init) refers to mw_gpio.o(i.GPIOInit) for GPIOInit
    bsp.o(i.Bsp_I2C_Init) refers to mw_i2c.o(i.I2C0Init) for I2C0Init
    bsp.o(i.Bsp_I2C_Init) refers to mw_i2c.o(i.I2C1Init) for I2C1Init
    bsp.o(i.Bsp_PIT_Init) refers to pit.o(i.PIT_Init) for PIT_Init
    bsp.o(i.Bsp_Relocation_Int) refers to arm_cm0.o(i.write_vtor) for write_vtor
    bsp.o(i.Bsp_SPI_Init) refers to mw_spi.o(i.SysSpiInit) for SysSpiInit
    bsp.o(i.Bsp_SysTick_Close) refers to systick.o(i.systick_disable) for systick_disable
    bsp.o(i.Bsp_SysTick_Init) refers to bsp.o(i.NVIC_SetPriority) for NVIC_SetPriority
    bsp.o(i.Bsp_UART_Init) refers to mw_uart.o(i.SysUartInit) for SysUartInit
    bsp.o(i.Bsp_WDOG_Init) refers to wdog.o(i.WDOG_Init) for WDOG_Init
    bsp.o(i.Bsp_WDOG_Init) refers to wdog.o(i.WDOG_Enable) for WDOG_Enable
    bsp.o(i.FeedDog) refers to wdog.o(i.WDOG_Feed) for WDOG_Feed
    interrupt.o(i.KBI0_IRQHandler) refers to sch_common.o(i.SysWaitMs) for SysWaitMs
    interrupt.o(i.SysTick_Handler) refers to aeabi_sdiv.o(.text) for __aeabi_uidivmod
    interrupt.o(i.SysTick_Handler) refers to system.o(.bss) for Sys
    interrupt.o(i.UART0_IRQHandler) refers to mw_uart.o(i.UART_IntSerive) for UART_IntSerive
    interrupt.o(i.UART1_IRQHandler) refers to mw_uart.o(i.UART_IntSerive) for UART_IntSerive
    interrupt.o(i.UART2_IRQHandler) refers to mw_uart.o(i.UART_IntSerive) for UART_IntSerive
    system.o(i.SysDataInit) refers to sch_common.o(i.sch_memset) for sch_memset
    system.o(i.SysDataInit) refers to system.o(.bss) for Sys
    task.o(i.SCH_Task_Execute) refers to task.o(i.Task_4ms_Pro) for Task_4ms_Pro
    task.o(i.SCH_Task_Execute) refers to task.o(i.Task_8ms_Pro) for Task_8ms_Pro
    task.o(i.SCH_Task_Execute) refers to task.o(i.Task_16ms_Pro) for Task_16ms_Pro
    task.o(i.SCH_Task_Execute) refers to task.o(i.Task_100ms_Pro) for Task_100ms_Pro
    task.o(i.SCH_Task_Execute) refers to system.o(.bss) for Sys
    task.o(i.Task_100ms_Pro) refers to app_updata.o(i.IAP_Pro) for IAP_Pro
    task.o(i.Task_100ms_Pro) refers to app_led.o(i.TASK_LED_pro) for TASK_LED_pro
    task.o(i.Task_100ms_Pro) refers to system.o(.bss) for Sys
    task.o(i.Task_16ms_Pro) refers to app_amp.o(i.TASK_Amp_Pro) for TASK_Amp_Pro
    task.o(i.Task_4ms_Pro) refers to app_voltage.o(i.TASK_Voltage_Det) for TASK_Voltage_Det
    task.o(i.Task_8ms_Pro) refers to app_bt.o(i.TASK_Bt_Pro) for TASK_Bt_Pro
    task.o(i.Task_8ms_Pro) refers to app_power.o(i.TASK_Power_Pro) for TASK_Power_Pro
    task.o(i.Task_8ms_Pro) refers to app_eprom.o(i.TASK_Eeprom_Pro) for TASK_Eeprom_Pro
    task.o(i.Task_8ms_Pro) refers to app_dsp_adau1452.o(i.TASK_Dsp_Pro) for TASK_Dsp_Pro
    task.o(i.Task_8ms_Pro) refers to app_start.o(i.Start_Detect) for Start_Detect
[...]
    Bsp_SysTick_Init                         0x00005ee1   Thumb Code    44  bsp.o(i.Bsp_SysTick_Init)
    Bsp_UART_Init                            0x00005f19   Thumb Code    34  bsp.o(i.Bsp_UART_Init)
    Bsp_WDOG_Close                           0x00005f3b   Thumb Code     2  bsp.o(i.Bsp_WDOG_Close)
    Bsp_WDOG_Init                            0x00005f3d   Thumb Code   100  bsp.o(i.Bsp_WDOG_Init)
    BtDataAnalyse                            0x00005fa1   Thumb Code  3122  app_bt.o(i.BtDataAnalyse)
    Bt_ACK                                   0x00006bd5   Thumb Code   140  app_bt.o(i.Bt_ACK)
    Change_Uart                              0x00006c71   Thumb Code    88  app_connect.o(i.Change_Uart)
    CheckVol                                 0x00006ce1   Thumb Code    50  app_dsp_single_mute.o(i.CheckVol)
    Check_Uart                               0x00006d21   Thumb Code    62  app_connect.o(i.Check_Uart)
    ClearAllModeMessage                      0x00006d75   Thumb Code    24  sch_message.o(i.ClearAllModeMessage)
    ClearMessage                             0x00006d8d   Thumb Code    16  sch_message.o(i.ClearMessage)
    DSP_IO_Init                              0x00006da1   Thumb Code    34  app_dsp_driver.o(i.DSP_IO_Init)
    DSP_TEST_Init                            0x00006dc5   Thumb Code    22  mw_gpio.o(i.DSP_TEST_Init)
    DSP_Test_Detect                          0x00006de1   Thumb Code   166  mw_gpio.o(i.DSP_Test_Detect)
    Debug_CMD                                0x00006e99   Thumb Code   176  app_debug.o(i.Debug_CMD)
    DspDataInit                              0x00006f49   Thumb Code    48  app_dsp_adau1452.o(i.DspDataInit)
    DspInit                                  0x00006f79   Thumb Code    34  app_dsp_adau1452.o(i.DspInit)
    DspModeNameInit                          0x00006fa1   Thumb Code    30  app_dsp_adau1452.o(i.DspModeNameInit)
    Dsp_Data_Reset                           0x00006fc9   Thumb Code    52  app_dsp_adau1452.o(i.Dsp_Data_Reset)
    Dsp_Delay                                0x00007001   Thumb Code    70  app_dsp_adau1452.o(i.Dsp_Delay)
    Dsp_Delay_Init                           0x00007051   Thumb Code    24  app_dsp_adau1452.o(i.Dsp_Delay_Init)
    Dsp_EQ_Direct                            0x0000706d   Thumb Code   146  app_dsp_eq.o(i.Dsp_EQ_Direct)
    Dsp_EQ_Init                              0x00007105   Thumb Code   192  app_dsp_eq.o(i.Dsp_EQ_Init)
    Dsp_EQ_Left_Req                          0x000071d1   Thumb Code   330  app_dsp_eq.o(i.Dsp_EQ_Left_Req)
    Dsp_EQ_Reset                             0x00007331   Thumb Code    90  app_dsp_eq.o(i.Dsp_EQ_Reset)
    Dsp_EQ_Right_Req                         0x00007395   Thumb Code   330  app_dsp_eq.o(i.Dsp_EQ_Right_Req)
    Dsp_EQ_Set                               0x000074f5   Thumb Code   348  app_dsp_eq.o(i.Dsp_EQ_Set)
    Dsp_File_TO_Flash                        0x00007665   Thumb Code   422  app_dspdata_access.o(i.Dsp_File_TO_Flash)
    Dsp_Filter_Init                          0x0000781d   Thumb Code   162  app_dsp_filter.o(i.Dsp_Filter_Init)
    Dsp_Filter_Reset                         0x000078c9   Thumb Code    80  app_dsp_filter.o(i.Dsp_Filter_Reset)
    Dsp_Flash_TO_File                        0x0000791d   Thumb Code    94  app_dspdata_access.o(i.Dsp_Flash_TO_File)
    Dsp_GEN_Filter                           0x00007985   Thumb Code   986  app_dsp_filter.o(i.Dsp_GEN_Filter)
    Dsp_Info_Data                            0x00007d71   Thumb Code   414  app_dsp_readback.o(i.Dsp_Info_Data)
    Dsp_Info_Det                             0x00007f31   Thumb Code   210  app_dsp_readback.o(i.Dsp_Info_Det)
    Dsp_Load                                 0x00008019   Thumb Code    56  app_dspdata_access.o(i.Dsp_Load)
    Dsp_Load_Mode_Name                       0x0000805d   Thumb Code    22  app_dspdata_access.o(i.Dsp_Load_Mode_Name)
    Dsp_Mix_Init                             0x00008079   Thumb Code    66  app_dsp_mix.o(i.Dsp_Mix_Init)
    Dsp_Mix_Input                            0x000080c1   Thumb Code   104  app_dsp_mix.o(i.Dsp_Mix_Input)
    Dsp_Mix_Mixer                            0x00008139   Thumb Code   148  app_dsp_mix.o(i.Dsp_Mix_Mixer)
    Dsp_Mute                                 0x000081e1   Thumb Code    34  app_dsp_single_mute.o(i.Dsp_Mute)
    Dsp_Mute_A                               0x00008209   Thumb Code   118  app_dsp_single_mute.o(i.Dsp_Mute_A)
    Dsp_Mute_Direct                          0x00008289   Thumb Code    34  app_dsp_single_mute.o(i.Dsp_Mute_Direct)
    Dsp_Mute_Init                            0x000082b1   Thumb Code    20  app_dsp_single_mute.o(i.Dsp_Mute_Init)
    Dsp_OFF                                  0x000082c9   Thumb Code   106  app_dsp_adau1452.o(i.Dsp_OFF)
    Dsp_ON                                   0x0000833d   Thumb Code    52  app_dsp_adau1452.o(i.Dsp_ON)
    Dsp_OutPutChl                            0x00008375   Thumb Code    78  app_dsp_adau1452.o(i.Dsp_OutPutChl)
    Dsp_OutPutChl_Init                       0x000083d5   Thumb Code    18  app_dsp_adau1452.o(i.Dsp_OutPutChl_Init)
    Dsp_PowerOnInit                          0x000083ed   Thumb Code   162  app_dsp_adau1452.o(i.Dsp_PowerOnInit)
    Dsp_ReName                               0x00008499   Thumb Code    30  app_dsp_adau1452.o(i.Dsp_ReName)
    Dsp_ReName_Init                          0x000084bd   Thumb Code    34  app_dsp_adau1452.o(i.Dsp_ReName_Init)
    Dsp_Single                               0x000084e9   Thumb Code   118  app_dsp_single_mute.o(i.Dsp_Single)
    Dsp_Single_A                             0x00008565   Thumb Code   146  app_dsp_single_mute.o(i.Dsp_Single_A)
    Dsp_Single_Init                          0x00008611   Thumb Code    44  app_dsp_single_mute.o(i.Dsp_Single_Init)
    Dsp_Store                                0x00008641   Thumb Code    48  app_dspdata_access.o(i.Dsp_Store)
    Dsp_StoreLoadPro                         0x0000867d   Thumb Code   468  app_dspdata_access.o(i.Dsp_StoreLoadPro)
    Dsp_Store_Mode_Name                      0x0000885d   Thumb Code    22  app_dspdata_access.o(i.Dsp_Store_Mode_Name)
    Dsp_TestMode                             0x00008879   Thumb Code   120  app_dsp_adau1452.o(i.Dsp_TestMode)
    Dsp_Unite                                0x000088f9   Thumb Code   178  app_dsp_adau1452.o(i.Dsp_Unite)
    Dsp_Updata                               0x000089b5   Thumb Code   304  app_dsp_adau1452.o(i.Dsp_Updata)
    Dsp_VolUpdate                            0x00008af5   Thumb Code   108  app_dsp_single_mute.o(i.Dsp_VolUpdate)
    EQ_Algorithm                             0x00008b65   Thumb Code   536  app_dsp_eq.o(i.EQ_Algorithm)
    EmergencyPowerDown                       0x00008da1   Thumb Code    20  app_voltage.o(i.EmergencyPowerDown)
    EnterPowerOff                            0x00008db5   Thumb Code    96  app_power.o(i.EnterPowerOff)
    Eprom_IO_Init                            0x00008e21   Thumb Code    18  app_eprom.o(i.Eprom_IO_Init)
    Eprom_RD_Data                            0x00008e33   Thumb Code    84  app_eprom.o(i.Eprom_RD_Data)
    Eprom_SE_Data                            0x00008e87   Thumb Code    80  app_eprom.o(i.Eprom_SE_Data)
    Eprom_WR_Command                         0x00008ed7   Thumb Code    56  app_eprom.o(i.Eprom_WR_Command)
    Eprom_WR_Data                            0x00008f0f   Thumb Code    82  app_eprom.o(i.Eprom_WR_Data)
    Eprom_WR_Order                           0x00008f61   Thumb Code    26  app_eprom.o(i.Eprom_WR_Order)
    ExchangeTwoVariable_U8                   0x00008f7b   Thumb Code    26  sch_common.o(i.ExchangeTwoVariable_U8)
    FEI_to_FBE_OSC                           0x00008f95   Thumb Code   112  ics.o(i.FEI_to_FBE_OSC)
    FEI_to_FEE                               0x00009009   Thumb Code    84  ics.o(i.FEI_to_FEE)
    FEI_to_FEE_OSC                           0x00009061   Thumb Code    84  ics.o(i.FEI_to_FEE_OSC)
    FLASH_EraseSector                        0x000090b9   Thumb Code   134  flash.o(i.FLASH_EraseSector)
    FLASH_Init                               0x00009149   Thumb Code   130  flash.o(i.FLASH_Init)
    FLASH_LaunchCMD                          0x000091d9   Thumb Code    40  flash.o(i.FLASH_LaunchCMD)
    FLASH_Program1LongWord                   0x00009209   Thumb Code   162  flash.o(i.FLASH_Program1LongWord)
    FLASH_Program2LongWords                  0x000092b5   Thumb Code   190  flash.o(i.FLASH_Program2LongWords)
    FeedDog                                  0x0000937d   Thumb Code     8  bsp.o(i.FeedDog)
    Filter_1st_Order_Butterworth             0x00009385   Thumb Code   442  app_dsp_filter.o(i.Filter_1st_Order_Butterworth)
    Filter_2st_Order_Bessel                  0x00009551   Thumb Code   654  app_dsp_filter.o(i.Filter_2st_Order_Bessel)
    Filter_2st_Order_Butterworth             0x000097f5   Thumb Code   656  app_dsp_filter.o(i.Filter_2st_Order_Butterworth)
    Filter_Bypassed                          0x00009a95   Thumb Code    38  app_dsp_filter.o(i.Filter_Bypassed)
    Filter_Higher_Order_Butterworth          0x00009ac1   Thumb Code   728  app_dsp_filter.o(i.Filter_Higher_Order_Butterworth)
    Flash_Dsp_RD                             0x00009dad   Thumb Code   392  app_eprom.o(i.Flash_Dsp_RD)
    Flash_Dsp_SE                             0x00009f39   Thumb Code    82  app_eprom.o(i.Flash_Dsp_SE)
    Flash_Dsp_WR                             0x00009f8d   Thumb Code   486  app_eprom.o(i.Flash_Dsp_WR)
    Flash_Erase                              0x0000a17d   Thumb Code    22  mw_flash.o(i.Flash_Erase)
    Flash_Get_DspNum                         0x0000a195   Thumb Code    28  app_dsp_adau1452.o(i.Flash_Get_DspNum)
    Flash_Program_U8                         0x0000a1b5   Thumb Code   200  mw_flash.o(i.Flash_Program_U8)
    Flash_Quick_RD                           0x0000a27d   Thumb Code    24  mw_flash.o(i.Flash_Quick_RD)
    Flash_Quick_RD_U8                        0x0000a295   Thumb Code    36  mw_flash.o(i.Flash_Quick_RD_U8)
    Flash_Quick_WR                           0x0000a2b9   Thumb Code    30  mw_flash.o(i.Flash_Quick_WR)
    Flash_Quick_WR_U8                        0x0000a2d7   Thumb Code    34  mw_flash.o(i.Flash_Quick_WR_U8)
    Flash_RD_State_Clear                     0x0000a2f9   Thumb Code     8  app_eprom.o(i.Flash_RD_State_Clear)
    Flash_Read                               0x0000a305   Thumb Code    22  mw_flash.o(i.Flash_Read)
    Flash_Set_DspNum                         0x0000a31d   Thumb Code    14  app_dsp_adau1452.o(i.Flash_Set_DspNum)
    Flash_WR_State_Clear                     0x0000a331   Thumb Code     8  app_eprom.o(i.Flash_WR_State_Clear)
    Flash_Write                              0x0000a33d   Thumb Code    26  mw_flash.o(i.Flash_Write)
    GPIOInit                                 0x0000a357   Thumb Code    48  mw_gpio.o(i.GPIOInit)
    GPIO_DeInit                              0x0000a387   Thumb Code    20  gpio.o(i.GPIO_DeInit)
    GPIO_Init                                0x0000a39d   Thumb Code   338  gpio.o(i.GPIO_Init)
    GPIO_PinClear                            0x0000a4fd   Thumb Code    58  gpio.o(i.GPIO_PinClear)
    GPIO_PinInit                             0x0000a53d   Thumb Code   816  gpio.o(i.GPIO_PinInit)
    GPIO_PinSet                              0x0000a875   Thumb Code    58  gpio.o(i.GPIO_PinSet)
    GPIO_ReadInputPin                        0x0000a8b5   Thumb Code    54  mw_gpio.o(i.GPIO_ReadInputPin)
    GetCheckData_Xor                         0x0000a8f1   Thumb Code    26  sch_common.o(i.GetCheckData_Xor)
    GetMax                                   0x0000a90b   Thumb Code    14  sch_common.o(i.GetMax)
    GetMessage                               0x0000a919   Thumb Code    22  sch_message.o(i.GetMessage)
    GetMin                                   0x0000a935   Thumb Code    14  sch_common.o(i.GetMin)
    Get_Uart_Choose                          0x0000a943   Thumb Code    26  app_connect.o(i.Get_Uart_Choose)
    Hardware_Ver_Pro                         0x0000a95d   Thumb Code    28  app_power.o(i.Hardware_Ver_Pro)
    I2C1Out8Bit                              0x0000a97d   Thumb Code   156  mw_i2c.o(i.I2C1Out8Bit)
    I2C1Start                                0x0000aa1d   Thumb Code    66  mw_i2c.o(i.I2C1Start)
    I2C1Stop                                 0x0000aa65   Thumb Code   104  mw_i2c.o(i.I2C1Stop)
    I2C1_IsFindAddr                          0x0000aad1   Thumb Code    60  mw_i2c.o(i.I2C1_IsFindAddr)
    I2C1_Tx                                  0x0000ab0d   Thumb Code    68  mw_i2c.o(i.I2C1_Tx)
    I2CWait                                  0x0000ab51   Thumb Code    98  mw_i2c.o(i.I2CWait)
    IAP_Pro                                  0x0000abb3   Thumb Code    44  app_updata.o(i.IAP_Pro)
    ICS_Init                                 0x0000abe1   Thumb Code    96  ics.o(i.ICS_Init)
    ICS_SetClkDivider                        0x0000ac45   Thumb Code   136  ics.o(i.ICS_SetClkDivider)
    ICS_Trim                                 0x0000acd9   Thumb Code    38  ics.o(i.ICS_Trim)
    IRQ_IRQHandler                           0x0000ad05   Thumb Code    14  interrupt.o(i.IRQ_IRQHandler)
    In_IapMode                               0x0000ad19   Thumb Code    12  app_updata.o(i.In_IapMode)
    Is_PASSWORD                              0x0000ad29   Thumb Code    50  app_bt.o(i.Is_PASSWORD)
    KBI0_IRQHandler                          0x0000ad61   Thumb Code    74  interrupt.o(i.KBI0_IRQHandler)
    KBI_DeInit                               0x0000adb1   Thumb Code    70  kbi.o(i.KBI_DeInit)
    KBI_Init                                 0x0000ae01   Thumb Code   402  kbi.o(i.KBI_Init)
    LED_Fail_Ctl                             0x0000afad   Thumb Code    24  app_led.o(i.LED_Fail_Ctl)
    LED_IO_Init                              0x0000afc5   Thumb Code    20  app_led.o(i.LED_IO_Init)
    LED_Normal_Ctl                           0x0000afd9   Thumb Code    24  app_led.o(i.LED_Normal_Ctl)
    LimitMaxMin                              0x0000aff1   Thumb Code    32  sch_common.o(i.LimitMaxMin)
    M2B_TxService                            0x0000b011   Thumb Code  2432  app_bt.o(i.M2B_TxService)
    MUTE_Ctl                                 0x0000b9a9   Thumb Code    78  app_mute.o(i.MUTE_Ctl)
    MUTE_IO_Init                             0x0000b9fd   Thumb Code    18  app_mute.o(i.MUTE_IO_Init)
    OSC_Init                                 0x0000bb65   Thumb Code   102  ics.o(i.OSC_Init)
    PMC_SetMode                              0x0000bbd1   Thumb Code    70  pmc.o(i.PMC_SetMode)
    PWR_IO_Init                              0x0000bc17   Thumb Code    28  mw_gpio.o(i.PWR_IO_Init)
    PostMessage                              0x0000bc35   Thumb Code    42  sch_message.o(i.PostMessage)
    PowerMessage                             0x0000bc65   Thumb Code   144  app_power.o(i.PowerMessage)
    PowerOffSystemModule                     0x0000bcf9   Thumb Code    16  app_power.o(i.PowerOffSystemModule)
    PowerOnSystemModule                      0x0000bd09   Thumb Code    42  app_power.o(i.PowerOnSystemModule)
    Queue_Cnt                                0x0000bd39   Thumb Code     6  sch_queue.o(i.Queue_Cnt)
    Queue_In                                 0x0000bd3f   Thumb Code    94  sch_queue.o(i.Queue_In)
    Queue_Init                               0x0000bd9d   Thumb Code    30  sch_queue.o(i.Queue_Init)
    Queue_Out                                0x0000bdbb   Thumb Code    90  sch_queue.o(i.Queue_Out)
    ResetIO                                  0x0000be15   Thumb Code    38  app_lowpower.o(i.ResetIO)
    SCH_Task_Execute                         0x0000be41   Thumb Code   124  task.o(i.SCH_Task_Execute)
    SIGMASTUDIOTYPE                          0x0000bec1   Thumb Code    62  app_dsp_adau1452.o(i.SIGMASTUDIOTYPE)
    SIGMA_READ                               0x0000bf05   Thumb Code    72  app_dsp_driver.o(i.SIGMA_READ)
    SIGMA_SAFELOAD_WRITE_REGISTER            0x0000bf4d   Thumb Code    96  app_dsp_driver.o(i.SIGMA_SAFELOAD_WRITE_REGISTER)
    SIGMA_WRITE                              0x0000bfb1   Thumb Code    76  app_dsp_driver.o(i.SIGMA_WRITE)
    SIGMA_WRITE_DELAY                        0x0000bffd   Thumb Code    60  app_dsp_driver.o(i.SIGMA_WRITE_DELAY)
    SIGMA_WRITE_REGISTER_BLOCK               0x0000c039   Thumb Code    78  app_dsp_driver.o(i.SIGMA_WRITE_REGISTER_BLOCK)
    SIM_Init                                 0x0000c089   Thumb Code   200  sim.o(i.SIM_Init)
    SPI0_IRQHandler                          0x0000c155   Thumb Code     2  interrupt.o(i.SPI0_IRQHandler)
    SPI1_IRQHandler                          0x0000c157   Thumb Code     2  interrupt.o(i.SPI1_IRQHandler)
    SPI_DeInit                               0x0000c159   Thumb Code    26  spi.o(i.SPI_DeInit)
    SPI_Init                                 0x0000c175   Thumb Code   442  spi.o(i.SPI_Init)
    SPI_RW                                   0x0000c359   Thumb Code    62  mw_spi.o(i.SPI_RW)
    SPI_SetBaudRate                          0x0000c39d   Thumb Code   106  spi.o(i.SPI_SetBaudRate)
    SYS_Power_Ctl                            0x0000c425   Thumb Code    52  mw_gpio.o(i.SYS_Power_Ctl)
    Set_PASSWORD                             0x0000c45d   Thumb Code    16  app_bt.o(i.Set_PASSWORD)
    Set_Uart_Choose                          0x0000c46d   Thumb Code    14  app_connect.o(i.Set_Uart_Choose)
    SpiBufInit                               0x0000c47d   Thumb Code    36  mw_spi.o(i.SpiBufInit)
    Start_Detect                             0x0000c4a5   Thumb Code   196  app_start.o(i.Start_Detect)
    Start_IO_Init                            0x0000c56d   Thumb Code    12  app_start.o(i.Start_IO_Init)
    SysAdcExit                               0x0000c579   Thumb Code    10  mw_adc.o(i.SysAdcExit)
    SysAdcInit                               0x0000c589   Thumb Code    32  mw_adc.o(i.SysAdcInit)
    SysDataInit                              0x0000c5ad   Thumb Code    60  system.o(i.SysDataInit)
    SysFlashInit                             0x0000c5ed   Thumb Code    10  mw_flash.o(i.SysFlashInit)
    SysHardware_Init                         0x0000c5fd   Thumb Code    36  main.o(i.SysHardware_Init)
    SysLowPowerExit                          0x0000c621   Thumb Code    24  app_lowpower.o(i.SysLowPowerExit)
    SysLowPowerInit                          0x0000c639   Thumb Code    50  app_lowpower.o(i.SysLowPowerInit)
    SysSoftware_Init                         0x0000c66b   Thumb Code    16  main.o(i.SysSoftware_Init)
    SysSpiExit                               0x0000c67d   Thumb Code   160  mw_spi.o(i.SysSpiExit)
    SysSpiInit                               0x0000c72d   Thumb Code   242  mw_spi.o(i.SysSpiInit)
    SysTick_Handler                          0x0000c831   Thumb Code   140  interrupt.o(i.SysTick_Handler)
    SysUartExit                              0x0000c8c5   Thumb Code   204  mw_uart.o(i.SysUartExit)
    SysUartInit                              0x0000c9a5   Thumb Code   190  mw_uart.o(i.SysUartInit)
    SysWait1Us                               0x0000ca79   Thumb Code    28  sch_common.o(i.SysWait1Us)
    SysWaitMs                                0x0000ca95   Thumb Code    24  sch_common.o(i.SysWaitMs)
    SysWaitUs                                0x0000caad   Thumb Code    20  sch_common.o(i.SysWaitUs)
    SysWakeUpExit_FromACC                    0x0000cac1   Thumb Code    44  app_lowpower.o(i.SysWakeUpExit_FromACC)
    SysWakeUpExit_FromKBI                    0x0000caf5   Thumb Code    10  app_lowpower.o(i.SysWakeUpExit_FromKBI)
    SysWakeUpExit_FromRTC                    0x0000cb05   Thumb Code     2  app_lowpower.o(i.SysWakeUpExit_FromRTC)
    SysWakeUpInit_FromACC                    0x0000cb09   Thumb Code    46  app_lowpower.o(i.SysWakeUpInit_FromACC)
    SysWakeUpInit_FromKBI                    0x0000cb45   Thumb Code   118  app_lowpower.o(i.SysWakeUpInit_FromKBI)
    SysWakeUpInit_FromRTC                    0x0000cbc1   Thumb Code     2  app_lowpower.o(i.SysWakeUpInit_FromRTC)
    SystemInit                               0x0000cbc5   Thumb Code    90  system_skeaz1284.o(i.SystemInit)
    SystemPowerUp                            0x0000cc35   Thumb Code    72  app_power.o(i.SystemPowerUp)
    TASK_AccOff_Pro                          0x0000cc7d   Thumb Code   218  app_lowpower.o(i.TASK_AccOff_Pro)
    TASK_Amp_Pro                             0x0000cd61   Thumb Code   106  app_amp.o(i.TASK_Amp_Pro)
    TASK_Bt_Pro                              0x0000cdd1   Thumb Code   152  app_bt.o(i.TASK_Bt_Pro)
    TASK_Dsp_Pro                             0x0000ce75   Thumb Code    24  app_dsp_adau1452.o(i.TASK_Dsp_Pro)
    TASK_Eeprom_Pro                          0x0000ce8d   Thumb Code     2  app_eprom.o(i.TASK_Eeprom_Pro)
    TASK_LED_pro                             0x0000ce91   Thumb Code    50  app_led.o(i.TASK_LED_pro)
    TASK_Power_Pro                           0x0000ced1   Thumb Code   626  app_power.o(i.TASK_Power_Pro)
    TASK_Voltage_Det                         0x0000d155   Thumb Code   284  app_voltage.o(i.TASK_Voltage_Det)
    TDF8541Init                              0x0000d27d   Thumb Code    28  app_tdf8541.o(i.TDF8541Init)
    TDF8541_AmpMute                          0x0000d2a1   Thumb Code    60  app_tdf8541.o(i.TDF8541_AmpMute)
    Task_100ms_Pro                           0x0000d2e5   Thumb Code    24  task.o(i.Task_100ms_Pro)
    Task_16ms_Pro                            0x0000d301   Thumb Code     8  task.o(i.Task_16ms_Pro)
    Task_4ms_Pro                             0x0000d309   Thumb Code     8  task.o(i.Task_4ms_Pro)
    Task_8ms_Pro                             0x0000d311   Thumb Code    32  task.o(i.Task_8ms_Pro)
    UART0_IRQHandler                         0x0000d331   Thumb Code    10  interrupt.o(i.UART0_IRQHandler)
    UART1_IRQHandler                         0x0000d33b   Thumb Code    10  interrupt.o(i.UART1_IRQHandler)
    UART2_IRQHandler                         0x0000d345   Thumb Code    10  interrupt.o(i.UART2_IRQHandler)
    UART_CheckFlag                           0x0000d34f   Thumb Code    24  uart.o(i.UART_CheckFlag)
    UART_DisableInterrupt                    0x0000d367   Thumb Code   112  uart.o(i.UART_DisableInterrupt)
    UART_EnableInterrupt                     0x0000d3d7   Thumb Code   112  uart.o(i.UART_EnableInterrupt)
    UART_GetChar                             0x0000d447   Thumb Code    18  uart.o(i.UART_GetChar)
    UART_GetFlags                            0x0000d459   Thumb Code    16  uart.o(i.UART_GetFlags)
    UART_Init                                0x0000d469   Thumb Code   128  uart.o(i.UART_Init)
    UART_IntSerive                           0x0000d4f5   Thumb Code    80  mw_uart.o(i.UART_IntSerive)
    UART_PutChar                             0x0000d549   Thumb Code    16  uart.o(i.UART_PutChar)
    UartBufCnt                               0x0000d559   Thumb Code    32  mw_uart.o(i.UartBufCnt)
    UartBufInit                              0x0000d57d   Thumb Code    36  mw_uart.o(i.UartBufInit)
    UartGetFromBuf                           0x0000d5a5   Thumb Code    42  mw_uart.o(i.UartGetFromBuf)
    UartPutToBuf                             0x0000d5d5   Thumb Code    42  mw_uart.o(i.UartPutToBuf)
    UartRxCnt                                0x0000d605   Thumb Code    14  mw_uart.o(i.UartRxCnt)
    UartRxData                               0x0000d613   Thumb Code    22  mw_uart.o(i.UartRxData)
    UartSendData8                            0x0000d629   Thumb Code    20  mw_uart.o(i.UartSendData8)
    UartTxCnt                                0x0000d641   Thumb Code    14  mw_uart.o(i.UartTxCnt)
    UartTxData                               0x0000d64f   Thumb Code    72  mw_uart.o(i.UartTxData)
    UartTxIntDis                             0x0000d699   Thumb Code    18  mw_uart.o(i.UartTxIntDis)
    UartTxIntEn                              0x0000d6b1   Thumb Code    18  mw_uart.o(i.UartTxIntEn)
    Uart_Rx_DataPro                          0x0000d6c9   Thumb Code    18  mw_uart.o(i.Uart_Rx_DataPro)
    Uart_Tx_DataPro                          0x0000d6db   Thumb Code    58  mw_uart.o(i.Uart_Tx_DataPro)
    Vol_Ctl                                  0x0000d715   Thumb Code    34  app_dsp_single_mute.o(i.Vol_Ctl)
    WDOG_Enable                              0x0000d741   Thumb Code    24  wdog.o(i.WDOG_Enable)
    WDOG_Feed                                0x0000d765   Thumb Code    16  wdog.o(i.WDOG_Feed)
    WDOG_Init                                0x0000d781   Thumb Code   168  wdog.o(i.WDOG_Init)
    __ARM_common_ll_muluu                    0x0000d835   Thumb Code    50  rred.o(i.__ARM_common_ll_muluu)
    __ARM_common_switch8                     0x0000d867   Thumb Code    28  app_power.o(i.__ARM_common_switch8)
    __ARM_fpclassify                         0x0000d885   Thumb Code    40  fpclassify.o(i.__ARM_fpclassify)
    __ieee754_rem_pio2                       0x0000d8b1   Thumb Code   838  rred.o(i.__ieee754_rem_pio2)
    __kernel_cos                             0x0000dc4d   Thumb Code   224  cos_i.o(i.__kernel_cos)
    __kernel_poly                            0x0000dd41   Thumb Code   172  poly.o(i.__kernel_poly)
    __kernel_sin                             0x0000dded   Thumb Code   222  sin_i.o(i.__kernel_sin)
    __mathlib_dbl_divzero                    0x0000ded9   Thumb Code    16  dunder.o(i.__mathlib_dbl_divzero)
    __mathlib_dbl_infnan                     0x0000deed   Thumb Code    10  dunder.o(i.__mathlib_dbl_infnan)
    __mathlib_dbl_infnan2                    0x0000def7   Thumb Code     8  dunder.o(i.__mathlib_dbl_infnan2)
    __mathlib_dbl_invalid                    0x0000deff   Thumb Code    16  dunder.o(i.__mathlib_dbl_invalid)
    __mathlib_dbl_overflow                   0x0000df11   Thumb Code    16  dunder.o(i.__mathlib_dbl_overflow)
    __mathlib_dbl_underflow                  0x0000df25   Thumb Code    14  dunder.o(i.__mathlib_dbl_underflow)
    cos                                      0x0000df39   Thumb Code   142  cos.o(i.cos)
    default_download_IC_1                    0x0000dfd1   Thumb Code   864  app_dsp_adau1452.o(i.default_download_IC_1)
    main                                     0x0000e451   Thumb Code   106  main.o(i.main)
    pow                                      0x0000e4f9   Thumb Code  2548  pow.o(i.pow)
    sch_compare                              0x0000eef5   Thumb Code    40  sch_common.o(i.sch_compare)
    sch_memcpy                               0x0000ef1d   Thumb Code    28  sch_common.o(i.sch_memcpy)
    sch_memset                               0x0000ef39   Thumb Code    22  sch_common.o(i.sch_memset)
    sin                                      0x0000ef51   Thumb Code   146  sin.o(i.sin)
    sqrt                                     0x0000efed   Thumb Code    66  sqrt.o(i.sqrt)
    stop                                     0x0000f035   Thumb Code    16  arm_cm0.o(i.stop)
    sysinit                                  0x0000f049   Thumb Code   118  sysinit.o(i.sysinit)
    systick_disable                          0x0000f0cd   Thumb Code    14  systick.o(i.systick_disable)
    u8_TO_u32                                0x0000f0e1   Thumb Code    34  mw_flash.o(i.u8_TO_u32)
    wait                                     0x0000f105   Thumb Code    16  arm_cm0.o(i.wait)
    write_vtor                               0x0000f119   Thumb Code     6  arm_cm0.o(i.write_vtor)
    __aeabi_cdcmpeq                          0x0000f125   Thumb Code     0  deqf.o(x$fpl$deqf)
    _dcmpeq                                  0x0000f125   Thumb Code    94  deqf.o(x$fpl$deqf)
    __aeabi_cdcmple                          0x0000f189   Thumb Code     0  dlef.o(x$fpl$dleqf)
    _dcmple                                  0x0000f189   Thumb Code    94  dlef.o(x$fpl$dleqf)
    __aeabi_cdrcmple                         0x0000f1ed   Thumb Code     0  drlef.o(x$fpl$drleqf)
    _drcmple                                 0x0000f1ed   Thumb Code   100  drlef.o(x$fpl$drleqf)
    UartBufAddr                              0x0000f254   Data          32  mw_uart.o(.constdata)
    __I$use$fp                               0x0000f254   Number         0  usenofp.o(x$fpl$usenofp)
    VoltageTable                             0x0000f274   Data          16  app_voltage.o(.constdata)
    AmpChipAddr                              0x0000f284   Data           4  app_amp.o(.constdata)
    AmpDllLoader                             0x0000f288   Data          16  app_amp.o(.constdata)
    DefaultPassword                          0x0000f298   Data           6  app_bt.o(.constdata)
    DM1_DATA_Data_IC_1                       0x0000f2a0   Data       33184  app_dsp_adau1452.o(.constdata)
    Program_Data_IC_1                        0x00017440   Data        9916  app_dsp_adau1452.o(.constdata)
    Param_Data_IC_1                          0x00019afc   Data       11316  app_dsp_adau1452.o(.constdata)
    R0_SOFT_RESET_IC_1_Default               0x0001c730   Data           2  app_dsp_adau1452.o(.constdata)
    R1_SOFT_RESET_IC_1_Default               0x0001c732   Data           2  app_dsp_adau1452.o(.constdata)
    R2_RESET_DELAY_IC_1_Default              0x0001c734   Data           2  app_dsp_adau1452.o(.constdata)
    R3_HIBERNATE_IC_1_Default                0x0001c736   Data           2  app_dsp_adau1452.o(.constdata)
    R4_HIBERNATE_IC_1_Default                0x0001c738   Data           2  app_dsp_adau1452.o(.constdata)
    R5_HIBERNATE_DELAY_IC_1_Default          0x0001c73a   Data           2  app_dsp_adau1452.o(.constdata)
    R6_KILL_CORE_IC_1_Default                0x0001c73c   Data           2  app_dsp_adau1452.o(.constdata)
    R7_KILL_CORE_IC_1_Default                0x0001c73e   Data           2  app_dsp_adau1452.o(.constdata)
    R8_PLL_ENABLE_IC_1_Default               0x0001c740   Data           2  app_dsp_adau1452.o(.constdata)
    R9_PLL_CTRL0_IC_1_Default                0x0001c742   Data           2  app_dsp_adau1452.o(.constdata)
    R10_PLL_CTRL1_IC_1_Default               0x0001c744   Data           2  app_dsp_adau1452.o(.constdata)
    R11_PLL_CLK_SRC_IC_1_Default             0x0001c746   Data           2  app_dsp_adau1452.o(.constdata)
    R12_MCLK_OUT_IC_1_Default                0x0001c748   Data           2  app_dsp_adau1452.o(.constdata)
    R13_PLL_ENABLE_IC_1_Default              0x0001c74a   Data           2  app_dsp_adau1452.o(.constdata)
    R14_PLL_LOCK_DELAY_IC_1_Default          0x0001c74c   Data           2  app_dsp_adau1452.o(.constdata)
    R15_POWER_ENABLE0_IC_1_Default           0x0001c74e   Data           2  app_dsp_adau1452.o(.constdata)
    R16_POWER_ENABLE1_IC_1_Default           0x0001c750   Data           2  app_dsp_adau1452.o(.constdata)
    R17_ASRC_INPUT0_IC_1_Default             0x0001c752   Data           2  app_dsp_adau1452.o(.constdata)
    R18_ASRC_OUT_RATE0_IC_1_Default          0x0001c754   Data           2  app_dsp_adau1452.o(.constdata)
    R19_SOUT_SOURCE0_IC_1_Default            0x0001c756   Data           2  app_dsp_adau1452.o(.constdata)
    R20_SOUT_SOURCE1_IC_1_Default            0x0001c758   Data           2  app_dsp_adau1452.o(.constdata)
    R21_SOUT_SOURCE2_IC_1_Default            0x0001c75a   Data           2  app_dsp_adau1452.o(.constdata)
    R22_SOUT_SOURCE3_IC_1_Default            0x0001c75c   Data           2  app_dsp_adau1452.o(.constdata)
    R23_SOUT_SOURCE4_IC_1_Default            0x0001c75e   Data           2  app_dsp_adau1452.o(.constdata)
    R24_SOUT_SOURCE5_IC_1_Default            0x0001c760   Data           2  app_dsp_adau1452.o(.constdata)
    R25_SOUT_SOURCE6_IC_1_Default            0x0001c762   Data           2  app_dsp_adau1452.o(.constdata)
    R26_SOUT_SOURCE7_IC_1_Default            0x0001c764   Data           2  app_dsp_adau1452.o(.constdata)
    R27_SOUT_SOURCE8_IC_1_Default            0x0001c766   Data           2  app_dsp_adau1452.o(.constdata)
    R28_SOUT_SOURCE9_IC_1_Default            0x0001c768   Data           2  app_dsp_adau1452.o(.constdata)
    R29_SOUT_SOURCE10_IC_1_Default           0x0001c76a   Data           2  app_dsp_adau1452.o(.constdata)
    R30_SOUT_SOURCE11_IC_1_Default           0x0001c76c   Data           2  app_dsp_adau1452.o(.constdata)
    R31_SOUT_SOURCE12_IC_1_Default           0x0001c76e   Data           2  app_dsp_adau1452.o(.constdata)
    R32_SOUT_SOURCE13_IC_1_Default           0x0001c770   Data           2  app_dsp_adau1452.o(.constdata)
    R33_SOUT_SOURCE14_IC_1_Default           0x0001c772   Data           2  app_dsp_adau1452.o(.constdata)
    R34_SOUT_SOURCE15_IC_1_Default           0x0001c774   Data           2  app_dsp_adau1452.o(.constdata)
    R35_SOUT_SOURCE16_IC_1_Default           0x0001c776   Data           2  app_dsp_adau1452.o(.constdata)
    R36_SOUT_SOURCE17_IC_1_Default           0x0001c778   Data           2  app_dsp_adau1452.o(.constdata)
    R37_SOUT_SOURCE18_IC_1_Default           0x0001c77a   Data           2  app_dsp_adau1452.o(.constdata)
    R38_SOUT_SOURCE19_IC_1_Default           0x0001c77c   Data           2  app_dsp_adau1452.o(.constdata)
    R39_SOUT_SOURCE20_IC_1_Default           0x0001c77e   Data           2  app_dsp_adau1452.o(.constdata)
    R40_SOUT_SOURCE21_IC_1_Default           0x0001c780   Data           2  app_dsp_adau1452.o(.constdata)
    R41_SOUT_SOURCE22_IC_1_Default           0x0001c782   Data           2  app_dsp_adau1452.o(.constdata)
    R42_SOUT_SOURCE23_IC_1_Default           0x0001c784   Data           2  app_dsp_adau1452.o(.constdata)
    R43_SPDIFTX_INPUT_IC_1_Default           0x0001c786   Data           2  app_dsp_adau1452.o(.constdata)
    R44_SERIAL_BYTE_0_0_IC_1_Default         0x0001c788   Data           2  app_dsp_adau1452.o(.constdata)
    R45_SERIAL_BYTE_1_0_IC_1_Default         0x0001c78a   Data           2  app_dsp_adau1452.o(.constdata)
    R46_SERIAL_BYTE_2_0_IC_1_Default         0x0001c78c   Data           2  app_dsp_adau1452.o(.constdata)
    R47_SERIAL_BYTE_3_0_IC_1_Default         0x0001c78e   Data           2  app_dsp_adau1452.o(.constdata)
    R48_SERIAL_BYTE_4_0_IC_1_Default         0x0001c790   Data           2  app_dsp_adau1452.o(.constdata)
    R49_SERIAL_BYTE_5_0_IC_1_Default         0x0001c792   Data           2  app_dsp_adau1452.o(.constdata)
    R50_SERIAL_BYTE_6_0_IC_1_Default         0x0001c794   Data           2  app_dsp_adau1452.o(.constdata)
    R51_SERIAL_BYTE_7_0_IC_1_Default         0x0001c796   Data           2  app_dsp_adau1452.o(.constdata)
    R52_SPDIF_RESTART_IC_1_Default           0x0001c798   Data           2  app_dsp_adau1452.o(.constdata)
    R53_SPDIF_TX_EN_IC_1_Default             0x0001c79a   Data           2  app_dsp_adau1452.o(.constdata)
    R57_KILL_CORE_IC_1_Default               0x0001c79c   Data           2  app_dsp_adau1452.o(.constdata)
    R58_START_ADDRESS_IC_1_Default           0x0001c79e   Data           2  app_dsp_adau1452.o(.constdata)
    R59_START_PULSE_IC_1_Default             0x0001c7a0   Data           2  app_dsp_adau1452.o(.constdata)
    R60_START_CORE_IC_1_Default              0x0001c7a2   Data           2  app_dsp_adau1452.o(.constdata)
    R61_START_CORE_IC_1_Default              0x0001c7a4   Data           2  app_dsp_adau1452.o(.constdata)
    R62_START_DELAY_IC_1_Default             0x0001c7a6   Data           2  app_dsp_adau1452.o(.constdata)
    R63_HIBERNATE_IC_1_Default               0x0001c7a8   Data           2  app_dsp_adau1452.o(.constdata)
    Fs                                       0x0001c7b0   Data           8  app_dsp_adau1452.o(.constdata)
    pi                                       0x0001c7b8   Data           8  app_dsp_adau1452.o(.constdata)
    Delay_addr                               0x0001c7c0   Data          18  app_dsp_adau1452.o(.constdata)
    OutPut_Hardware_1708                     0x0001c7d2   Data           9  app_dsp_adau1452.o(.constdata)
    OutPutChl_addr                           0x0001c7dc   Data          18  app_dsp_adau1452.o(.constdata)
    Default_ReName                           0x0001c7ee   Data          72  app_dsp_adau1452.o(.constdata)
    SpiBufAddr                               0x0001c838   Data          16  mw_spi.o(.constdata)
    Mix_READBACK_addr                        0x0001c848   Data          16  app_dsp_readback.o(.constdata)
    Data_dbe_MaxMin                          0x0001c858   Data         192  app_dsp_readback.o(.constdata)
    Default_Freq                             0x0001c918   Data         128  app_dsp_eq.o(.constdata)
    EQ_Set_addr                              0x0001c998   Data          32  app_dsp_eq.o(.constdata)
    GEN_Filter_addr                          0x0001c9b8   Data         128  app_dsp_filter.o(.constdata)
    Mix_Mixer_addr                           0x0001ca38   Data          18  app_dsp_mix.o(.constdata)
    Mix_Mixer_Input_addr                     0x0001ca4a   Data          20  app_dsp_mix.o(.constdata)
    Single_addr                              0x0001ca5e   Data          18  app_dsp_single_mute.o(.constdata)
    VolList                                  0x0001ca70   Data          82  app_dsp_single_mute.o(.constdata)
    Mute_addr                                0x0001cac2   Data          18  app_dsp_single_mute.o(.constdata)
    __mathlib_zero                           0x0001cd10   Data           8  qnan.o(.constdata)
    Region$$Table$$Base                      0x0001ce08   Number         0  anon$$obj.o(Region$$Table)
    Region$$Table$$Limit                     0x0001ce28   Number         0  anon$$obj.o(Region$$Table)
    UART0_TX_QUEUE                           0x1ffff004   Data          16  mw_uart.o(.data)
    UART0_RX_QUEUE                           0x1ffff014   Data          16  mw_uart.o(.data)
    UART1_TX_QUEUE                           0x1ffff024   Data          16  mw_uart.o(.data)
    UART1_RX_QUEUE                           0x1ffff034   Data          16  mw_uart.o(.data)
    UART2_TX_QUEUE                           0x1ffff044   Data          16  mw_uart.o(.data)
    UART2_RX_QUEUE                           0x1ffff054   Data          16  mw_uart.o(.data)
    Uart_Arry                                0x1ffff064   Data          12  mw_uart.o(.data)
    SysPower                                 0x1ffff072   Data           8  app_power.o(.data)
    GPIO_Arry                                0x1ffff080   Data          12  mw_gpio.o(.data)
    DSP_TEST_Detect                          0x1ffff08c   Data           2  mw_gpio.o(.data)
    DSP_OFF_FLAG                             0x1ffff08e   Data           1  mw_gpio.o(.data)
    AMP_Detect                               0x1ffff08f   Data           2  mw_gpio.o(.data)
    AMP1_Detect                              0x1ffff091   Data           2  mw_gpio.o(.data)
    AMP_OFF_FLAG                             0x1ffff093   Data           1  mw_gpio.o(.data)
    AMP1_OFF_FLAG                            0x1ffff094   Data           1  mw_gpio.o(.data)
    VolDet                                   0x1ffff098   Data           4  app_voltage.o(.data)
    tbl_Amp_Init                             0x1ffff09d   Data           5  app_tdf8541.o(.data)
    set_query_password                       0x1ffff0a3   Data           1  app_bt.o(.data)
    App_Eeprom                               0x1ffff0a6   Data           4  app_eprom.o(.data)
    Spi_Arry                                 0x1ffff0b0   Data           8  mw_spi.o(.data)
    AccDetect                                0x1ffff0b9   Data           2  app_start.o(.data)
    AudioDetect                              0x1ffff0bb   Data           2  app_start.o(.data)
    BtSPPCONFlag                             0x1ffff0be   Data           1  app_at.o(.data)
    bGUKAIBLE                                0x1ffff0bf   Data           1  app_at.o(.data)
    BtGATTCONFlag                            0x1ffff0c0   Data           1  app_at.o(.data)
    BtPHFCONFlag                             0x1ffff0c1   Data           1  app_at.o(.data)
    BtTemplag                                0x1ffff0c2   Data           1  app_at.o(.data)
    BtTemplag1                               0x1ffff0c3   Data           1  app_at.o(.data)
    Uart_CONNECT                             0x1ffff0c5   Data           1  app_connect.o(.data)
    Uart_OTHER                               0x1ffff0c6   Data           1  app_connect.o(.data)
    Uart_OTHER1                              0x1ffff0c7   Data           1  app_connect.o(.data)
    Data_Addr                                0x1ffff0c8   Data           1  app_connect.o(.data)
    Data_Num                                 0x1ffff0c9   Data           1  app_connect.o(.data)
    Dsp_Audio_Flag                           0x1ffff0d1   Data           8  app_dsp_readback.o(.data)
    Dsp_REM_Flag                             0x1ffff0d9   Data           8  app_dsp_readback.o(.data)
    VolData                                  0x1ffff0ee   Data           1  app_dsp_single_mute.o(.data)
    global_pass_count                        0x1ffff0f0   Data           2  sysinit.o(.data)
    global_fail_count                        0x1ffff0f2   Data           2  sysinit.o(.data)
    MESSAGE_QUEUE                            0x1ffff0f4   Data          64  sch_message.o(.data)
    Sys                                      0x1ffff134   Data          12  system.o(.bss)
    Uart0_TX_buf                             0x1ffff140   Data         256  mw_uart.o(.bss)
    Uart0_RX_buf                             0x1ffff240   Data         256  mw_uart.o(.bss)
    Uart1_TX_buf                             0x1ffff340   Data         256  mw_uart.o(.bss)
    Uart1_RX_buf                             0x1ffff440   Data         256  mw_uart.o(.bss)
    Uart2_TX_buf                             0x1ffff540   Data         256  mw_uart.o(.bss)
    Uart2_RX_buf                             0x1ffff640   Data         256  mw_uart.o(.bss)
    App_Amp                                  0x1ffff740   Data          16  app_amp.o(.bss)
    BtTxModuel                               0x1ffff750   Data         106  app_bt.o(.bss)
    BtRxModuel                               0x1ffff7ba   Data         102  app_bt.o(.bss)
    PcRxModuel_0                             0x1ffff820   Data         102  app_bt.o(.bss)
    PcRxModuel_1                             0x1ffff886   Data         102  app_bt.o(.bss)
    EQ_Rx                                    0x1ffff8ec   Data          12  app_bt.o(.bss)
    Mix_Mixer_data                           0x1ffff8f8   Data          11  app_bt.o(.bss)
    App_Dsp                                  0x1ffff904   Data        3592  app_dsp_adau1452.o(.bss)
    BT_Addr                                  0x2000070c   Data          13  app_at.o(.bss)
    BLE_GVER                                 0x20000719   Data          30  app_at.o(.bss)
    BtRxBLE                                  0x20000737   Data          32  app_at.o(.bss)
    Data_dbe                                 0x20000758   Data          64  app_dsp_readback.o(.bss)
    Queue                                    0x20000798   Data         320  sch_message.o(.bss)
    __libspace_start                         0x200008d8   Data          96  libspace.o(.bss)
    __temporary_stack_top$libspace           0x20000938   Data           0  libspace.o(.bss)



==============================================================================

Memory Map of the image

  Image Entry point : 0x000040c1

  Load Region LR_IROM1 (Base: 0x00004000, Size: 0x00018f5c, Max: 0x0001c000, ABSOLUTE, COMPRESSED[0x00018e84])

    Execution Region ER_IROM1 (Base: 0x00004000, Size: 0x00018e28, Max: 0x0001c000, ABSOLUTE)

    Base Addr    Size         Type   Attr      Idx    E Section Name        Object

    0x00004000   0x000000c0   Data   RO         4200    RESET               startup_skeaz1284.o
    0x000040c0   0x00000008   Code   RO         4311  * !!!main             c_p.l(__main.o)
    0x000040c8   0x0000003c   Code   RO         4771    !!!scatter          c_p.l(__scatter.o)
    0x00004104   0x0000001c   Code   RO         4773    !!handler_zi        c_p.l(__scatter_zi.o)
    0x00004120   0x00000002   Code   RO         4565    .ARM.Collect$$libinit$$00000000  c_p.l(libinit.o)
    0x00004122   0x00000000   Code   RO         4567    .ARM.Collect$$libinit$$00000002  c_p.l(libinit2.o)
    0x00004122   0x00000000   Code   RO         4569    .ARM.Collect$$libinit$$00000004  c_p.l(libinit2.o)
    0x00004122   0x00000000   Code   RO         4572    .ARM.Collect$$libinit$$0000000A  c_p.l(libinit2.o)
    0x00004122   0x00000000   Code   RO         4574    .ARM.Collect$$libinit$$0000000C  c_p.l(libinit2.o)
    0x00004122   0x00000000   Code   RO         4576    .ARM.Collect$$libinit$$0000000E  c_p.l(libinit2.o)
    0x00004122   0x00000000   Code   RO         4579    .ARM.Collect$$libinit$$00000011  c_p.l(libinit2.o)
    0x00004122   0x00000000   Code   RO         4581    .ARM.Collect$$libinit$$00000013  c_p.l(libinit2.o)
    0x00004122   0x00000000   Code   RO         4583    .ARM.Collect$$libinit$$00000015  c_p.l(libinit2.o)
    0x00004122   0x00000000   Code   RO         4585    .ARM.Collect$$libinit$$00000017  c_p.l(libinit2.o)
    0x00004122   0x00000000   Code   RO         4587    .ARM.Collect$$libinit$$00000019  c_p.l(libinit2.o)
    0x00004122   0x00000000   Code   RO         4589    .ARM.Collect$$libinit$$0000001B  c_p.l(libinit2.o)
    0x00004122   0x00000000   Code   RO         4591    .ARM.Collect$$libinit$$0000001D  c_p.l(libinit2.o)
    0x00004122   0x00000000   Code   RO         4593    .ARM.Collect$$libinit$$0000001F  c_p.l(libinit2.o)
    0x00004122   0x00000000   Code   RO         4595    .ARM.Collect$$libinit$$00000021  c_p.l(libinit2.o)
    0x00004122   0x00000000   Code   RO         4597    .ARM.Collect$$libinit$$00000023  c_p.l(libinit2.o)
    0x00004122   0x00000000   Code   RO         4599    .ARM.Collect$$libinit$$00000025  c_p.l(libinit2.o)
    0x00004122   0x00000000   Code   RO         4603    .ARM.Collect$$libinit$$0000002C  c_p.l(libinit2.o)
    0x00004122   0x00000000   Code   RO         4605    .ARM.Collect$$libinit$$0000002E  c_p.l(libinit2.o)
    0x00004122   0x00000000   Code   RO         4607    .ARM.Collect$$libinit$$00000030  c_p.l(libinit2.o)
    0x00004122   0x00000000   Code   RO         4609    .ARM.Collect$$libinit$$00000032  c_p.l(libinit2.o)
    0x00004122   0x00000002   Code   RO         4610    .ARM.Collect$$libinit$$00000033  c_p.l(libinit2.o)
    0x00004124   0x00000002   Code   RO         4750    .ARM.Collect$$libshutdown$$00000000  c_p.l(libshutdown.o)
    0x00004126   0x00000000   Code   RO         4612    .ARM.Collect$$libshutdown$$00000002  c_p.l(libshutdown2.o)
    0x00004126   0x00000000   Code   RO         4614    .ARM.Collect$$libshutdown$$00000004  c_p.l(libshutdown2.o)
    0x00004126   0x00000000   Code   RO         4617    .ARM.Collect$$libshutdown$$00000007  c_p.l(libshutdown2.o)
    0x00004126   0x00000000   Code   RO         4620    .ARM.Collect$$libshutdown$$0000000A  c_p.l(libshutdown2.o)
    0x00004126   0x00000000   Code   RO         4622    .ARM.Collect$$libshutdown$$0000000C  c_p.l(libshutdown2.o)
    0x00004126   0x00000000   Code   RO         4625    .ARM.Collect$$libshutdown$$0000000F  c_p.l(libshutdown2.o)
    0x00004126   0x00000002   Code   RO         4626    .ARM.Collect$$libshutdown$$00000010  c_p.l(libshutdown2.o)
    0x00004128   0x00000000   Code   RO         4364    .ARM.Collect$$rtentry$$00000000  c_p.l(__rtentry.o)
    0x00004128   0x00000000   Code   RO         4425    .ARM.Collect$$rtentry$$00000002  c_p.l(__rtentry2.o)
    0x00004128   0x00000006   Code   RO         4437    .ARM.Collect$$rtentry$$00000004  c_p.l(__rtentry4.o)
    0x0000412e   0x00000000   Code   RO         4427    .ARM.Collect$$rtentry$$00000009  c_p.l(__rtentry2.o)
    0x0000412e   0x00000004   Code   RO         4428    .ARM.Collect$$rtentry$$0000000A  c_p.l(__rtentry2.o)
    0x00004132   0x00000000   Code   RO         4430    .ARM.Collect$$rtentry$$0000000C  c_p.l(__rtentry2.o)
    0x00004132   0x00000008   Code   RO         4431    .ARM.Collect$$rtentry$$0000000D  c_p.l(__rtentry2.o)
    0x0000413a   0x00000002   Code   RO         4635    .ARM.Collect$$rtexit$$00000000  c_p.l(rtexit.o)
    0x0000413c   0x00000000   Code   RO         4693    .ARM.Collect$$rtexit$$00000002  c_p.l(rtexit2.o)
    0x0000413c   0x00000004   Code   RO         4694    .ARM.Collect$$rtexit$$00000003  c_p.l(rtexit2.o)
    0x00004140   0x00000006   Code   RO         4695    .ARM.Collect$$rtexit$$00000004  c_p.l(rtexit2.o)
    0x00004146   0x00000002   PAD
    0x00004148   0x00000038   Code   RO         4299    .emb_text           c_p.l(rt_memcpy.o)
    0x00004180   0x00000040   Code   RO         4202    .text               startup_skeaz1284.o
    0x000041c0   0x00000040   Code   RO         4303    .text               c_p.l(rt_memclr.o)
    0x00004200   0x0000015a   Code   RO         4305    .text               c_p.l(aeabi_sdiv.o)
    0x0000435a   0x00000006   Code   RO         4309    .text               c_p.l(heapauxi.o)
    0x00004360   0x0000006c   Code   RO         4320    .text               fz_ps.l(dfixi.o)
    0x000043cc   0x00000016   Code   RO         4369    .text               c_p.l(_rserrno.o)
    0x000043e2   0x00000002   PAD
    0x000043e4   0x00000008   Code   RO         4444    .text               c_p.l(rt_errno_addr_intlibspace.o)
    0x000043ec   0x00000014   Code   RO         4464    .text               fz_ps.l(dnan2.o)
    0x00004400   0x00000010   Code   RO         4201    .ARM.__at_0x4400    startup_skeaz1284.o
    0x00004410   0x00000358   Code   RO         4313    .text               fz_ps.l(daddsub.o)
    0x00004768   0x00000448   Code   RO         4315    .text               fz_ps.l(ddiv.o)
    0x00004bb0   0x00000058   Code   RO         4322    .text               fz_ps.l(dflti.o)
    0x00004c08   0x00000248   Code   RO         4326    .text               fz_ps.l(dmul.o)
    0x00004e50   0x00000090   Code   RO         4382    .text               fz_ps.l(dcmpin.o)
    0x00004ee0   0x00000060   Code   RO         4384    .text               fz_ps.l(dscalbn.o)
    0x00004f40   0x00000100   Code   RO         4386    .text               fz_ps.l(dsqrt.o)
    0x00005040   0x0000002e   Code   RO         4462    .text               fz_ps.l(cmpret.o)
    0x0000506e   0x00000002   PAD
    0x00005070   0x00000008   Code   RO         4471    .text               c_p.l(libspace.o)
    0x00005078   0x0000003e   Code   RO         4476    .text               c_p.l(sys_stackheap_outer.o)
    0x000050b6   0x00000010   Code   RO         4550    .text               c_p.l(exit.o)
    0x000050c6   0x0000005e   Code   RO         4629    .text               fz_ps.l(retnan.o)
    0x00005124   0x00000002   Code   RO         4631    .text               c_p.l(use_no_semi.o)
    0x00005126   0x00000000   Code   RO         4633    .text               c_p.l(indicate_semi.o)
    0x00005126   0x00000002   PAD
    0x00005128   0x0000000c   Code   RO         4690    .text               c_p.l(sys_exit.o)
    0x00005134   0x00000056   Code   RO         4769    .text               c_p.l(__dczerorl2.o)
    0x0000518a   0x00000002   PAD
    0x0000518c   0x00000080   Code   RO         1956    i.ACC_Detect        app_start.o
    0x0000520c   0x00000018   Code   RO          801    i.ACC_EN_Ctl        mw_gpio.o
    0x00005224   0x0000001c   Code   RO         1957    i.ACC_Init          app_start.o
    0x00005240   0x00000014   Code   RO         2181    i.AD1938_IO_Init    app_ad1938.o
    0x00005254   0x00000020   Code   RO         3061    i.ADC_DeInit        adc.o
    0x00005274   0x00000018   Code   RO          887    i.ADC_GetData       mw_adc.o
    0x0000528c   0x00000002   Code   RO          399    i.ADC_IRQHandler    interrupt.o
    0x0000528e   0x00000002   PAD
    0x00005290   0x000001a8   Code   RO         3062    i.ADC_Init          adc.o
    0x00005438   0x00000024   Code   RO         3064    i.ADC_PollRead      adc.o
    0x0000545c   0x00000010   Code   RO         3065    i.ADC_SelectClock   adc.o
    0x0000546c   0x00000016   Code   RO         3066    i.ADC_SelectClockDivide  adc.o
    0x00005482   0x00000010   Code   RO         3068    i.ADC_SetChannel    adc.o
    0x00005492   0x00000010   Code   RO         3069    i.ADC_SetFifoLevel  adc.o
    0x000054a2   0x00000016   Code   RO         3070    i.ADC_SetMode       adc.o
    0x000054b8   0x000000e0   Code   RO          802    i.AMP_Diag_Detect   mw_gpio.o
    0x00005598   0x00000014   Code   RO          803    i.AMP_IO_Init       mw_gpio.o
    0x000055ac   0x00000030   Code   RO          804    i.AMP_Init          mw_gpio.o
    0x000055dc   0x00000074   Code   RO         1958    i.AUDIO_Detect      app_start.o
    0x00005650   0x00000018   Code   RO         1124    i.Amp8541_DLL_Loader  app_tdf8541.o
    0x00005668   0x00000024   Code   RO         1244    i.AmpMute           app_amp.o
    0x0000568c   0x00000080   Code   RO         1245    i.AmpTypeCheck      app_amp.o
    0x0000570c   0x0000000a   Code   RO          960    i.AppJumpToBootloader  app_updata.o
    0x00005716   0x00000002   PAD
    0x00005718   0x0000034c   Code   RO         2049    i.AtDataAnalyse     app_at.o
    0x00005a64   0x00000024   Code   RO          557    i.AudioMute         app_mute.o
    0x00005a88   0x00000028   Code   RO         1959    i.Audio_Init        app_start.o
    0x00005ab0   0x000003bc   Code   RO         2076    i.BT_DataRxPro      app_connect.o
    0x00005e6c   0x0000000c   Code   RO          805    i.BT_IO_Init        mw_gpio.o
    0x00005e78   0x00000008   Code   RO          273    i.Bsp_ADC_Init      bsp.o
    0x00005e80   0x00000008   Code   RO          275    i.Bsp_Clock_Init    bsp.o
    0x00005e88   0x00000008   Code   RO          276    i.Bsp_FLASH_Init    bsp.o
    0x00005e90   0x00000024   Code   RO          277    i.Bsp_GPIO_Init     bsp.o
    0x00005eb4   0x0000000c   Code   RO          281    i.Bsp_Relocation_Int  bsp.o
    0x00005ec0   0x00000018   Code   RO          282    i.Bsp_SPI_Init      bsp.o
    0x00005ed8   0x00000008   Code   RO          283    i.Bsp_SysTick_Close  bsp.o
    0x00005ee0   0x00000038   Code   RO          284    i.Bsp_SysTick_Init  bsp.o
    0x00005f18   0x00000022   Code   RO          286    i.Bsp_UART_Init     bsp.o
    0x00005f3a   0x00000002   Code   RO          287    i.Bsp_WDOG_Close    bsp.o
    0x00005f3c   0x00000064   Code   RO          288    i.Bsp_WDOG_Init     bsp.o
    0x00005fa0   0x00000c32   Code   RO         1284    i.BtDataAnalyse     app_bt.o
    0x00006bd2   0x00000002   PAD
    0x00006bd4   0x0000009c   Code   RO         1285    i.Bt_ACK            app_bt.o
    0x00006c70   0x00000070   Code   RO         2077    i.Change_Uart       app_connect.o
    0x00006ce0   0x00000040   Code   RO         2483    i.CheckVol          app_dsp_single_mute.o
    0x00006d20   0x00000054   Code   RO         2078    i.Check_Uart        app_connect.o
    0x00006d74   0x00000018   Code   RO         4138    i.ClearAllModeMessage  sch_message.o
    0x00006d8c   0x00000014   Code   RO         4139    i.ClearMessage      sch_message.o
    0x00006da0   0x00000022   Code   RO         2128    i.DSP_IO_Init       app_dsp_driver.o
    0x00006dc2   0x00000002   PAD
    0x00006dc4   0x0000001c   Code   RO          806    i.DSP_TEST_Init     mw_gpio.o
    0x00006de0   0x000000b8   Code   RO          807    i.DSP_Test_Detect   mw_gpio.o
    0x00006e98   0x000000b0   Code   RO         1934    i.Debug_CMD         app_debug.o
    0x00006f48   0x00000030   Code   RO         1347    i.DspDataInit       app_dsp_adau1452.o
    0x00006f78   0x00000028   Code   RO         1349    i.DspInit           app_dsp_adau1452.o
    0x00006fa0   0x00000028   Code   RO         1350    i.DspModeNameInit   app_dsp_adau1452.o
    0x00006fc8   0x00000038   Code   RO         1351    i.Dsp_Data_Reset    app_dsp_adau1452.o
    0x00007000   0x00000050   Code   RO         1352    i.Dsp_Delay         app_dsp_adau1452.o
    0x00007050   0x0000001c   Code   RO         1353    i.Dsp_Delay_Init    app_dsp_adau1452.o
    0x0000706c   0x00000098   Code   RO         2309    i.Dsp_EQ_Direct     app_dsp_eq.o
    0x00007104   0x000000cc   Code   RO         2310    i.Dsp_EQ_Init       app_dsp_eq.o
    0x000071d0   0x00000160   Code   RO         2311    i.Dsp_EQ_Left_Req   app_dsp_eq.o
    0x00007330   0x00000064   Code   RO         2312    i.Dsp_EQ_Reset      app_dsp_eq.o
    0x00007394   0x00000160   Code   RO         2313    i.Dsp_EQ_Right_Req  app_dsp_eq.o
    0x000074f4   0x00000170   Code   RO         2314    i.Dsp_EQ_Set        app_dsp_eq.o
    0x00007664   0x000001b8   Code   RO         2220    i.Dsp_File_TO_Flash  app_dspdata_access.o
    0x0000781c   0x000000ac   Code   RO         2369    i.Dsp_Filter_Init   app_dsp_filter.o
    0x000078c8   0x00000054   Code   RO         2370    i.Dsp_Filter_Reset  app_dsp_filter.o
    0x0000791c   0x00000068   Code   RO         2221    i.Dsp_Flash_TO_File  app_dspdata_access.o
    0x00007984   0x000003ec   Code   RO         2371    i.Dsp_GEN_Filter    app_dsp_filter.o
    0x00007d70   0x000001c0   Code   RO         2278    i.Dsp_Info_Data     app_dsp_readback.o
    0x00007f30   0x000000e8   Code   RO         2279    i.Dsp_Info_Det      app_dsp_readback.o
    0x00008018   0x00000044   Code   RO         2222    i.Dsp_Load          app_dspdata_access.o
    0x0000805c   0x0000001c   Code   RO         2223    i.Dsp_Load_Mode_Name  app_dspdata_access.o
    0x00008078   0x00000048   Code   RO         2447    i.Dsp_Mix_Init      app_dsp_mix.o
    0x000080c0   0x00000078   Code   RO         2448    i.Dsp_Mix_Input     app_dsp_mix.o
    0x00008138   0x000000a8   Code   RO         2449    i.Dsp_Mix_Mixer     app_dsp_mix.o
    0x000081e0   0x00000028   Code   RO         2484    i.Dsp_Mute          app_dsp_single_mute.o
    0x00008208   0x00000080   Code   RO         2485    i.Dsp_Mute_A        app_dsp_single_mute.o
    0x00008288   0x00000028   Code   RO         2486    i.Dsp_Mute_Direct   app_dsp_single_mute.o
    0x000082b0   0x00000018   Code   RO         2487    i.Dsp_Mute_Init     app_dsp_single_mute.o
    0x000082c8   0x00000074   Code   RO         1354    i.Dsp_OFF           app_dsp_adau1452.o
    0x0000833c   0x00000038   Code   RO         1355    i.Dsp_ON            app_dsp_adau1452.o
    0x00008374   0x00000060   Code   RO         1356    i.Dsp_OutPutChl     app_dsp_adau1452.o
    0x000083d4   0x00000018   Code   RO         1357    i.Dsp_OutPutChl_Init  app_dsp_adau1452.o
    0x000083ec   0x000000ac   Code   RO         1358    i.Dsp_PowerOnInit   app_dsp_adau1452.o
    0x00008498   0x00000024   Code   RO         1359    i.Dsp_ReName        app_dsp_adau1452.o
    0x000084bc   0x0000002c   Code   RO         1360    i.Dsp_ReName_Init   app_dsp_adau1452.o
    0x000084e8   0x0000007c   Code   RO         2488    i.Dsp_Single        app_dsp_single_mute.o
    0x00008564   0x000000ac   Code   RO         2489    i.Dsp_Single_A      app_dsp_single_mute.o
    0x00008610   0x00000030   Code   RO         2490    i.Dsp_Single_Init   app_dsp_single_mute.o
    0x00008640   0x0000003c   Code   RO         2224    i.Dsp_Store         app_dspdata_access.o
    0x0000867c   0x000001e0   Code   RO         2225    i.Dsp_StoreLoadPro  app_dspdata_access.o
    0x0000885c   0x0000001c   Code   RO         2226    i.Dsp_Store_Mode_Name  app_dspdata_access.o
    0x00008878   0x00000080   Code   RO         1361    i.Dsp_TestMode      app_dsp_adau1452.o
    0x000088f8   0x000000bc   Code   RO         1362    i.Dsp_Unite         app_dsp_adau1452.o
    0x000089b4   0x00000140   Code   RO         1363    i.Dsp_Updata        app_dsp_adau1452.o
    0x00008af4   0x00000070   Code   RO         2491    i.Dsp_VolUpdate     app_dsp_single_mute.o
    0x00008b64   0x0000023c   Code   RO         2315    i.EQ_Algorithm      app_dsp_eq.o
    0x00008da0   0x00000014   Code   RO          921    i.EmergencyPowerDown  app_voltage.o
    0x00008db4   0x0000006c   Code   RO          737    i.EnterPowerOff     app_power.o
    0x00008e20   0x00000012   Code   RO         1512    i.Eprom_IO_Init     app_eprom.o
    0x00008e32   0x00000054   Code   RO         1513    i.Eprom_RD_Data     app_eprom.o
    0x00008e86   0x00000050   Code   RO         1514    i.Eprom_SE_Data     app_eprom.o
    0x00008ed6   0x00000038   Code   RO         1515    i.Eprom_WR_Command  app_eprom.o
    0x00008f0e   0x00000052   Code   RO         1516    i.Eprom_WR_Data     app_eprom.o
    0x00008f60   0x0000001a   Code   RO         1517    i.Eprom_WR_Order    app_eprom.o
    0x00008f7a   0x0000001a   Code   RO         3994    i.ExchangeTwoVariable_U8  sch_common.o
    0x00008f94   0x00000074   Code   RO         3579    i.FEI_to_FBE_OSC    ics.o
    0x00009008   0x00000058   Code   RO         3581    i.FEI_to_FEE        ics.o
    0x00009060   0x00000058   Code   RO         3582    i.FEI_to_FEE_OSC    ics.o
    0x000090b8   0x00000090   Code   RO         3405    i.FLASH_EraseSector  flash.o
    0x00009148   0x00000090   Code   RO         3409    i.FLASH_Init        flash.o
    0x000091d8   0x00000030   Code   RO         3410    i.FLASH_LaunchCMD   flash.o
    0x00009208   0x000000ac   Code   RO         3412    i.FLASH_Program1LongWord  flash.o
    0x000092b4   0x000000c8   Code   RO         3413    i.FLASH_Program2LongWords  flash.o
    0x0000937c   0x00000008   Code   RO          289    i.FeedDog           bsp.o
    0x00009384   0x000001cc   Code   RO         2372    i.Filter_1st_Order_Butterworth  app_dsp_filter.o
    0x00009550   0x000002a4   Code   RO         2373    i.Filter_2st_Order_Bessel  app_dsp_filter.o
    0x000097f4   0x000002a0   Code   RO         2374    i.Filter_2st_Order_Butterworth  app_dsp_filter.o
    0x00009a94   0x0000002c   Code   RO         2375    i.Filter_Bypassed   app_dsp_filter.o
    0x00009ac0   0x000002ec   Code   RO         2376    i.Filter_Higher_Order_Butterworth  app_dsp_filter.o
    0x00009dac   0x0000018c   Code   RO         1520    i.Flash_Dsp_RD      app_eprom.o
    0x00009f38   0x00000052   Code   RO         1521    i.Flash_Dsp_SE      app_eprom.o
    0x00009f8a   0x00000002   PAD
    0x00009f8c   0x000001f0   Code   RO         1522    i.Flash_Dsp_WR      app_eprom.o
    0x0000a17c   0x00000016   Code   RO         1006    i.Flash_Erase       mw_flash.o
    0x0000a192   0x00000002   PAD
    0x0000a194   0x00000020   Code   RO         1364    i.Flash_Get_DspNum  app_dsp_adau1452.o
    0x0000a1b4   0x000000c8   Code   RO         1008    i.Flash_Program_U8  mw_flash.o
    0x0000a27c   0x00000018   Code   RO         1009    i.Flash_Quick_RD    mw_flash.o
    0x0000a294   0x00000024   Code   RO         1010    i.Flash_Quick_RD_U8  mw_flash.o
    0x0000a2b8   0x0000001e   Code   RO         1012    i.Flash_Quick_WR    mw_flash.o
    0x0000a2d6   0x00000022   Code   RO         1013    i.Flash_Quick_WR_U8  mw_flash.o
    0x0000a2f8   0x0000000c   Code   RO         1523    i.Flash_RD_State_Clear  app_eprom.o
    0x0000a304   0x00000016   Code   RO         1016    i.Flash_Read        mw_flash.o
    0x0000a31a   0x00000002   PAD
    0x0000a31c   0x00000014   Code   RO         1365    i.Flash_Set_DspNum  app_dsp_adau1452.o
    0x0000a330   0x0000000c   Code   RO         1524    i.Flash_WR_State_Clear  app_eprom.o
    0x0000a33c   0x0000001a   Code   RO         1020    i.Flash_Write       mw_flash.o
    0x0000a356   0x00000030   Code   RO          808    i.GPIOInit          mw_gpio.o
    0x0000a386   0x00000014   Code   RO         3150    i.GPIO_DeInit       gpio.o
    0x0000a39a   0x00000002   PAD
    0x0000a39c   0x00000160   Code   RO         3151    i.GPIO_Init         gpio.o
    0x0000a4fc   0x00000040   Code   RO         3152    i.GPIO_PinClear     gpio.o
    0x0000a53c   0x00000338   Code   RO         3153    i.GPIO_PinInit      gpio.o
    0x0000a874   0x00000040   Code   RO         3154    i.GPIO_PinSet       gpio.o
    0x0000a8b4   0x0000003c   Code   RO          809    i.GPIO_ReadInputPin  mw_gpio.o
    0x0000a8f0   0x0000001a   Code   RO         3998    i.GetCheckData_Xor  sch_common.o
    0x0000a90a   0x0000000e   Code   RO         3999    i.GetMax            sch_common.o
    0x0000a918   0x0000001c   Code   RO         4140    i.GetMessage        sch_message.o
    0x0000a934   0x0000000e   Code   RO         4000    i.GetMin            sch_common.o
    0x0000a942   0x0000001a   Code   RO         2079    i.Get_Uart_Choose   app_connect.o
    0x0000a95c   0x00000020   Code   RO          738    i.Hardware_Ver_Pro  app_power.o
    0x0000a97c   0x000000a0   Code   RO         1784    i.I2C1Out8Bit       mw_i2c.o
    0x0000aa1c   0x00000048   Code   RO         1785    i.I2C1Start         mw_i2c.o
    0x0000aa64   0x0000006c   Code   RO         1786    i.I2C1Stop          mw_i2c.o
    0x0000aad0   0x0000003c   Code   RO         1787    i.I2C1_IsFindAddr   mw_i2c.o
    0x0000ab0c   0x00000044   Code   RO         1790    i.I2C1_Tx           mw_i2c.o
    0x0000ab50   0x00000062   Code   RO         1792    i.I2CWait           mw_i2c.o
    0x0000abb2   0x0000002c   Code   RO          961    i.IAP_Pro           app_updata.o
    0x0000abde   0x00000002   PAD
    0x0000abe0   0x00000064   Code   RO         3584    i.ICS_Init          ics.o
    0x0000ac44   0x00000094   Code   RO         3585    i.ICS_SetClkDivider  ics.o
    0x0000acd8   0x0000002c   Code   RO         3586    i.ICS_Trim          ics.o
    0x0000ad04   0x00000014   Code   RO          400    i.IRQ_IRQHandler    interrupt.o
    0x0000ad18   0x00000010   Code   RO          962    i.In_IapMode        app_updata.o
    0x0000ad28   0x00000038   Code   RO         1286    i.Is_PASSWORD       app_bt.o
    0x0000ad60   0x00000050   Code   RO          401    i.KBI0_IRQHandler   interrupt.o
    0x0000adb0   0x00000050   Code   RO         3880    i.KBI_DeInit        kbi.o
    0x0000ae00   0x000001ac   Code   RO         3881    i.KBI_Init          kbi.o
    0x0000afac   0x00000018   Code   RO         2009    i.LED_Fail_Ctl      app_led.o
    0x0000afc4   0x00000014   Code   RO         2010    i.LED_IO_Init       app_led.o
    0x0000afd8   0x00000018   Code   RO         2011    i.LED_Normal_Ctl    app_led.o
    0x0000aff0   0x00000020   Code   RO         4005    i.LimitMaxMin       sch_common.o
    0x0000b010   0x00000998   Code   RO         1287    i.M2B_TxService     app_bt.o
    0x0000b9a8   0x00000054   Code   RO          558    i.MUTE_Ctl          app_mute.o
    0x0000b9fc   0x00000012   Code   RO          559    i.MUTE_IO_Init      app_mute.o
    0x0000ba0e   0x00000002   PAD
    0x0000ba10   0x00000014   Code   RO          595    i.NVIC_DisableIRQ   mw_uart.o
    0x0000ba24   0x00000014   Code   RO         3883    i.NVIC_DisableIRQ   kbi.o
    0x0000ba38   0x00000014   Code   RO          596    i.NVIC_EnableIRQ    mw_uart.o
    0x0000ba4c   0x00000014   Code   RO         3801    i.NVIC_EnableIRQ    spi.o
    0x0000ba60   0x00000014   Code   RO         3884    i.NVIC_EnableIRQ    kbi.o
    0x0000ba74   0x00000078   Code   RO          290    i.NVIC_SetPriority  bsp.o
    0x0000baec   0x00000078   Code   RO          597    i.NVIC_SetPriority  mw_uart.o
    0x0000bb64   0x0000006c   Code   RO         3589    i.OSC_Init          ics.o
    0x0000bbd0   0x00000046   Code   RO         3771    i.PMC_SetMode       pmc.o
    0x0000bc16   0x0000001c   Code   RO          810    i.PWR_IO_Init       mw_gpio.o
    0x0000bc32   0x00000002   PAD
    0x0000bc34   0x00000030   Code   RO         4142    i.PostMessage       sch_message.o
    0x0000bc64   0x00000094   Code   RO          739    i.PowerMessage      app_power.o
    0x0000bcf8   0x00000010   Code   RO          740    i.PowerOffSystemModule  app_power.o
    0x0000bd08   0x00000030   Code   RO          741    i.PowerOnSystemModule  app_power.o
    0x0000bd38   0x00000006   Code   RO         3936    i.Queue_Cnt         sch_queue.o
    0x0000bd3e   0x0000005e   Code   RO         3937    i.Queue_In          sch_queue.o
    0x0000bd9c   0x0000001e   Code   RO         3938    i.Queue_Init        sch_queue.o
    0x0000bdba   0x0000005a   Code   RO         3942    i.Queue_Out         sch_queue.o
    0x0000be14   0x0000002c   Code   RO         1165    i.ResetIO           app_lowpower.o
    0x0000be40   0x00000080   Code   RO          499    i.SCH_Task_Execute  task.o
    0x0000bec0   0x00000044   Code   RO         1367    i.SIGMASTUDIOTYPE   app_dsp_adau1452.o
    0x0000bf04   0x00000048   Code   RO         2129    i.SIGMA_READ        app_dsp_driver.o
    0x0000bf4c   0x00000064   Code   RO         2130    i.SIGMA_SAFELOAD_WRITE_REGISTER  app_dsp_driver.o
    0x0000bfb0   0x0000004c   Code   RO         2131    i.SIGMA_WRITE       app_dsp_driver.o
    0x0000bffc   0x0000003c   Code   RO         2132    i.SIGMA_WRITE_DELAY  app_dsp_driver.o
    0x0000c038   0x0000004e   Code   RO         2133    i.SIGMA_WRITE_REGISTER_BLOCK  app_dsp_driver.o
    0x0000c086   0x00000002   PAD
    0x0000c088   0x000000cc   Code   RO         3732    i.SIM_Init          sim.o
    0x0000c154   0x00000002   Code   RO          402    i.SPI0_IRQHandler   interrupt.o
    0x0000c156   0x00000002   Code   RO          403    i.SPI1_IRQHandler   interrupt.o
    0x0000c158   0x0000001a   Code   RO         3804    i.SPI_DeInit        spi.o
    0x0000c172   0x00000002   PAD
    0x0000c174   0x000001c4   Code   RO         3805    i.SPI_Init          spi.o
    0x0000c338   0x0000000a   Code   RO         1622    i.SPI_IsSPRF        mw_spi.o
    0x0000c342   0x0000000a   Code   RO         1623    i.SPI_IsSPTEF       mw_spi.o
    0x0000c34c   0x0000000a   Code   RO         3806    i.SPI_ModfEnable    spi.o
    0x0000c356   0x00000002   PAD
    0x0000c358   0x00000044   Code   RO         1624    i.SPI_RW            mw_spi.o
    0x0000c39c   0x0000006a   Code   RO         3807    i.SPI_SetBaudRate   spi.o
    0x0000c406   0x00000018   Code   RO         3809    i.SPI_SetClockPhase  spi.o
    0x0000c41e   0x00000004   Code   RO         1625    i.SPI_WriteDataReg  mw_spi.o
    0x0000c422   0x00000002   PAD
    0x0000c424   0x00000038   Code   RO          811    i.SYS_Power_Ctl     mw_gpio.o
    0x0000c45c   0x00000010   Code   RO         1288    i.Set_PASSWORD      app_bt.o
    0x0000c46c   0x0000000e   Code   RO         2080    i.Set_Uart_Choose   app_connect.o
    0x0000c47a   0x00000002   PAD
    0x0000c47c   0x00000028   Code   RO         1627    i.SpiBufInit        mw_spi.o
    0x0000c4a4   0x000000c8   Code   RO         1960    i.Start_Detect      app_start.o
    0x0000c56c   0x0000000c   Code   RO         1961    i.Start_IO_Init     app_start.o
    0x0000c578   0x00000010   Code   RO          888    i.SysAdcExit        mw_adc.o
    0x0000c588   0x00000024   Code   RO          889    i.SysAdcInit        mw_adc.o
    0x0000c5ac   0x00000040   Code   RO          472    i.SysDataInit       system.o
    0x0000c5ec   0x00000010   Code   RO         1021    i.SysFlashInit      mw_flash.o
    0x0000c5fc   0x00000024   Code   RO            3    i.SysHardware_Init  main.o
    0x0000c620   0x00000018   Code   RO         1166    i.SysLowPowerExit   app_lowpower.o
    0x0000c638   0x00000032   Code   RO         1167    i.SysLowPowerInit   app_lowpower.o
    0x0000c66a   0x00000010   Code   RO            4    i.SysSoftware_Init  main.o
    0x0000c67a   0x00000002   PAD
    0x0000c67c   0x000000b0   Code   RO         1640    i.SysSpiExit        mw_spi.o
    0x0000c72c   0x00000104   Code   RO         1641    i.SysSpiInit        mw_spi.o
    0x0000c830   0x00000094   Code   RO          404    i.SysTick_Handler   interrupt.o
    0x0000c8c4   0x000000e0   Code   RO          598    i.SysUartExit       mw_uart.o
    0x0000c9a4   0x000000d4   Code   RO          599    i.SysUartInit       mw_uart.o
    0x0000ca78   0x0000001c   Code   RO         4008    i.SysWait1Us        sch_common.o
    0x0000ca94   0x00000018   Code   RO         4009    i.SysWaitMs         sch_common.o
    0x0000caac   0x00000014   Code   RO         4010    i.SysWaitUs         sch_common.o
    0x0000cac0   0x00000034   Code   RO         1168    i.SysWakeUpExit_FromACC  app_lowpower.o
    0x0000caf4   0x00000010   Code   RO         1169    i.SysWakeUpExit_FromKBI  app_lowpower.o
    0x0000cb04   0x00000002   Code   RO         1170    i.SysWakeUpExit_FromRTC  app_lowpower.o
    0x0000cb06   0x00000002   PAD
    0x0000cb08   0x0000003c   Code   RO         1171    i.SysWakeUpInit_FromACC  app_lowpower.o
    0x0000cb44   0x0000007c   Code   RO         1172    i.SysWakeUpInit_FromKBI  app_lowpower.o
    0x0000cbc0   0x00000002   Code   RO         1173    i.SysWakeUpInit_FromRTC  app_lowpower.o
    0x0000cbc2   0x00000002   PAD
    0x0000cbc4   0x00000070   Code   RO         4211    i.SystemInit        system_skeaz1284.o
    0x0000cc34   0x00000048   Code   RO          742    i.SystemPowerUp     app_power.o
    0x0000cc7c   0x000000e4   Code   RO         1174    i.TASK_AccOff_Pro   app_lowpower.o
    0x0000cd60   0x00000070   Code   RO         1246    i.TASK_Amp_Pro      app_amp.o
    0x0000cdd0   0x000000a4   Code   RO         1289    i.TASK_Bt_Pro       app_bt.o
    0x0000ce74   0x00000018   Code   RO         1368    i.TASK_Dsp_Pro      app_dsp_adau1452.o
    0x0000ce8c   0x00000002   Code   RO         1525    i.TASK_Eeprom_Pro   app_eprom.o
    0x0000ce8e   0x00000002   PAD
    0x0000ce90   0x00000040   Code   RO         2012    i.TASK_LED_pro      app_led.o
    0x0000ced0   0x00000284   Code   RO          743    i.TASK_Power_Pro    app_power.o
    0x0000d154   0x00000128   Code   RO          922    i.TASK_Voltage_Det  app_voltage.o
    0x0000d27c   0x00000024   Code   RO         1126    i.TDF8541Init       app_tdf8541.o
    0x0000d2a0   0x00000044   Code   RO         1127    i.TDF8541_AmpMute   app_tdf8541.o
    0x0000d2e4   0x0000001c   Code   RO          500    i.Task_100ms_Pro    task.o
    0x0000d300   0x00000008   Code   RO          501    i.Task_16ms_Pro     task.o
    0x0000d308   0x00000008   Code   RO          504    i.Task_4ms_Pro      task.o
    0x0000d310   0x00000020   Code   RO          505    i.Task_8ms_Pro      task.o
    0x0000d330   0x0000000a   Code   RO          405    i.UART0_IRQHandler  interrupt.o
    0x0000d33a   0x0000000a   Code   RO          406    i.UART1_IRQHandler  interrupt.o
    0x0000d344   0x0000000a   Code   RO          407    i.UART2_IRQHandler  interrupt.o
    0x0000d34e   0x00000018   Code   RO         2839    i.UART_CheckFlag    uart.o
    0x0000d366   0x00000070   Code   RO         2840    i.UART_DisableInterrupt  uart.o
    0x0000d3d6   0x00000070   Code   RO         2841    i.UART_EnableInterrupt  uart.o
    0x0000d446   0x00000012   Code   RO         2842    i.UART_GetChar      uart.o
    0x0000d458   0x00000010   Code   RO         2843    i.UART_GetFlags     uart.o
    0x0000d468   0x0000008c   Code   RO         2844    i.UART_Init         uart.o
    0x0000d4f4   0x00000054   Code   RO          600    i.UART_IntSerive    mw_uart.o
    0x0000d548   0x00000010   Code   RO         2845    i.UART_PutChar      uart.o
    0x0000d558   0x00000024   Code   RO          601    i.UartBufCnt        mw_uart.o
    0x0000d57c   0x00000028   Code   RO          602    i.UartBufInit       mw_uart.o
    0x0000d5a4   0x00000030   Code   RO          603    i.UartGetFromBuf    mw_uart.o
    0x0000d5d4   0x00000030   Code   RO          604    i.UartPutToBuf      mw_uart.o
    0x0000d604   0x0000000e   Code   RO          605    i.UartRxCnt         mw_uart.o
    0x0000d612   0x00000016   Code   RO          606    i.UartRxData        mw_uart.o
    0x0000d628   0x00000018   Code   RO          607    i.UartSendData8     mw_uart.o
    0x0000d640   0x0000000e   Code   RO          608    i.UartTxCnt         mw_uart.o
    0x0000d64e   0x00000048   Code   RO          609    i.UartTxData        mw_uart.o
    0x0000d696   0x00000002   PAD
    0x0000d698   0x00000018   Code   RO          611    i.UartTxIntDis      mw_uart.o
    0x0000d6b0   0x00000018   Code   RO          612    i.UartTxIntEn       mw_uart.o
    0x0000d6c8   0x00000012   Code   RO          613    i.Uart_Rx_DataPro   mw_uart.o
    0x0000d6da   0x0000003a   Code   RO          614    i.Uart_Tx_DataPro   mw_uart.o
    0x0000d714   0x0000002c   Code   RO         2492    i.Vol_Ctl           app_dsp_single_mute.o
    0x0000d740   0x00000024   Code   RO         2638    i.WDOG_Enable       wdog.o
    0x0000d764   0x0000001c   Code   RO         2640    i.WDOG_Feed         wdog.o
    0x0000d780   0x000000b4   Code   RO         2641    i.WDOG_Init         wdog.o
    0x0000d834   0x00000032   Code   RO         4416    i.__ARM_common_ll_muluu  m_ps.l(rred.o)
    0x0000d866   0x0000001c   Code   RO          791    i.__ARM_common_switch8  app_power.o
    0x0000d882   0x00000002   PAD
    0x0000d884   0x0000002c   Code   RO         4406    i.__ARM_fpclassify  m_ps.l(fpclassify.o)
    0x0000d8b0   0x0000039c   Code   RO         4411    i.__ieee754_rem_pio2  m_ps.l(rred.o)
    0x0000dc4c   0x000000f4   Code   RO         4389    i.__kernel_cos      m_ps.l(cos_i.o)
    0x0000dd40   0x000000ac   Code   RO         4408    i.__kernel_poly     m_ps.l(poly.o)
    0x0000ddec   0x000000ec   Code   RO         4418    i.__kernel_sin      m_ps.l(sin_i.o)
    0x0000ded8   0x00000014   Code   RO         4392    i.__mathlib_dbl_divzero  m_ps.l(dunder.o)
    0x0000deec   0x0000000a   Code   RO         4393    i.__mathlib_dbl_infnan  m_ps.l(dunder.o)
    0x0000def6   0x00000008   Code   RO         4394    i.__mathlib_dbl_infnan2  m_ps.l(dunder.o)
    0x0000defe   0x00000010   Code   RO         4395    i.__mathlib_dbl_invalid  m_ps.l(dunder.o)
    0x0000df0e   0x00000002   PAD
    0x0000df10   0x00000014   Code   RO         4396    i.__mathlib_dbl_overflow  m_ps.l(dunder.o)
    0x0000df24   0x00000014   Code   RO         4398    i.__mathlib_dbl_underflow  m_ps.l(dunder.o)
    0x0000df38   0x00000098   Code   RO         4331    i.cos               m_ps.l(cos.o)
    0x0000dfd0   0x00000480   Code   RO         1369    i.default_download_IC_1  app_dsp_adau1452.o
    0x0000e450   0x000000a8   Code   RO            5    i.main              main.o
    0x0000e4f8   0x000009fc   Code   RO         4339    i.pow               m_ps.l(pow.o)
    0x0000eef4   0x00000028   Code   RO         4011    i.sch_compare       sch_common.o
    0x0000ef1c   0x0000001c   Code   RO         4012    i.sch_memcpy        sch_common.o
    0x0000ef38   0x00000016   Code   RO         4013    i.sch_memset        sch_common.o
    0x0000ef4e   0x00000002   PAD
    0x0000ef50   0x0000009c   Code   RO         4349    i.sin               m_ps.l(sin.o)
    0x0000efec   0x00000048   Code   RO         4357    i.sqrt              m_ps.l(sqrt.o)
    0x0000f034   0x00000014   Code   RO         2564    i.stop              arm_cm0.o
    0x0000f048   0x00000084   Code   RO         3526    i.sysinit           sysinit.o
    0x0000f0cc   0x00000014   Code   RO         2597    i.systick_disable   systick.o
    0x0000f0e0   0x00000022   Code   RO         1022    i.u8_TO_u32         mw_flash.o
    0x0000f102   0x00000002   PAD
    0x0000f104   0x00000014   Code   RO         2565    i.wait              arm_cm0.o
    0x0000f118   0x0000000c   Code   RO         2566    i.write_vtor        arm_cm0.o
    0x0000f124   0x00000064   Code   RO         4318    x$fpl$deqf          fz_ps.l(deqf.o)
    0x0000f188   0x00000064   Code   RO         4324    x$fpl$dleqf         fz_ps.l(dlef.o)
    0x0000f1ec   0x00000068   Code   RO         4328    x$fpl$drleqf        fz_ps.l(drlef.o)
    0x0000f254   0x00000000   Code   RO         4388    x$fpl$usenofp       fz_ps.l(usenofp.o)
    0x0000f254   0x00000020   Data   RO          616    .constdata          mw_uart.o
    0x0000f274   0x00000010   Data   RO          924    .constdata          app_voltage.o
    0x0000f284   0x00000014   Data   RO         1248    .constdata          app_amp.o
    0x0000f298   0x00000006   Data   RO         1291    .constdata          app_bt.o
    0x0000f29e   0x00000002   PAD
    0x0000f2a0   0x0000d596   Data   RO         1371    .constdata          app_dsp_adau1452.o
    0x0001c836   0x00000002   PAD
    0x0001c838   0x00000010   Data   RO         1642    .constdata          mw_spi.o
    0x0001c848   0x000000d0   Data   RO         2281    .constdata          app_dsp_readback.o
    0x0001c918   0x000000a0   Data   RO         2316    .constdata          app_dsp_eq.o
    0x0001c9b8   0x00000080   Data   RO         2379    .constdata          app_dsp_filter.o
    0x0001ca38   0x00000026   Data   RO         2450    .constdata          app_dsp_mix.o
    0x0001ca5e   0x00000076   Data   RO         2493    .constdata          app_dsp_single_mute.o
    0x0001cad4   0x00000100   Data   RO         3885    .constdata          kbi.o
    0x0001cbd4   0x00000080   Data   RO         4316    .constdata          fz_ps.l(ddiv.o)
    0x0001cc54   0x00000004   PAD
    0x0001cc58   0x00000088   Data   RO         4340    .constdata          m_ps.l(pow.o)
    0x0001cce0   0x00000030   Data   RO         4390    .constdata          m_ps.l(cos_i.o)
    0x0001cd10   0x00000008   Data   RO         4410    .constdata          m_ps.l(qnan.o)
    0x0001cd18   0x000000c8   Data   RO         4413    .constdata          m_ps.l(rred.o)
    0x0001cde0   0x00000028   Data   RO         4419    .constdata          m_ps.l(sin_i.o)
    0x0001ce08   0x00000020   Data   RO         4767    Region$$Table       anon$$obj.o


    Execution Region RW_IRAM1 (Base: 0x1ffff000, Size: 0x00001e38, Max: 0x00004000, ABSOLUTE, COMPRESSED[0x0000005c])

    Base Addr    Size         Type   Attr      Idx    E Section Name        Object

    0x1ffff000   0x00000070   Data   RW          617    .data               mw_uart.o
    0x1ffff070   0x0000000a   Data   RW          744    .data               app_power.o
    0x1ffff07a   0x00000002   PAD
    0x1ffff07c   0x00000019   Data   RW          812    .data               mw_gpio.o
    0x1ffff095   0x00000001   PAD
    0x1ffff096   0x00000006   Data   RW          925    .data               app_voltage.o
    0x1ffff09c   0x00000006   Data   RW         1128    .data               app_tdf8541.o
    0x1ffff0a2   0x00000002   Data   RW         1292    .data               app_bt.o
    0x1ffff0a4   0x00000001   Data   RW         1372    .data               app_dsp_adau1452.o
    0x1ffff0a5   0x00000007   Data   RW         1526    .data               app_eprom.o
    0x1ffff0ac   0x0000000c   Data   RW         1643    .data               mw_spi.o
    0x1ffff0b8   0x00000005   Data   RW         1962    .data               app_start.o
    0x1ffff0bd   0x00000007   Data   RW         2051    .data               app_at.o
    0x1ffff0c4   0x00000006   Data   RW         2082    .data               app_connect.o
    0x1ffff0ca   0x00000006   Data   RW         2227    .data               app_dspdata_access.o
    0x1ffff0d0   0x0000001a   Data   RW         2282    .data               app_dsp_readback.o
    0x1ffff0ea   0x00000003   Data   RW         2317    .data               app_dsp_eq.o
    0x1ffff0ed   0x00000002   Data   RW         2494    .data               app_dsp_single_mute.o
    0x1ffff0ef   0x00000001   PAD
    0x1ffff0f0   0x00000004   Data   RW         3528    .data               sysinit.o
    0x1ffff0f4   0x00000040   Data   RW         4144    .data               sch_message.o
    0x1ffff134   0x0000000c   Zero   RW          473    .bss                system.o
    0x1ffff140   0x00000600   Zero   RW          615    .bss                mw_uart.o
    0x1ffff740   0x00000010   Zero   RW         1247    .bss                app_amp.o
    0x1ffff750   0x000001b3   Zero   RW         1290    .bss                app_bt.o
    0x1ffff903   0x00000001   PAD
    0x1ffff904   0x00000e08   Zero   RW         1370    .bss                app_dsp_adau1452.o
    0x2000070c   0x0000004b   Zero   RW         2050    .bss                app_at.o
    0x20000757   0x00000001   PAD
    0x20000758   0x00000040   Zero   RW         2280    .bss                app_dsp_readback.o
    0x20000798   0x00000140   Zero   RW         4143    .bss                sch_message.o
    0x200008d8   0x00000060   Zero   RW         4472    .bss                c_p.l(libspace.o)
    0x20000938   0x00000000   Zero   RW         4199    HEAP                startup_skeaz1284.o
    0x20000938   0x00000500   Zero   RW         4198    STACK               startup_skeaz1284.o


==============================================================================

Image component sizes


      Code (inc. data)   RO Data    RW Data    ZI Data      Debug   Object Name

       584         18          0          0          0      14879   adc.o
        20          0          0          0          0        433   app_ad1938.o
       276         32         20          0         16       2879   app_amp.o
       844        234          0          7         75       2502   app_at.o
      5970        336          6          2        435      10653   app_bt.o
      1192         92          0          6          0       4587   app_connect.o
       176          0          0          0          0        628   app_debug.o
      2768        444      54678          1       3592      21447   app_dsp_adau1452.o
       420          4          0          0          0       4138   app_dsp_driver.o
      2100        128        160          3          0       5533   app_dsp_eq.o
      3860        114        128          0          0       7572   app_dsp_filter.o
       360         42         38          0          0       2581   app_dsp_mix.o
       680         66        208         26         64       2240   app_dsp_readback.o
       796         90        118          2          0       6557   app_dsp_single_mute.o
      1208         94          0          6          0       4717   app_dspdata_access.o
      1346         80          0          7          0      10061   app_eprom.o
       132         14          0          0          0       1837   app_led.o
       602         50          0          0          0      10628   app_lowpower.o
       138          6          0          0          0       1974   app_mute.o
      1096         60          0         10          0       4831   app_power.o
       524         32          0          5          0       2999   app_start.o
       128         28          0          6          0       1884   app_tdf8541.o
        70          4          0          0          0       1265   app_updata.o
       316         12         16          6          0       2274   app_voltage.o
        52         14          0          0          0       1203   arm_cm0.o
       424         32          0          0          0      11363   bsp.o
       708         52          0          0          0       3450   flash.o
      1324         34          0          0          0       3299   gpio.o
       692         40          0          0          0       5276   ics.o
       284         20          0          0          0       5375   interrupt.o
       548         48        256          0          0       2572   kbi.o
       220         62          0          0          0     114562   main.o
        76         14          0          0          0       1684   mw_adc.o
       444          6          0          0          0       6173   mw_flash.o
       732         66          0         25          0       7899   mw_gpio.o
       566         14          0          0          0       3479   mw_i2c.o
       568         44         16         12          0      10542   mw_spi.o
      1122        104         32        112       1536      21383   mw_uart.o
        70          0          0          0          0        882   pmc.o
       274          0          0          0          0       5949   sch_common.o
       120         16          0         64        320       2706   sch_message.o
       220          0          0          0          0       2628   sch_queue.o
       204          4          0          0          0        979   sim.o
       638         16          0          0          0       6730   spi.o
        80         44        192          0       1280        904   startup_skeaz1284.o
       132         14          0          4          0        824   sysinit.o
        64          4          0          0         12       5640   system.o
       112         22          0          0          0        481   system_skeaz1284.o
        20          6          0          0          0        406   systick.o
       204          8          0          0          0       2186   task.o
       438         12          0          0          0       6498   uart.o
       244         36          0          0          0       1518   wdog.o

    ----------------------------------------------------------------------
     36234       2712      55904        308       7332     365690   Object Totals
         0          0         32          0          0          0   (incl. Generated)
        48          0          4          4          2          0   (incl. Padding)

    ----------------------------------------------------------------------

      Code (inc. data)   RO Data    RW Data    ZI Data      Debug   Library Member Name

        86          0          0          0          0          0   __dczerorl2.o
         8          0          0          0          0         68   __main.o
         0          0          0          0          0          0   __rtentry.o
        12          0          0          0          0          0   __rtentry2.o
         6          0          0          0          0          0   __rtentry4.o
        60          8          0          0          0          0   __scatter.o
        28          0          0          0          0          0   __scatter_zi.o
        22          0          0          0          0         92   _rserrno.o
       346          0          0          0          0         92   aeabi_sdiv.o
        16          0          0          0          0         68   exit.o
         6          0          0          0          0        136   heapauxi.o
         0          0          0          0          0          0   indicate_semi.o
         2          0          0          0          0          0   libinit.o
         2          0          0          0          0          0   libinit2.o
         2          0          0          0          0          0   libshutdown.o
         2          0          0          0          0          0   libshutdown2.o
         8          4          0          0         96         68   libspace.o
         8          4          0          0          0         68   rt_errno_addr_intlibspace.o
        64          0          0          0          0        108   rt_memclr.o
        56          0          0          0          0         68   rt_memcpy.o
         2          0          0          0          0          0   rtexit.o
        10          0          0          0          0          0   rtexit2.o
        12          4          0          0          0         60   sys_exit.o
        62          0          0          0          0         80   sys_stackheap_outer.o
         2          0          0          0          0         68   use_no_semi.o
        46          0          0          0          0         60   cmpret.o
       856         20          0          0          0        208   daddsub.o
       144          4          0          0          0         76   dcmpin.o
      1096         26        128          0          0        112   ddiv.o
       100          4          0          0          0         92   deqf.o
       108         10          0          0          0         72   dfixi.o
        88          0          0          0          0         92   dflti.o
       100          4          0          0          0         92   dlef.o
       584         26          0          0          0         84   dmul.o
        20          6          0          0          0         68   dnan2.o
       104          4          0          0          0        104   drlef.o
        96         12          0          0          0         72   dscalbn.o
       256          8          0          0          0         76   dsqrt.o
        94          0          0          0          0         68   retnan.o
         0          0          0          0          0          0   usenofp.o
       152         10          0          0          0        104   cos.o
       244         20         48          0          0         92   cos_i.o
        94         14          0          0          0        408   dunder.o
        44          4          0          0          0         60   fpclassify.o
       172          0          0          0          0         76   poly.o
      2556        196        136          0          0        240   pow.o
         0          0          8          0          0          0   qnan.o
       974         86        200          0          0        200   rred.o
       156         10          0          0          0        104   sin.o
       236         14         40          0          0        100   sin_i.o
        72          6          0          0          0         76   sqrt.o

    ----------------------------------------------------------------------
      9226        504        564          0         96       3712   Library Totals
        12          0          4          0          0          0   (incl. Padding)

    ----------------------------------------------------------------------

      Code (inc. data)   RO Data    RW Data    ZI Data      Debug   Library Name

       822         20          0          0         96        976   c_p.l
      3692        124        128          0          0       1276   fz_ps.l
      4700        360        432          0          0       1460   m_ps.l

    ----------------------------------------------------------------------
      9226        504        564          0         96       3712   Library Totals

    ----------------------------------------------------------------------

==============================================================================


      Code (inc. data)   RO Data    RW Data    ZI Data      Debug   

     45460       3216      56468        308       7428     355054   Grand Totals
     45460       3216      56468         92       7428     355054   ELF Image Totals (compressed)
     45460       3216      56468         92          0          0   ROM Totals

==============================================================================

    Total RO  Size (Code + RO Data)               101928 (  99.54kB)
    Total RW  Size (RW Data + ZI Data)              7736 (   7.55kB)
    Total ROM Size (Code + RO Data + RW Data)     102020 (  99.63kB)

==============================================================================

